stm32f0xx_hal.c:141:19:HAL_Init	8	static
stm32f0xx_hal.c:165:19:HAL_DeInit	8	static
stm32f0xx_hal.c:188:13:HAL_MspInit	8	static
stm32f0xx_hal.c:199:13:HAL_MspDeInit	8	static
stm32f0xx_hal.c:222:26:HAL_InitTick	24	static
stm32f0xx_hal.c:281:13:HAL_IncTick	8	static
stm32f0xx_hal.c:292:17:HAL_GetTick	8	static
stm32f0xx_hal.c:301:10:HAL_GetTickPrio	8	static
stm32f0xx_hal.c:310:19:HAL_SetTickFreq	40	static
stm32f0xx_hal.c:342:21:HAL_GetTickFreq	8	static
stm32f0xx_hal.c:358:13:HAL_Delay	24	static
stm32f0xx_hal.c:384:13:HAL_SuspendTick	8	static
stm32f0xx_hal.c:401:13:HAL_ResumeTick	8	static
stm32f0xx_hal.c:411:10:HAL_GetHalVersion	8	static
stm32f0xx_hal.c:420:10:HAL_GetREVID	8	static
stm32f0xx_hal.c:429:10:HAL_GetDEVID	8	static
stm32f0xx_hal.c:438:10:HAL_GetUIDw0	8	static
stm32f0xx_hal.c:447:10:HAL_GetUIDw1	8	static
stm32f0xx_hal.c:456:10:HAL_GetUIDw2	8	static
stm32f0xx_hal.c:465:6:HAL_DBGMCU_EnableDBGStopMode	8	static
stm32f0xx_hal.c:474:6:HAL_DBGMCU_DisableDBGStopMode	8	static
stm32f0xx_hal.c:483:6:HAL_DBGMCU_EnableDBGStandbyMode	8	static
stm32f0xx_hal.c:492:6:HAL_DBGMCU_DisableDBGStandbyMode	8	static
