stm32f0xx_hal_i2c.c:476:19:HAL_I2C_Init	16	static
stm32f0xx_hal_i2c.c:585:19:HAL_I2C_DeInit	16	static
stm32f0xx_hal_i2c.c:631:13:HAL_I2C_MspInit	16	static
stm32f0xx_hal_i2c.c:647:13:HAL_I2C_MspDeInit	16	static
stm32f0xx_hal_i2c.c:1068:19:HAL_I2C_Master_Transmit	48	static
stm32f0xx_hal_i2c.c:1183:19:HAL_I2C_Master_Receive	48	static
stm32f0xx_hal_i2c.c:1297:19:HAL_I2C_Slave_Transmit	40	static
stm32f0xx_hal_i2c.c:1434:19:HAL_I2C_Slave_Receive	40	static
stm32f0xx_hal_i2c.c:1560:19:HAL_I2C_Master_Transmit_IT	48	static
stm32f0xx_hal_i2c.c:1630:19:HAL_I2C_Master_Receive_IT	48	static
stm32f0xx_hal_i2c.c:1697:19:HAL_I2C_Slave_Transmit_IT	24	static
stm32f0xx_hal_i2c.c:1746:19:HAL_I2C_Slave_Receive_IT	24	static
stm32f0xx_hal_i2c.c:1797:19:HAL_I2C_Master_Transmit_DMA	48	static
stm32f0xx_hal_i2c.c:1941:19:HAL_I2C_Master_Receive_DMA	48	static
stm32f0xx_hal_i2c.c:2083:19:HAL_I2C_Slave_Transmit_DMA	40	static
stm32f0xx_hal_i2c.c:2186:19:HAL_I2C_Slave_Receive_DMA	40	static
stm32f0xx_hal_i2c.c:2293:19:HAL_I2C_Mem_Write	48	static
stm32f0xx_hal_i2c.c:2428:19:HAL_I2C_Mem_Read	48	static
stm32f0xx_hal_i2c.c:2561:19:HAL_I2C_Mem_Write_IT	48	static
stm32f0xx_hal_i2c.c:2653:19:HAL_I2C_Mem_Read_IT	48	static
stm32f0xx_hal_i2c.c:2744:19:HAL_I2C_Mem_Write_DMA	56	static
stm32f0xx_hal_i2c.c:2889:19:HAL_I2C_Mem_Read_DMA	56	static
stm32f0xx_hal_i2c.c:3031:19:HAL_I2C_IsDeviceReady	48	static
stm32f0xx_hal_i2c.c:3172:19:HAL_I2C_Master_Seq_Transmit_IT	48	static
stm32f0xx_hal_i2c.c:3257:19:HAL_I2C_Master_Seq_Transmit_DMA	56	static
stm32f0xx_hal_i2c.c:3420:19:HAL_I2C_Master_Seq_Receive_IT	48	static
stm32f0xx_hal_i2c.c:3505:19:HAL_I2C_Master_Seq_Receive_DMA	56	static
stm32f0xx_hal_i2c.c:3666:19:HAL_I2C_Slave_Seq_Transmit_IT	24	static
stm32f0xx_hal_i2c.c:3762:19:HAL_I2C_Slave_Seq_Transmit_DMA	40	static
stm32f0xx_hal_i2c.c:3942:19:HAL_I2C_Slave_Seq_Receive_IT	24	static
stm32f0xx_hal_i2c.c:4038:19:HAL_I2C_Slave_Seq_Receive_DMA	40	static
stm32f0xx_hal_i2c.c:4214:19:HAL_I2C_EnableListen_IT	16	static
stm32f0xx_hal_i2c.c:4238:19:HAL_I2C_DisableListen_IT	24	static
stm32f0xx_hal_i2c.c:4271:19:HAL_I2C_Master_Abort_IT	24	static
stm32f0xx_hal_i2c.c:4333:6:HAL_I2C_EV_IRQHandler	24	static
stm32f0xx_hal_i2c.c:4352:6:HAL_I2C_ER_IRQHandler	32	static
stm32f0xx_hal_i2c.c:4401:13:HAL_I2C_MasterTxCpltCallback	16	static
stm32f0xx_hal_i2c.c:4417:13:HAL_I2C_MasterRxCpltCallback	16	static
stm32f0xx_hal_i2c.c:4432:13:HAL_I2C_SlaveTxCpltCallback	16	static
stm32f0xx_hal_i2c.c:4448:13:HAL_I2C_SlaveRxCpltCallback	16	static
stm32f0xx_hal_i2c.c:4466:13:HAL_I2C_AddrCallback	16	static
stm32f0xx_hal_i2c.c:4484:13:HAL_I2C_ListenCpltCallback	16	static
stm32f0xx_hal_i2c.c:4500:13:HAL_I2C_MemTxCpltCallback	16	static
stm32f0xx_hal_i2c.c:4516:13:HAL_I2C_MemRxCpltCallback	16	static
stm32f0xx_hal_i2c.c:4532:13:HAL_I2C_ErrorCallback	16	static
stm32f0xx_hal_i2c.c:4548:13:HAL_I2C_AbortCpltCallback	16	static
stm32f0xx_hal_i2c.c:4583:22:HAL_I2C_GetState	16	static
stm32f0xx_hal_i2c.c:4595:21:HAL_I2C_GetMode	16	static
stm32f0xx_hal_i2c.c:4606:10:HAL_I2C_GetError	16	static
stm32f0xx_hal_i2c.c:4631:26:I2C_Master_ISR_IT	48	static
stm32f0xx_hal_i2c.c:4768:26:I2C_Slave_ISR_IT	32	static
stm32f0xx_hal_i2c.c:4903:26:I2C_Master_ISR_DMA	48	static
stm32f0xx_hal_i2c.c:5038:26:I2C_Slave_ISR_DMA	40	static
stm32f0xx_hal_i2c.c:5178:26:I2C_RequestMemoryWrite	40	static
stm32f0xx_hal_i2c.c:5232:26:I2C_RequestMemoryRead	40	static
stm32f0xx_hal_i2c.c:5280:13:I2C_ITAddrCplt	32	static
stm32f0xx_hal_i2c.c:5375:13:I2C_ITMasterSeqCplt	16	static
stm32f0xx_hal_i2c.c:5428:13:I2C_ITSlaveSeqCplt	24	static
stm32f0xx_hal_i2c.c:5502:13:I2C_ITMasterCplt	32	static
stm32f0xx_hal_i2c.c:5645:13:I2C_ITSlaveCplt	32	static
stm32f0xx_hal_i2c.c:5804:13:I2C_ITListenCplt	16	static
stm32f0xx_hal_i2c.c:5855:13:I2C_ITError	24	static
stm32f0xx_hal_i2c.c:5967:13:I2C_TreatErrorCallback	16	static
stm32f0xx_hal_i2c.c:6005:13:I2C_Flush_TXDR	16	static
stm32f0xx_hal_i2c.c:6026:13:I2C_DMAMasterTransmitCplt	24	static
stm32f0xx_hal_i2c.c:6074:13:I2C_DMASlaveTransmitCplt	24	static
stm32f0xx_hal_i2c.c:6101:13:I2C_DMAMasterReceiveCplt	24	static
stm32f0xx_hal_i2c.c:6149:13:I2C_DMASlaveReceiveCplt	24	static
stm32f0xx_hal_i2c.c:6176:13:I2C_DMAError	24	static
stm32f0xx_hal_i2c.c:6193:13:I2C_DMAAbort	24	static
stm32f0xx_hal_i2c.c:6220:26:I2C_WaitOnFlagUntilTimeout	24	static
stm32f0xx_hal_i2c.c:6251:26:I2C_WaitOnTXISFlagUntilTimeout	24	static
stm32f0xx_hal_i2c.c:6288:26:I2C_WaitOnSTOPFlagUntilTimeout	24	static
stm32f0xx_hal_i2c.c:6322:26:I2C_WaitOnRXNEFlagUntilTimeout	24	static
stm32f0xx_hal_i2c.c:6385:26:I2C_IsAcknowledgeFailed	24	static
stm32f0xx_hal_i2c.c:6453:13:I2C_TransferConfig	32	static
stm32f0xx_hal_i2c.c:6476:13:I2C_Enable_IRQ	24	static
stm32f0xx_hal_i2c.c:6547:13:I2C_Disable_IRQ	24	static
stm32f0xx_hal_i2c.c:6610:13:I2C_ConvertOtherXferOptions	16	static
