stm32f0xx_hal_tim_ex.c:136:19:HAL_TIMEx_HallSensor_Init	48	static
stm32f0xx_hal_tim_ex.c:237:19:HAL_TIMEx_HallSensor_DeInit	16	static
stm32f0xx_hal_tim_ex.c:282:13:HAL_TIMEx_HallSensor_MspInit	16	static
stm32f0xx_hal_tim_ex.c:297:13:HAL_TIMEx_HallSensor_MspDeInit	16	static
stm32f0xx_hal_tim_ex.c:312:19:HAL_TIMEx_HallSensor_Start	40	static
stm32f0xx_hal_tim_ex.c:365:19:HAL_TIMEx_HallSensor_Stop	16	static
stm32f0xx_hal_tim_ex.c:392:19:HAL_TIMEx_HallSensor_Start_IT	40	static
stm32f0xx_hal_tim_ex.c:448:19:HAL_TIMEx_HallSensor_Stop_IT	16	static
stm32f0xx_hal_tim_ex.c:480:19:HAL_TIMEx_HallSensor_Start_DMA	40	static
stm32f0xx_hal_tim_ex.c:555:19:HAL_TIMEx_HallSensor_Stop_DMA	16	static
stm32f0xx_hal_tim_ex.c:616:19:HAL_TIMEx_OCN_Start	24	static
stm32f0xx_hal_tim_ex.c:667:19:HAL_TIMEx_OCN_Stop	16	static
stm32f0xx_hal_tim_ex.c:699:19:HAL_TIMEx_OCN_Start_IT	24	static
stm32f0xx_hal_tim_ex.c:781:19:HAL_TIMEx_OCN_Stop_IT	24	static
stm32f0xx_hal_tim_ex.c:850:19:HAL_TIMEx_OCN_Start_DMA	32	static
stm32f0xx_hal_tim_ex.c:979:19:HAL_TIMEx_OCN_Stop_DMA	16	static
stm32f0xx_hal_tim_ex.c:1074:19:HAL_TIMEx_PWMN_Start	24	static
stm32f0xx_hal_tim_ex.c:1124:19:HAL_TIMEx_PWMN_Stop	16	static
stm32f0xx_hal_tim_ex.c:1156:19:HAL_TIMEx_PWMN_Start_IT	24	static
stm32f0xx_hal_tim_ex.c:1237:19:HAL_TIMEx_PWMN_Stop_IT	24	static
stm32f0xx_hal_tim_ex.c:1307:19:HAL_TIMEx_PWMN_Start_DMA	32	static
stm32f0xx_hal_tim_ex.c:1436:19:HAL_TIMEx_PWMN_Stop_DMA	16	static
stm32f0xx_hal_tim_ex.c:1519:19:HAL_TIMEx_OnePulseN_Start	24	static
stm32f0xx_hal_tim_ex.c:1560:19:HAL_TIMEx_OnePulseN_Stop	24	static
stm32f0xx_hal_tim_ex.c:1595:19:HAL_TIMEx_OnePulseN_Start_IT	24	static
stm32f0xx_hal_tim_ex.c:1642:19:HAL_TIMEx_OnePulseN_Stop_IT	24	static
stm32f0xx_hal_tim_ex.c:1719:19:HAL_TIMEx_ConfigCommutEvent	24	static
stm32f0xx_hal_tim_ex.c:1775:19:HAL_TIMEx_ConfigCommutEvent_IT	24	static
stm32f0xx_hal_tim_ex.c:1832:19:HAL_TIMEx_ConfigCommutEvent_DMA	24	static
stm32f0xx_hal_tim_ex.c:1881:19:HAL_TIMEx_MasterConfigSynchronization	24	static
stm32f0xx_hal_tim_ex.c:1942:19:HAL_TIMEx_ConfigBreakDeadTime	24	static
stm32f0xx_hal_tim_ex.c:1994:19:HAL_TIMEx_RemapConfig	16	static
stm32f0xx_hal_tim_ex.c:2034:13:HAL_TIMEx_CommutCallback	16	static
stm32f0xx_hal_tim_ex.c:2048:13:HAL_TIMEx_CommutHalfCpltCallback	16	static
stm32f0xx_hal_tim_ex.c:2063:13:HAL_TIMEx_BreakCallback	16	static
stm32f0xx_hal_tim_ex.c:2096:22:HAL_TIMEx_HallSensor_GetState	16	static
stm32f0xx_hal_tim_ex.c:2111:29:HAL_TIMEx_GetChannelNState	24	static
stm32f0xx_hal_tim_ex.c:2140:6:TIMEx_DMACommutationCplt	24	static
stm32f0xx_hal_tim_ex.c:2159:6:TIMEx_DMACommutationHalfCplt	24	static
stm32f0xx_hal_tim_ex.c:2179:13:TIM_DMADelayPulseNCplt	24	static
stm32f0xx_hal_tim_ex.c:2238:13:TIM_DMAErrorCCxN	24	static
stm32f0xx_hal_tim_ex.c:2283:13:TIM_CCxNChannelCmd	32	static
