stm32f0xx_hal_rtc.c:188:19:HAL_RTC_Init	16	static
stm32f0xx_hal_rtc.c:309:19:HAL_RTC_DeInit	24	static
stm32f0xx_hal_rtc.c:637:13:HAL_RTC_MspInit	16	static
stm32f0xx_hal_rtc.c:652:13:HAL_RTC_MspDeInit	16	static
stm32f0xx_hal_rtc.c:692:19:HAL_RTC_SetTime	40	static
stm32f0xx_hal_rtc.c:824:19:HAL_RTC_GetTime	32	static
stm32f0xx_hal_rtc.c:868:19:HAL_RTC_SetDate	40	static
stm32f0xx_hal_rtc.c:977:19:HAL_RTC_GetDate	32	static
stm32f0xx_hal_rtc.c:1011:6:HAL_RTC_DST_Add1Hour	16	static
stm32f0xx_hal_rtc.c:1026:6:HAL_RTC_DST_Sub1Hour	16	static
stm32f0xx_hal_rtc.c:1041:6:HAL_RTC_DST_SetStoreOperation	16	static
stm32f0xx_hal_rtc.c:1055:6:HAL_RTC_DST_ClearStoreOperation	16	static
stm32f0xx_hal_rtc.c:1068:10:HAL_RTC_DST_ReadStoreOperation	16	static
stm32f0xx_hal_rtc.c:1101:19:HAL_RTC_SetAlarm	48	static
stm32f0xx_hal_rtc.c:1246:19:HAL_RTC_SetAlarm_IT	48	static
stm32f0xx_hal_rtc.c:1390:19:HAL_RTC_DeactivateAlarm	24	static
stm32f0xx_hal_rtc.c:1452:19:HAL_RTC_GetAlarm	32	static
stm32f0xx_hal_rtc.c:1491:6:HAL_RTC_AlarmIRQHandler	16	static
stm32f0xx_hal_rtc.c:1523:13:HAL_RTC_AlarmAEventCallback	16	static
stm32f0xx_hal_rtc.c:1539:19:HAL_RTC_PollForAlarmAEvent	24	static
stm32f0xx_hal_rtc.c:1598:19:HAL_RTC_WaitForSynchro	24	static
stm32f0xx_hal_rtc.c:1642:21:HAL_RTC_GetState	16	static
stm32f0xx_hal_rtc.c:1666:19:RTC_EnterInitMode	24	static
stm32f0xx_hal_rtc.c:1697:9:RTC_ByteToBcd2	24	static
stm32f0xx_hal_rtc.c:1715:9:RTC_Bcd2ToByte	24	static
