stm32f0xx_hal_tim.c:266:19:HAL_TIM_Base_Init	16	static
stm32f0xx_hal_tim.c:325:19:HAL_TIM_Base_DeInit	16	static
stm32f0xx_hal_tim.c:368:13:HAL_TIM_Base_MspInit	16	static
stm32f0xx_hal_tim.c:383:13:HAL_TIM_Base_MspDeInit	16	static
stm32f0xx_hal_tim.c:399:19:HAL_TIM_Base_Start	24	static
stm32f0xx_hal_tim.c:438:19:HAL_TIM_Base_Stop	16	static
stm32f0xx_hal_tim.c:458:19:HAL_TIM_Base_Start_IT	24	static
stm32f0xx_hal_tim.c:500:19:HAL_TIM_Base_Stop_IT	16	static
stm32f0xx_hal_tim.c:525:19:HAL_TIM_Base_Start_DMA	32	static
stm32f0xx_hal_tim.c:593:19:HAL_TIM_Base_Stop_DMA	16	static
stm32f0xx_hal_tim.c:648:19:HAL_TIM_OC_Init	16	static
stm32f0xx_hal_tim.c:707:19:HAL_TIM_OC_DeInit	16	static
stm32f0xx_hal_tim.c:750:13:HAL_TIM_OC_MspInit	16	static
stm32f0xx_hal_tim.c:765:13:HAL_TIM_OC_MspDeInit	16	static
stm32f0xx_hal_tim.c:786:19:HAL_TIM_OC_Start	24	static
stm32f0xx_hal_tim.c:840:19:HAL_TIM_OC_Stop	16	static
stm32f0xx_hal_tim.c:875:19:HAL_TIM_OC_Start_IT	24	static
stm32f0xx_hal_tim.c:963:19:HAL_TIM_OC_Stop_IT	16	static
stm32f0xx_hal_tim.c:1034:19:HAL_TIM_OC_Start_DMA	32	static
stm32f0xx_hal_tim.c:1188:19:HAL_TIM_OC_Stop_DMA	16	static
stm32f0xx_hal_tim.c:1285:19:HAL_TIM_PWM_Init	16	static
stm32f0xx_hal_tim.c:1344:19:HAL_TIM_PWM_DeInit	16	static
stm32f0xx_hal_tim.c:1387:13:HAL_TIM_PWM_MspInit	16	static
stm32f0xx_hal_tim.c:1402:13:HAL_TIM_PWM_MspDeInit	16	static
stm32f0xx_hal_tim.c:1423:19:HAL_TIM_PWM_Start	24	static
stm32f0xx_hal_tim.c:1477:19:HAL_TIM_PWM_Stop	16	static
stm32f0xx_hal_tim.c:1512:19:HAL_TIM_PWM_Start_IT	24	static
stm32f0xx_hal_tim.c:1599:19:HAL_TIM_PWM_Stop_IT	16	static
stm32f0xx_hal_tim.c:1670:19:HAL_TIM_PWM_Start_DMA	32	static
stm32f0xx_hal_tim.c:1823:19:HAL_TIM_PWM_Stop_DMA	16	static
stm32f0xx_hal_tim.c:1920:19:HAL_TIM_IC_Init	16	static
stm32f0xx_hal_tim.c:1979:19:HAL_TIM_IC_DeInit	16	static
stm32f0xx_hal_tim.c:2022:13:HAL_TIM_IC_MspInit	16	static
stm32f0xx_hal_tim.c:2037:13:HAL_TIM_IC_MspDeInit	16	static
stm32f0xx_hal_tim.c:2058:19:HAL_TIM_IC_Start	24	static
stm32f0xx_hal_tim.c:2110:19:HAL_TIM_IC_Stop	16	static
stm32f0xx_hal_tim.c:2140:19:HAL_TIM_IC_Start_IT	24	static
stm32f0xx_hal_tim.c:2225:19:HAL_TIM_IC_Stop_IT	16	static
stm32f0xx_hal_tim.c:2291:19:HAL_TIM_IC_Start_DMA	32	static
stm32f0xx_hal_tim.c:2443:19:HAL_TIM_IC_Stop_DMA	16	static
stm32f0xx_hal_tim.c:2542:19:HAL_TIM_OnePulse_Init	16	static
stm32f0xx_hal_tim.c:2610:19:HAL_TIM_OnePulse_DeInit	16	static
stm32f0xx_hal_tim.c:2655:13:HAL_TIM_OnePulse_MspInit	16	static
stm32f0xx_hal_tim.c:2670:13:HAL_TIM_OnePulse_MspDeInit	16	static
stm32f0xx_hal_tim.c:2689:19:HAL_TIM_OnePulse_Start	40	static
stm32f0xx_hal_tim.c:2745:19:HAL_TIM_OnePulse_Stop	16	static
stm32f0xx_hal_tim.c:2787:19:HAL_TIM_OnePulse_Start_IT	40	static
stm32f0xx_hal_tim.c:2849:19:HAL_TIM_OnePulse_Stop_IT	16	static
stm32f0xx_hal_tim.c:2928:19:HAL_TIM_Encoder_Init	32	static
stm32f0xx_hal_tim.c:3042:19:HAL_TIM_Encoder_DeInit	16	static
stm32f0xx_hal_tim.c:3087:13:HAL_TIM_Encoder_MspInit	16	static
stm32f0xx_hal_tim.c:3102:13:HAL_TIM_Encoder_MspDeInit	16	static
stm32f0xx_hal_tim.c:3122:19:HAL_TIM_Encoder_Start	32	static
stm32f0xx_hal_tim.c:3216:19:HAL_TIM_Encoder_Stop	16	static
stm32f0xx_hal_tim.c:3276:19:HAL_TIM_Encoder_Start_IT	32	static
stm32f0xx_hal_tim.c:3376:19:HAL_TIM_Encoder_Stop_IT	16	static
stm32f0xx_hal_tim.c:3441:19:HAL_TIM_Encoder_Start_DMA	40	static
stm32f0xx_hal_tim.c:3649:19:HAL_TIM_Encoder_Stop_DMA	16	static
stm32f0xx_hal_tim.c:3726:6:HAL_TIM_IRQHandler	16	static
stm32f0xx_hal_tim.c:3941:19:HAL_TIM_OC_ConfigChannel	24	static
stm32f0xx_hal_tim.c:4017:19:HAL_TIM_IC_ConfigChannel	24	static
stm32f0xx_hal_tim.c:4110:19:HAL_TIM_PWM_ConfigChannel	24	static
stm32f0xx_hal_tim.c:4221:19:HAL_TIM_OnePulse_ConfigChannel	56	static
stm32f0xx_hal_tim.c:4360:19:HAL_TIM_DMABurst_WriteStart	40	static
stm32f0xx_hal_tim.c:4406:19:HAL_TIM_DMABurst_MultiWriteStart	24	static
stm32f0xx_hal_tim.c:4583:19:HAL_TIM_DMABurst_WriteStop	16	static
stm32f0xx_hal_tim.c:4678:19:HAL_TIM_DMABurst_ReadStart	40	static
stm32f0xx_hal_tim.c:4724:19:HAL_TIM_DMABurst_MultiReadStart	24	static
stm32f0xx_hal_tim.c:4902:19:HAL_TIM_DMABurst_ReadStop	16	static
stm32f0xx_hal_tim.c:4979:19:HAL_TIM_GenerateEvent	16	static
stm32f0xx_hal_tim.c:5016:19:HAL_TIM_ConfigOCrefClear	24	static
stm32f0xx_hal_tim.c:5149:19:HAL_TIM_ConfigClockSource	24	static
stm32f0xx_hal_tim.c:5301:19:HAL_TIM_ConfigTI1Input	24	static
stm32f0xx_hal_tim.c:5333:19:HAL_TIM_SlaveConfigSynchro	16	static
stm32f0xx_hal_tim.c:5373:19:HAL_TIM_SlaveConfigSynchro_IT	16	static
stm32f0xx_hal_tim.c:5416:10:HAL_TIM_ReadCapturedValue	24	static
stm32f0xx_hal_tim.c:5500:13:HAL_TIM_PeriodElapsedCallback	16	static
stm32f0xx_hal_tim.c:5515:13:HAL_TIM_PeriodElapsedHalfCpltCallback	16	static
stm32f0xx_hal_tim.c:5530:13:HAL_TIM_OC_DelayElapsedCallback	16	static
stm32f0xx_hal_tim.c:5545:13:HAL_TIM_IC_CaptureCallback	16	static
stm32f0xx_hal_tim.c:5560:13:HAL_TIM_IC_CaptureHalfCpltCallback	16	static
stm32f0xx_hal_tim.c:5575:13:HAL_TIM_PWM_PulseFinishedCallback	16	static
stm32f0xx_hal_tim.c:5590:13:HAL_TIM_PWM_PulseFinishedHalfCpltCallback	16	static
stm32f0xx_hal_tim.c:5605:13:HAL_TIM_TriggerCallback	16	static
stm32f0xx_hal_tim.c:5620:13:HAL_TIM_TriggerHalfCpltCallback	16	static
stm32f0xx_hal_tim.c:5635:13:HAL_TIM_ErrorCallback	16	static
stm32f0xx_hal_tim.c:6152:22:HAL_TIM_Base_GetState	16	static
stm32f0xx_hal_tim.c:6162:22:HAL_TIM_OC_GetState	16	static
stm32f0xx_hal_tim.c:6172:22:HAL_TIM_PWM_GetState	16	static
stm32f0xx_hal_tim.c:6182:22:HAL_TIM_IC_GetState	16	static
stm32f0xx_hal_tim.c:6192:22:HAL_TIM_OnePulse_GetState	16	static
stm32f0xx_hal_tim.c:6202:22:HAL_TIM_Encoder_GetState	16	static
stm32f0xx_hal_tim.c:6212:23:HAL_TIM_GetActiveChannel	16	static
stm32f0xx_hal_tim.c:6230:29:HAL_TIM_GetChannelState	24	static
stm32f0xx_hal_tim.c:6247:30:HAL_TIM_DMABurstState	16	static
stm32f0xx_hal_tim.c:6272:6:TIM_DMAError	24	static
stm32f0xx_hal_tim.c:6315:13:TIM_DMADelayPulseCplt	24	static
stm32f0xx_hal_tim.c:6374:6:TIM_DMADelayPulseHalfCplt	24	static
stm32f0xx_hal_tim.c:6413:6:TIM_DMACaptureCplt	24	static
stm32f0xx_hal_tim.c:6476:6:TIM_DMACaptureHalfCplt	24	static
stm32f0xx_hal_tim.c:6515:13:TIM_DMAPeriodElapsedCplt	24	static
stm32f0xx_hal_tim.c:6536:13:TIM_DMAPeriodElapsedHalfCplt	24	static
stm32f0xx_hal_tim.c:6552:13:TIM_DMATriggerCplt	24	static
stm32f0xx_hal_tim.c:6573:13:TIM_DMATriggerHalfCplt	24	static
stm32f0xx_hal_tim.c:6590:6:TIM_Base_SetConfig	24	static
stm32f0xx_hal_tim.c:6638:13:TIM_OC1_SetConfig	32	static
stm32f0xx_hal_tim.c:6713:6:TIM_OC2_SetConfig	32	static
stm32f0xx_hal_tim.c:6789:13:TIM_OC3_SetConfig	32	static
stm32f0xx_hal_tim.c:6863:13:TIM_OC4_SetConfig	32	static
stm32f0xx_hal_tim.c:6923:26:TIM_SlaveTimer_SetConfig	32	static
stm32f0xx_hal_tim.c:7054:6:TIM_TI1_SetConfig	32	static
stm32f0xx_hal_tim.c:7101:13:TIM_TI1_ConfigInputStage	32	static
stm32f0xx_hal_tim.c:7144:13:TIM_TI2_SetConfig	32	static
stm32f0xx_hal_tim.c:7184:13:TIM_TI2_ConfigInputStage	32	static
stm32f0xx_hal_tim.c:7227:13:TIM_TI3_SetConfig	32	static
stm32f0xx_hal_tim.c:7275:13:TIM_TI4_SetConfig	32	static
stm32f0xx_hal_tim.c:7318:13:TIM_ITRx_SetConfig	24	static
stm32f0xx_hal_tim.c:7348:6:TIM_ETR_SetConfig	32	static
stm32f0xx_hal_tim.c:7378:6:TIM_CCxChannelCmd	32	static
