stm32f0xx_hal_adc.c:406:19:HAL_ADC_Init	24	static
stm32f0xx_hal_adc.c:648:19:HAL_ADC_DeInit	32	static
stm32f0xx_hal_adc.c:774:13:HAL_ADC_MspInit	16	static
stm32f0xx_hal_adc.c:789:13:HAL_ADC_MspDeInit	16	static
stm32f0xx_hal_adc.c:1027:19:HAL_ADC_Start	32	static
stm32f0xx_hal_adc.c:1092:19:HAL_ADC_Stop	32	static
stm32f0xx_hal_adc.c:1146:19:HAL_ADC_PollForConversion	24	static
stm32f0xx_hal_adc.c:1266:19:HAL_ADC_PollForEvent	32	static
stm32f0xx_hal_adc.c:1342:19:HAL_ADC_Start_IT	32	static
stm32f0xx_hal_adc.c:1423:19:HAL_ADC_Stop_IT	32	static
stm32f0xx_hal_adc.c:1476:19:HAL_ADC_Start_DMA	40	static
stm32f0xx_hal_adc.c:1565:19:HAL_ADC_Stop_DMA	32	static
stm32f0xx_hal_adc.c:1650:10:HAL_ADC_GetValue	16	static
stm32f0xx_hal_adc.c:1667:6:HAL_ADC_IRQHandler	16	static
stm32f0xx_hal_adc.c:1792:13:HAL_ADC_ConvCpltCallback	16	static
stm32f0xx_hal_adc.c:1807:13:HAL_ADC_ConvHalfCpltCallback	16	static
stm32f0xx_hal_adc.c:1822:13:HAL_ADC_LevelOutOfWindowCallback	16	static
stm32f0xx_hal_adc.c:1838:13:HAL_ADC_ErrorCallback	16	static
stm32f0xx_hal_adc.c:1892:19:HAL_ADC_ConfigChannel	24	static
stm32f0xx_hal_adc.c:2025:19:HAL_ADC_AnalogWDGConfig	32	static
stm32f0xx_hal_adc.c:2147:10:HAL_ADC_GetState	16	static
stm32f0xx_hal_adc.c:2161:10:HAL_ADC_GetError	16	static
stm32f0xx_hal_adc.c:2191:26:ADC_Enable	24	static
stm32f0xx_hal_adc.c:2256:26:ADC_Disable	24	static
stm32f0xx_hal_adc.c:2313:26:ADC_ConversionStop	24	static
stm32f0xx_hal_adc.c:2364:13:ADC_DMAConvCplt	24	static
stm32f0xx_hal_adc.c:2429:13:ADC_DMAHalfConvCplt	24	static
stm32f0xx_hal_adc.c:2447:13:ADC_DMAError	24	static
