core_cm0.h:623:22:__NVIC_EnableIRQ	16	static
core_cm0.h:659:22:__NVIC_DisableIRQ	16	static,ignoring_inline_asm
core_cm0.h:678:26:__NVIC_GetPendingIRQ	16	static
core_cm0.h:697:22:__NVIC_SetPendingIRQ	16	static
core_cm0.h:712:22:__NVIC_ClearPendingIRQ	16	static
core_cm0.h:730:22:__NVIC_SetPriority	24	static
core_cm0.h:754:26:__NVIC_GetPriority	16	static
core_cm0.h:856:34:__NVIC_SystemReset	8	static,ignoring_inline_asm
core_cm0.h:920:26:SysTick_Config	16	static
stm32f0xx_hal_cortex.c:136:6:HAL_NVIC_SetPriority	24	static
stm32f0xx_hal_cortex.c:152:6:HAL_NVIC_EnableIRQ	16	static
stm32f0xx_hal_cortex.c:168:6:HAL_NVIC_DisableIRQ	16	static
stm32f0xx_hal_cortex.c:181:6:HAL_NVIC_SystemReset	8	static
stm32f0xx_hal_cortex.c:194:10:HAL_SYSTICK_Config	16	static
stm32f0xx_hal_cortex.c:226:10:HAL_NVIC_GetPriority	16	static
stm32f0xx_hal_cortex.c:239:6:HAL_NVIC_SetPendingIRQ	16	static
stm32f0xx_hal_cortex.c:257:10:HAL_NVIC_GetPendingIRQ	16	static
stm32f0xx_hal_cortex.c:273:6:HAL_NVIC_ClearPendingIRQ	16	static
stm32f0xx_hal_cortex.c:290:6:HAL_SYSTICK_CLKSourceConfig	16	static
stm32f0xx_hal_cortex.c:308:6:HAL_SYSTICK_IRQHandler	8	static
stm32f0xx_hal_cortex.c:317:13:HAL_SYSTICK_Callback	8	static
