Archive member included to satisfy reference by file (symbol)

c:/program files (x86)/atollic/truestudio for arm 5.5.2/armtools/bin/../lib/gcc/arm-atollic-eabi/5.3.1/../../../../arm-atollic-eabi/lib/armv6-m\libc.a(lib_a-init.o)
                              Application\TrueSTUDIO\startup_stm32f030x6.o (__libc_init_array)
c:/program files (x86)/atollic/truestudio for arm 5.5.2/armtools/bin/../lib/gcc/arm-atollic-eabi/5.3.1/../../../../arm-atollic-eabi/lib/armv6-m\libc.a(lib_a-memcpy-stub.o)
                              Middlewares\FreeRTOS\queue.o (memcpy)
c:/program files (x86)/atollic/truestudio for arm 5.5.2/armtools/bin/../lib/gcc/arm-atollic-eabi/5.3.1/../../../../arm-atollic-eabi/lib/armv6-m\libc.a(lib_a-memset.o)
                              Middlewares\FreeRTOS\tasks.o (memset)
c:/program files (x86)/atollic/truestudio for arm 5.5.2/armtools/bin/../lib/gcc/arm-atollic-eabi/5.3.1/armv6-m\libgcc.a(_thumb1_case_uqi.o)
                              Middlewares\FreeRTOS\tasks.o (__gnu_thumb1_case_uqi)
c:/program files (x86)/atollic/truestudio for arm 5.5.2/armtools/bin/../lib/gcc/arm-atollic-eabi/5.3.1/armv6-m\libgcc.a(_udivsi3.o)
                              Middlewares\FreeRTOS\port.o (__aeabi_uidiv)
c:/program files (x86)/atollic/truestudio for arm 5.5.2/armtools/bin/../lib/gcc/arm-atollic-eabi/5.3.1/armv6-m\libgcc.a(_dvmd_tls.o)
                              c:/program files (x86)/atollic/truestudio for arm 5.5.2/armtools/bin/../lib/gcc/arm-atollic-eabi/5.3.1/armv6-m\libgcc.a(_udivsi3.o) (__aeabi_idiv0)
c:/program files (x86)/atollic/truestudio for arm 5.5.2/armtools/bin/../lib/gcc/arm-atollic-eabi/5.3.1/armv6-m\libgcc.a(_lshrdi3.o)
                              Drivers\STM32F0xx_HAL_Driver\stm32f0xx_hal_flash.o (__aeabi_llsr)

Allocating common symbols
Common symbol       size              file

defaultTaskHandle   0x4               Application\User\main.o
htim17              0x3c              Application\User\stm32f0xx_hal_timebase_TIM.o
xQueueRegistry      0x40              Middlewares\FreeRTOS\queue.o
pFlash              0x20              Drivers\STM32F0xx_HAL_Driver\stm32f0xx_hal_flash.o
htim3               0x3c              Application\User\main.o
huart1              0x70              Application\User\main.o
hrtc                0x20              Application\User\main.o
htim1               0x3c              Application\User\main.o
hsmbus1             0x50              Application\User\main.o
hadc                0x4c              Application\User\main.o

Discarded input sections

 .text          0x00000000        0x0 c:/program files (x86)/atollic/truestudio for arm 5.5.2/armtools/bin/../lib/gcc/arm-atollic-eabi/5.3.1/armv6-m/crti.o
 .data          0x00000000        0x0 c:/program files (x86)/atollic/truestudio for arm 5.5.2/armtools/bin/../lib/gcc/arm-atollic-eabi/5.3.1/armv6-m/crti.o
 .bss           0x00000000        0x0 c:/program files (x86)/atollic/truestudio for arm 5.5.2/armtools/bin/../lib/gcc/arm-atollic-eabi/5.3.1/armv6-m/crti.o
 .data          0x00000000        0x4 c:/program files (x86)/atollic/truestudio for arm 5.5.2/armtools/bin/../lib/gcc/arm-atollic-eabi/5.3.1/armv6-m/crtbegin.o
 .text          0x00000000        0x0 Middlewares\FreeRTOS\timers.o
 .data          0x00000000        0x0 Middlewares\FreeRTOS\timers.o
 .bss           0x00000000        0x0 Middlewares\FreeRTOS\timers.o
 .debug_info    0x00000000       0x79 Middlewares\FreeRTOS\timers.o
 .debug_abbrev  0x00000000       0x26 Middlewares\FreeRTOS\timers.o
 .debug_aranges
                0x00000000       0x18 Middlewares\FreeRTOS\timers.o
 .debug_line    0x00000000       0x1d Middlewares\FreeRTOS\timers.o
 .debug_str     0x00000000      0x1c5 Middlewares\FreeRTOS\timers.o
 .comment       0x00000000       0x7f Middlewares\FreeRTOS\timers.o
 .ARM.attributes
                0x00000000       0x31 Middlewares\FreeRTOS\timers.o
 .text          0x00000000        0x0 Middlewares\FreeRTOS\tasks.o
 .data          0x00000000        0x0 Middlewares\FreeRTOS\tasks.o
 .bss           0x00000000        0x0 Middlewares\FreeRTOS\tasks.o
 .text.prvTaskIsTaskSuspended
                0x00000000       0x2c Middlewares\FreeRTOS\tasks.o
 .text.prvListTaskWithinSingleList
                0x00000000       0x8c Middlewares\FreeRTOS\tasks.o
 .text.vTaskDelete
                0x00000000       0x8c Middlewares\FreeRTOS\tasks.o
 .text.uxTaskPriorityGet
                0x00000000       0x20 Middlewares\FreeRTOS\tasks.o
 .text.uxTaskPriorityGetFromISR
                0x00000000       0x20 Middlewares\FreeRTOS\tasks.o
 .text.vTaskPrioritySet
                0x00000000       0xa4 Middlewares\FreeRTOS\tasks.o
 .text.vTaskResume
                0x00000000       0x64 Middlewares\FreeRTOS\tasks.o
 .text.xTaskResumeFromISR
                0x00000000       0x78 Middlewares\FreeRTOS\tasks.o
 .text.vTaskEndScheduler
                0x00000000       0x14 Middlewares\FreeRTOS\tasks.o
 .text.xTaskGetTickCount
[...]
Memory Configuration

Name             Origin             Length             Attributes
FLASH            0x08000000         0x00008000         xr
RAM              0x20000000         0x00001000         xrw
*default*        0x00000000         0xffffffff

Linker script and memory map

LOAD c:/program files (x86)/atollic/truestudio for arm 5.5.2/armtools/bin/../lib/gcc/arm-atollic-eabi/5.3.1/armv6-m/crti.o
LOAD c:/program files (x86)/atollic/truestudio for arm 5.5.2/armtools/bin/../lib/gcc/arm-atollic-eabi/5.3.1/armv6-m/crtbegin.o
LOAD Middlewares\FreeRTOS\timers.o
LOAD Middlewares\FreeRTOS\tasks.o
LOAD Middlewares\FreeRTOS\queue.o
LOAD Middlewares\FreeRTOS\port.o
LOAD Middlewares\FreeRTOS\list.o
LOAD Middlewares\FreeRTOS\heap_4.o
LOAD Middlewares\FreeRTOS\event_groups.o
LOAD Middlewares\FreeRTOS\croutine.o
LOAD Middlewares\FreeRTOS\cmsis_os.o
LOAD Drivers\STM32F0xx_HAL_Driver\stm32f0xx_hal_uart_ex.o
LOAD Drivers\STM32F0xx_HAL_Driver\stm32f0xx_hal_uart.o
LOAD Drivers\STM32F0xx_HAL_Driver\stm32f0xx_hal_tim_ex.o
LOAD Drivers\STM32F0xx_HAL_Driver\stm32f0xx_hal_tim.o
LOAD Drivers\STM32F0xx_HAL_Driver\stm32f0xx_hal_smbus.o
LOAD Drivers\STM32F0xx_HAL_Driver\stm32f0xx_hal_rtc_ex.o
LOAD Drivers\STM32F0xx_HAL_Driver\stm32f0xx_hal_rtc.o
LOAD Drivers\STM32F0xx_HAL_Driver\stm32f0xx_hal_rcc_ex.o
LOAD Drivers\STM32F0xx_HAL_Driver\stm32f0xx_hal_rcc.o
LOAD Drivers\STM32F0xx_HAL_Driver\stm32f0xx_hal_pwr_ex.o
LOAD Drivers\STM32F0xx_HAL_Driver\stm32f0xx_hal_pwr.o
LOAD Drivers\STM32F0xx_HAL_Driver\stm32f0xx_hal_gpio.o
LOAD Drivers\STM32F0xx_HAL_Driver\stm32f0xx_hal_flash_ex.o
LOAD Drivers\STM32F0xx_HAL_Driver\stm32f0xx_hal_flash.o
LOAD Drivers\STM32F0xx_HAL_Driver\stm32f0xx_hal_dma.o
LOAD Drivers\STM32F0xx_HAL_Driver\stm32f0xx_hal_cortex.o
LOAD Drivers\STM32F0xx_HAL_Driver\stm32f0xx_hal_adc_ex.o
LOAD Drivers\STM32F0xx_HAL_Driver\stm32f0xx_hal_adc.o
LOAD Drivers\STM32F0xx_HAL_Driver\stm32f0xx_hal.o
LOAD Drivers\CMSIS\system_stm32f0xx.o
LOAD Application\User\stm32f0xx_it.o
LOAD Application\User\stm32f0xx_hal_timebase_TIM.o
LOAD Application\User\stm32f0xx_hal_msp.o
LOAD Application\User\main.o
LOAD Application\User\freertos.o
LOAD Application\TrueSTUDIO\startup_stm32f030x6.o
START GROUP
LOAD c:/program files (x86)/atollic/truestudio for arm 5.5.2/armtools/bin/../lib/gcc/arm-atollic-eabi/5.3.1/../../../../arm-atollic-eabi/lib/armv6-m\libc.a
LOAD c:/program files (x86)/atollic/truestudio for arm 5.5.2/armtools/bin/../lib/gcc/arm-atollic-eabi/5.3.1/../../../../arm-atollic-eabi/lib/armv6-m\libm.a
END GROUP
                0x00000080                malloc_getpagesize_P = 0x80
START GROUP
LOAD c:/program files (x86)/atollic/truestudio for arm 5.5.2/armtools/bin/../lib/gcc/arm-atollic-eabi/5.3.1/armv6-m\libgcc.a
LOAD c:/program files (x86)/atollic/truestudio for arm 5.5.2/armtools/bin/../lib/gcc/arm-atollic-eabi/5.3.1/../../../../arm-atollic-eabi/lib/armv6-m\libc.a
END GROUP
START GROUP
LOAD c:/program files (x86)/atollic/truestudio for arm 5.5.2/armtools/bin/../lib/gcc/arm-atollic-eabi/5.3.1/armv6-m\libgcc.a
LOAD c:/program files (x86)/atollic/truestudio for arm 5.5.2/armtools/bin/../lib/gcc/arm-atollic-eabi/5.3.1/../../../../arm-atollic-eabi/lib/armv6-m\libc.a
LOAD c:/program files (x86)/atollic/truestudio for arm 5.5.2/armtools/bin/../lib/gcc/arm-atollic-eabi/5.3.1/../../../../arm-atollic-eabi/lib/armv6-m\libnosys.a
END GROUP
LOAD c:/program files (x86)/atollic/truestudio for arm 5.5.2/armtools/bin/../lib/gcc/arm-atollic-eabi/5.3.1/armv6-m/crtend.o
LOAD c:/program files (x86)/atollic/truestudio for arm 5.5.2/armtools/bin/../lib/gcc/arm-atollic-eabi/5.3.1/armv6-m/crtn.o
                0x20001000                _estack = 0x20001000
                0x00000400                _Min_Heap_Size = 0x400
                0x00000200                _Min_Stack_Size = 0x200

.isr_vector     0x08000000       0xc0
                0x08000000                . = ALIGN (0x4)
 *(.isr_vector)
 .isr_vector    0x08000000       0xc0 Application\TrueSTUDIO\startup_stm32f030x6.o
                0x08000000                g_pfnVectors
                0x080000c0                . = ALIGN (0x4)

.text           0x080000c0     0x2a24
                0x080000c0                . = ALIGN (0x4)
 *(.text)
 .text          0x080000c0       0x48 c:/program files (x86)/atollic/truestudio for arm 5.5.2/armtools/bin/../lib/gcc/arm-atollic-eabi/5.3.1/armv6-m/crtbegin.o
 .text          0x08000108       0x14 c:/program files (x86)/atollic/truestudio for arm 5.5.2/armtools/bin/../lib/gcc/arm-atollic-eabi/5.3.1/armv6-m\libgcc.a(_thumb1_case_uqi.o)
                0x08000108                __gnu_thumb1_case_uqi
 .text          0x0800011c      0x114 c:/program files (x86)/atollic/truestudio for arm 5.5.2/armtools/bin/../lib/gcc/arm-atollic-eabi/5.3.1/armv6-m\libgcc.a(_udivsi3.o)
                0x0800011c                __aeabi_uidiv
                0x0800011c                __udivsi3
                0x08000228                __aeabi_uidivmod
 .text          0x08000230        0x4 c:/program files (x86)/atollic/truestudio for arm 5.5.2/armtools/bin/../lib/gcc/arm-atollic-eabi/5.3.1/armv6-m\libgcc.a(_dvmd_tls.o)
                0x08000230                __aeabi_idiv0
                0x08000230                __aeabi_ldiv0
 *(.text*)
 .text.prvResetNextTaskUnblockTime
                0x08000234       0x28 Middlewares\FreeRTOS\tasks.o
 .text.prvAddCurrentTaskToDelayedList
                0x0800025c       0x4c Middlewares\FreeRTOS\tasks.o
 .text.xTaskGenericCreate.part.4
                0x080002a8      0x19c Middlewares\FreeRTOS\tasks.o
 .text.xTaskGenericCreate
                0x08000444       0x28 Middlewares\FreeRTOS\tasks.o
                0x08000444                xTaskGenericCreate
 .text.vTaskStartScheduler
                0x0800046c       0x44 Middlewares\FreeRTOS\tasks.o
                0x0800046c                vTaskStartScheduler
 .text.vTaskSuspendAll
                0x080004b0       0x10 Middlewares\FreeRTOS\tasks.o
                0x080004b0                vTaskSuspendAll
 .text.xTaskIncrementTick
                0x080004c0      0x104 Middlewares\FreeRTOS\tasks.o
                0x080004c0                xTaskIncrementTick
 .text.xTaskResumeAll
                0x080005c4       0xd0 Middlewares\FreeRTOS\tasks.o
                0x080005c4                xTaskResumeAll
 .text.vTaskDelay
                0x08000694       0x48 Middlewares\FreeRTOS\tasks.o
                0x08000694                vTaskDelay
 .text.prvIdleTask
                0x080006dc       0x68 Middlewares\FreeRTOS\tasks.o
 .text.vTaskSwitchContext
                0x08000744       0x78 Middlewares\FreeRTOS\tasks.o
                0x08000744                vTaskSwitchContext
 .text.xTaskGetSchedulerState
                0x080007bc       0x20 Middlewares\FreeRTOS\tasks.o
                0x080007bc                xTaskGetSchedulerState
 .text.prvTaskExitError
                0x080007dc       0x14 Middlewares\FreeRTOS\port.o
 .text.vPortStartFirstTask
                0x080007f0       0x20 Middlewares\FreeRTOS\port.o
 .text.pxPortInitialiseStack
                0x08000810       0x20 Middlewares\FreeRTOS\port.o
                0x08000810                pxPortInitialiseStack
 .text.SVC_Handler
                0x08000830        0x2 Middlewares\FreeRTOS\port.o
                0x08000830                SVC_Handler
 *fill*         0x08000832        0x2 
 .text.xPortStartScheduler
                0x08000834       0x54 Middlewares\FreeRTOS\port.o
                0x08000834                xPortStartScheduler
 .text.vPortYield
                0x08000888       0x18 Middlewares\FreeRTOS\port.o
                0x08000888                vPortYield
 .text.vPortEnterCritical
                0x080008a0       0x18 Middlewares\FreeRTOS\port.o
                0x080008a0                vPortEnterCritical
 .text.vPortExitCritical
                0x080008b8       0x1c Middlewares\FreeRTOS\port.o
                0x080008b8                vPortExitCritical
 .text.ulSetInterruptMaskFromISR
                0x080008d4        0xa Middlewares\FreeRTOS\port.o
                0x080008d4                ulSetInterruptMaskFromISR
 .text.vClearInterruptMaskFromISR
                0x080008de        0x6 Middlewares\FreeRTOS\port.o
                0x080008de                vClearInterruptMaskFromISR
 .text.PendSV_Handler
                0x080008e4       0x44 Middlewares\FreeRTOS\port.o
                0x080008e4                PendSV_Handler
 .text.xPortSysTickHandler
                0x08000928       0x24 Middlewares\FreeRTOS\port.o
                0x08000928                xPortSysTickHandler
 .text.vListInitialise
                0x0800094c       0x16 Middlewares\FreeRTOS\list.o
                0x0800094c                vListInitialise
 .text.vListInitialiseItem
                0x08000962        0x6 Middlewares\FreeRTOS\list.o
                0x08000962                vListInitialiseItem
 .text.vListInsertEnd
                0x08000968       0x18 Middlewares\FreeRTOS\list.o
                0x08000968                vListInsertEnd
 .text.vListInsert
                0x08000980       0x30 Middlewares\FreeRTOS\list.o
                0x08000980                vListInsert
 .text.uxListRemove
                0x080009b0       0x20 Middlewares\FreeRTOS\list.o
                0x080009b0                uxListRemove
 .text.unlikely.prvInsertBlockIntoFreeList
                0x080009d0       0x48 Middlewares\FreeRTOS\heap_4.o
 .text.pvPortMalloc
                0x08000a18      0x110 Middlewares\FreeRTOS\heap_4.o
                0x08000a18                pvPortMalloc
 .text.vPortFree
                0x08000b28       0x48 Middlewares\FreeRTOS\heap_4.o
                0x08000b28                vPortFree
 .text.osKernelStart
                0x08000b70        0xa Middlewares\FreeRTOS\cmsis_os.o
                0x08000b70                osKernelStart
 .text.osThreadCreate
                0x08000b7a       0x38 Middlewares\FreeRTOS\cmsis_os.o
                0x08000b7a                osThreadCreate
 .text.osDelay  0x08000bb2       0x14 Middlewares\FreeRTOS\cmsis_os.o
                0x08000bb2                osDelay
 .text.osSystickHandler
                0x08000bc6       0x10 Middlewares\FreeRTOS\cmsis_os.o
                0x08000bc6                osSystickHandler
 *fill*         0x08000bd6        0x2 
 .text.UART_SetConfig
                0x08000bd8       0xf8 Drivers\STM32F0xx_HAL_Driver\stm32f0xx_hal_uart.o
                0x08000bd8                UART_SetConfig
 .text.UART_AdvFeatureConfig
                0x08000cd0       0xd0 Drivers\STM32F0xx_HAL_Driver\stm32f0xx_hal_uart.o
                0x08000cd0                UART_AdvFeatureConfig
 .text.HAL_UART_Init
                0x08000da0       0x70 Drivers\STM32F0xx_HAL_Driver\stm32f0xx_hal_uart.o
                0x08000da0                HAL_UART_Init
 .text.HAL_TIMEx_MasterConfigSynchronization
                0x08000e10       0x42 Drivers\STM32F0xx_HAL_Driver\stm32f0xx_hal_tim_ex.o
                0x08000e10                HAL_TIMEx_MasterConfigSynchronization
 .text.HAL_TIMEx_ConfigBreakDeadTime
                0x08000e52       0x3e Drivers\STM32F0xx_HAL_Driver\stm32f0xx_hal_tim_ex.o
                0x08000e52                HAL_TIMEx_ConfigBreakDeadTime
 .text.HAL_TIMEx_CommutationCallback
                0x08000e90        0x2 Drivers\STM32F0xx_HAL_Driver\stm32f0xx_hal_tim_ex.o
                0x08000e90                HAL_TIMEx_CommutationCallback
 .text.HAL_TIMEx_BreakCallback
                0x08000e92        0x2 Drivers\STM32F0xx_HAL_Driver\stm32f0xx_hal_tim_ex.o
                0x08000e92                HAL_TIMEx_BreakCallback
 .text.TIM_OC1_SetConfig
                0x08000e94       0x78 Drivers\STM32F0xx_HAL_Driver\stm32f0xx_hal_tim.o
 .text.TIM_OC3_SetConfig
                0x08000f0c       0x80 Drivers\STM32F0xx_HAL_Driver\stm32f0xx_hal_tim.o
 .text.TIM_OC4_SetConfig
                0x08000f8c       0x68 Drivers\STM32F0xx_HAL_Driver\stm32f0xx_hal_tim.o
 .text.HAL_TIM_Base_MspInit
                0x08000ff4        0x2 Drivers\STM32F0xx_HAL_Driver\stm32f0xx_hal_tim.o
                0x08000ff4                HAL_TIM_Base_MspInit
 .text.HAL_TIM_Base_Start_IT
                0x08000ff6       0x14 Drivers\STM32F0xx_HAL_Driver\stm32f0xx_hal_tim.o
                0x08000ff6                HAL_TIM_Base_Start_IT
 .text.HAL_TIM_OC_DelayElapsedCallback
                0x0800100a        0x2 Drivers\STM32F0xx_HAL_Driver\stm32f0xx_hal_tim.o
                0x0800100a                HAL_TIM_OC_DelayElapsedCallback
 .text.HAL_TIM_IC_CaptureCallback
                0x0800100c        0x2 Drivers\STM32F0xx_HAL_Driver\stm32f0xx_hal_tim.o
                0x0800100c                HAL_TIM_IC_CaptureCallback
 .text.HAL_TIM_PWM_PulseFinishedCallback
                0x0800100e        0x2 Drivers\STM32F0xx_HAL_Driver\stm32f0xx_hal_tim.o
                0x0800100e                HAL_TIM_PWM_PulseFinishedCallback
 .text.HAL_TIM_TriggerCallback
                0x08001010        0x2 Drivers\STM32F0xx_HAL_Driver\stm32f0xx_hal_tim.o
                0x08001010                HAL_TIM_TriggerCallback
 .text.HAL_TIM_IRQHandler
                0x08001012      0x146 Drivers\STM32F0xx_HAL_Driver\stm32f0xx_hal_tim.o
                0x08001012                HAL_TIM_IRQHandler
 .text.TIM_Base_SetConfig
                0x08001158       0x78 Drivers\STM32F0xx_HAL_Driver\stm32f0xx_hal_tim.o
                0x08001158                TIM_Base_SetConfig
 .text.HAL_TIM_Base_Init
                0x080011d0       0x36 Drivers\STM32F0xx_HAL_Driver\stm32f0xx_hal_tim.o
                0x080011d0                HAL_TIM_Base_Init
 .text.HAL_TIM_PWM_Init
                0x08001206       0x36 Drivers\STM32F0xx_HAL_Driver\stm32f0xx_hal_tim.o
                0x08001206                HAL_TIM_PWM_Init
 .text.TIM_OC2_SetConfig
                0x0800123c       0x78 Drivers\STM32F0xx_HAL_Driver\stm32f0xx_hal_tim.o
                0x0800123c                TIM_OC2_SetConfig
 .text.HAL_TIM_PWM_ConfigChannel
                0x080012b4       0xd4 Drivers\STM32F0xx_HAL_Driver\stm32f0xx_hal_tim.o
                0x080012b4                HAL_TIM_PWM_ConfigChannel
 .text.HAL_SMBUS_Init
                0x08001388       0xd8 Drivers\STM32F0xx_HAL_Driver\stm32f0xx_hal_smbus.o
                0x08001388                HAL_SMBUS_Init
 .text.HAL_SMBUS_EnableAlert_IT
                0x08001460       0x1e Drivers\STM32F0xx_HAL_Driver\stm32f0xx_hal_smbus.o
                0x08001460                HAL_SMBUS_EnableAlert_IT
 .text.HAL_RTC_WaitForSynchro
                0x0800147e       0x34 Drivers\STM32F0xx_HAL_Driver\stm32f0xx_hal_rtc.o
                0x0800147e                HAL_RTC_WaitForSynchro
 .text.RTC_EnterInitMode
                0x080014b2       0x38 Drivers\STM32F0xx_HAL_Driver\stm32f0xx_hal_rtc.o
                0x080014b2                RTC_EnterInitMode
 *fill*         0x080014ea        0x2 
 .text.HAL_RTC_Init
                0x080014ec       0x90 Drivers\STM32F0xx_HAL_Driver\stm32f0xx_hal_rtc.o
                0x080014ec                HAL_RTC_Init
 .text.RTC_ByteToBcd2
                0x0800157c       0x16 Drivers\STM32F0xx_HAL_Driver\stm32f0xx_hal_rtc.o
                0x0800157c                RTC_ByteToBcd2
 *fill*         0x08001592        0x2 
 .text.HAL_RTC_SetTime
                0x08001594       0xe8 Drivers\STM32F0xx_HAL_Driver\stm32f0xx_hal_rtc.o
                0x08001594                HAL_RTC_SetTime
 .text.HAL_RTC_SetDate
                0x0800167c       0xcc Drivers\STM32F0xx_HAL_Driver\stm32f0xx_hal_rtc.o
                0x0800167c                HAL_RTC_SetDate
 .text.HAL_RTC_SetAlarm
                0x08001748      0x108 Drivers\STM32F0xx_HAL_Driver\stm32f0xx_hal_rtc.o
                0x08001748                HAL_RTC_SetAlarm
 .text.HAL_RCCEx_PeriphCLKConfig
                0x08001850       0xe4 Drivers\STM32F0xx_HAL_Driver\stm32f0xx_hal_rcc_ex.o
                0x08001850                HAL_RCCEx_PeriphCLKConfig
 .text.HAL_RCC_OscConfig
                0x08001934      0x414 Drivers\STM32F0xx_HAL_Driver\stm32f0xx_hal_rcc.o
                0x08001934                HAL_RCC_OscConfig
 .text.HAL_RCC_ClockConfig
                0x08001d48      0x110 Drivers\STM32F0xx_HAL_Driver\stm32f0xx_hal_rcc.o
                0x08001d48                HAL_RCC_ClockConfig
 .text.HAL_RCC_GetSysClockFreq
                0x08001e58       0x64 Drivers\STM32F0xx_HAL_Driver\stm32f0xx_hal_rcc.o
                0x08001e58                HAL_RCC_GetSysClockFreq
 .text.HAL_RCC_GetHCLKFreq
                0x08001ebc       0x28 Drivers\STM32F0xx_HAL_Driver\stm32f0xx_hal_rcc.o
                0x08001ebc                HAL_RCC_GetHCLKFreq
 .text.HAL_RCC_GetPCLK1Freq
                0x08001ee4       0x20 Drivers\STM32F0xx_HAL_Driver\stm32f0xx_hal_rcc.o
                0x08001ee4                HAL_RCC_GetPCLK1Freq
 .text.HAL_RCC_GetClockConfig
                0x08001f04       0x38 Drivers\STM32F0xx_HAL_Driver\stm32f0xx_hal_rcc.o
                0x08001f04                HAL_RCC_GetClockConfig
 .text.HAL_GPIO_Init
                0x08001f3c      0x15c Drivers\STM32F0xx_HAL_Driver\stm32f0xx_hal_gpio.o
                0x08001f3c                HAL_GPIO_Init
 .text.HAL_GPIO_WritePin
                0x08002098        0xc Drivers\STM32F0xx_HAL_Driver\stm32f0xx_hal_gpio.o
                0x08002098                HAL_GPIO_WritePin
 .text.HAL_NVIC_SetPriority
                0x080020a4       0x60 Drivers\STM32F0xx_HAL_Driver\stm32f0xx_hal_cortex.o
                0x080020a4                HAL_NVIC_SetPriority
 .text.HAL_NVIC_EnableIRQ
                0x08002104       0x14 Drivers\STM32F0xx_HAL_Driver\stm32f0xx_hal_cortex.o
                0x08002104                HAL_NVIC_EnableIRQ
 .text.HAL_SYSTICK_Config
                0x08002118       0x34 Drivers\STM32F0xx_HAL_Driver\stm32f0xx_hal_cortex.o
                0x08002118                HAL_SYSTICK_Config
 .text.HAL_SYSTICK_CLKSourceConfig
                0x0800214c       0x1c Drivers\STM32F0xx_HAL_Driver\stm32f0xx_hal_cortex.o
                0x0800214c                HAL_SYSTICK_CLKSourceConfig
 .text.HAL_ADC_Init
                0x08002168      0x148 Drivers\STM32F0xx_HAL_Driver\stm32f0xx_hal_adc.o
                0x08002168                HAL_ADC_Init
 .text.HAL_ADC_ConfigChannel
                0x080022b0       0xe8 Drivers\STM32F0xx_HAL_Driver\stm32f0xx_hal_adc.o
                0x080022b0                HAL_ADC_ConfigChannel
 .text.HAL_Init
                0x08002398       0x20 Drivers\STM32F0xx_HAL_Driver\stm32f0xx_hal.o
                0x08002398                HAL_Init
 .text.HAL_IncTick
                0x080023b8       0x10 Drivers\STM32F0xx_HAL_Driver\stm32f0xx_hal.o
                0x080023b8                HAL_IncTick
 .text.HAL_GetTick
                0x080023c8        0xc Drivers\STM32F0xx_HAL_Driver\stm32f0xx_hal.o
                0x080023c8                HAL_GetTick
 .text.SystemInit
                0x080023d4       0x60 Drivers\CMSIS\system_stm32f0xx.o
                0x080023d4                SystemInit
 .text.SysTick_Handler
                0x08002434        0x8 Application\User\stm32f0xx_it.o
                0x08002434                SysTick_Handler
 .text.TIM17_IRQHandler
                0x0800243c       0x10 Application\User\stm32f0xx_it.o
                0x0800243c                TIM17_IRQHandler
 .text.HAL_InitTick
                0x0800244c       0x7c Application\User\stm32f0xx_hal_timebase_TIM.o
                0x0800244c                HAL_InitTick
 .text.HAL_TIM_PeriodElapsedCallback
                0x080024c8        0x8 Application\User\stm32f0xx_hal_timebase_TIM.o
                0x080024c8                HAL_TIM_PeriodElapsedCallback
 .text.HAL_MspInit
                0x080024d0       0x28 Application\User\stm32f0xx_hal_msp.o
                0x080024d0                HAL_MspInit
 .text.HAL_ADC_MspInit
                0x080024f8       0x40 Application\User\stm32f0xx_hal_msp.o
                0x080024f8                HAL_ADC_MspInit
 .text.HAL_SMBUS_MspInit
                0x08002538       0x60 Application\User\stm32f0xx_hal_msp.o
                0x08002538                HAL_SMBUS_MspInit
 .text.HAL_RTC_MspInit
                0x08002598       0x20 Application\User\stm32f0xx_hal_msp.o
                0x08002598                HAL_RTC_MspInit
 .text.HAL_TIM_PWM_MspInit
                0x080025b8       0x48 Application\User\stm32f0xx_hal_msp.o
                0x080025b8                HAL_TIM_PWM_MspInit
 .text.HAL_TIM_MspPostInit
                0x08002600       0x6c Application\User\stm32f0xx_hal_msp.o
                0x08002600                HAL_TIM_MspPostInit
 .text.HAL_UART_MspInit
                0x0800266c       0x48 Application\User\stm32f0xx_hal_msp.o
                0x0800266c                HAL_UART_MspInit
 .text.StartDefaultTask
                0x080026b4        0xa Application\User\main.o
                0x080026b4                StartDefaultTask
 *fill*         0x080026be        0x2 
 .text.SystemClock_Config
                0x080026c0       0x70 Application\User\main.o
                0x080026c0                SystemClock_Config
 .text.startup.main
                0x08002730      0x2d8 Application\User\main.o
                0x08002730                main
 .text.Reset_Handler
                0x08002a08       0x50 Application\TrueSTUDIO\startup_stm32f030x6.o
                0x08002a08                Reset_Handler
 .text.Default_Handler
                0x08002a58        0x2 Application\TrueSTUDIO\startup_stm32f030x6.o
                0x08002a58                TIM1_CC_IRQHandler
                0x08002a58                HardFault_Handler
                0x08002a58                NMI_Handler
                0x08002a58                I2C1_IRQHandler
                0x08002a58                SPI1_IRQHandler
                0x08002a58                EXTI2_3_IRQHandler
                0x08002a58                ADC1_IRQHandler
                0x08002a58                RTC_IRQHandler
                0x08002a58                TIM16_IRQHandler
                0x08002a58                TIM3_IRQHandler
                0x08002a58                EXTI4_15_IRQHandler
                0x08002a58                RCC_IRQHandler
                0x08002a58                DMA1_Channel1_IRQHandler
                0x08002a58                Default_Handler
                0x08002a58                TIM14_IRQHandler
                0x08002a58                DMA1_Channel4_5_IRQHandler
                0x08002a58                EXTI0_1_IRQHandler
                0x08002a58                WWDG_IRQHandler
                0x08002a58                DMA1_Channel2_3_IRQHandler
                0x08002a58                FLASH_IRQHandler
                0x08002a58                USART1_IRQHandler
                0x08002a58                TIM1_BRK_UP_TRG_COM_IRQHandler
 *fill*         0x08002a5a        0x2 
 .text.__libc_init_array
                0x08002a5c       0x4c c:/program files (x86)/atollic/truestudio for arm 5.5.2/armtools/bin/../lib/gcc/arm-atollic-eabi/5.3.1/../../../../arm-atollic-eabi/lib/armv6-m\libc.a(lib_a-init.o)
                0x08002a5c                __libc_init_array
 .text.memcpy   0x08002aa8       0x12 c:/program files (x86)/atollic/truestudio for arm 5.5.2/armtools/bin/../lib/gcc/arm-atollic-eabi/5.3.1/../../../../arm-atollic-eabi/lib/armv6-m\libc.a(lib_a-memcpy-stub.o)
                0x08002aa8                memcpy
 .text.memset   0x08002aba       0x10 c:/program files (x86)/atollic/truestudio for arm 5.5.2/armtools/bin/../lib/gcc/arm-atollic-eabi/5.3.1/../../../../arm-atollic-eabi/lib/armv6-m\libc.a(lib_a-memset.o)
                0x08002aba                memset
 *(.glue_7)
 .glue_7        0x08002aca        0x0 linker stubs
 *(.glue_7t)
 .glue_7t       0x08002aca        0x0 linker stubs
 *(.eh_frame)
 *fill*         0x08002aca        0x2 
 .eh_frame      0x08002acc        0x0 c:/program files (x86)/atollic/truestudio for arm 5.5.2/armtools/bin/../lib/gcc/arm-atollic-eabi/5.3.1/armv6-m/crtbegin.o
 *(.init)
 .init          0x08002acc        0x4 c:/program files (x86)/atollic/truestudio for arm 5.5.2/armtools/bin/../lib/gcc/arm-atollic-eabi/5.3.1/armv6-m/crti.o
                0x08002acc                _init
 .init          0x08002ad0        0x8 c:/program files (x86)/atollic/truestudio for arm 5.5.2/armtools/bin/../lib/gcc/arm-atollic-eabi/5.3.1/armv6-m/crtn.o
 *(.fini)
 .fini          0x08002ad8        0x4 c:/program files (x86)/atollic/truestudio for arm 5.5.2/armtools/bin/../lib/gcc/arm-atollic-eabi/5.3.1/armv6-m/crti.o
                0x08002ad8                _fini
 .fini          0x08002adc        0x8 c:/program files (x86)/atollic/truestudio for arm 5.5.2/armtools/bin/../lib/gcc/arm-atollic-eabi/5.3.1/armv6-m/crtn.o
                0x08002ae4                . = ALIGN (0x4)
                0x08002ae4                _etext = .

.vfp11_veneer   0x08002ae4        0x0
 .vfp11_veneer  0x08002ae4        0x0 linker stubs

.v4_bx          0x08002ae4        0x0
 .v4_bx         0x08002ae4        0x0 linker stubs

.iplt           0x08002ae4        0x0
 .iplt          0x08002ae4        0x0 c:/program files (x86)/atollic/truestudio for arm 5.5.2/armtools/bin/../lib/gcc/arm-atollic-eabi/5.3.1/armv6-m/crtbegin.o

.rodata         0x08002ae4       0x5c
                0x08002ae4                . = ALIGN (0x4)
 *(.rodata)
 .rodata        0x08002ae4       0x20 Drivers\STM32F0xx_HAL_Driver\stm32f0xx_hal_rcc.o
 .rodata        0x08002b04       0x14 Application\User\main.o
 *(.rodata*)
 .rodata.str1.1
                0x08002b18        0x5 Middlewares\FreeRTOS\tasks.o
 .rodata.CSWTCH.31
                0x08002b1d        0x4 Drivers\STM32F0xx_HAL_Driver\stm32f0xx_hal_uart.o
 .rodata.aAPBAHBPrescTable
                0x08002b21       0x10 Drivers\STM32F0xx_HAL_Driver\stm32f0xx_hal_rcc.o
                0x08002b21                aAPBAHBPrescTable
 .rodata.str1.1
                0x08002b31        0xc Application\User\main.o
                0x08002b40                . = ALIGN (0x4)
 *fill*         0x08002b3d        0x3 

.rel.dyn        0x08002b40        0x0
 .rel.iplt      0x08002b40        0x0 c:/program files (x86)/atollic/truestudio for arm 5.5.2/armtools/bin/../lib/gcc/arm-atollic-eabi/5.3.1/armv6-m/crtbegin.o

.ARM.extab
 *(.ARM.extab* .gnu.linkonce.armextab.*)

.ARM            0x08002b40        0x0
                0x08002b40                __exidx_start = .
 *(.ARM.exidx*)
                0x08002b40                __exidx_end = .

.preinit_array  0x08002b40        0x0
                0x08002b40                PROVIDE (__preinit_array_start, .)
 *(.preinit_array*)
                0x08002b40                PROVIDE (__preinit_array_end, .)

.init_array     0x08002b40        0x4
                0x08002b40                PROVIDE (__init_array_start, .)
 *(SORT(.init_array.*))
 *(.init_array*)
 .init_array    0x08002b40        0x4 c:/program files (x86)/atollic/truestudio for arm 5.5.2/armtools/bin/../lib/gcc/arm-atollic-eabi/5.3.1/armv6-m/crtbegin.o
                0x08002b44                PROVIDE (__init_array_end, .)

.fini_array     0x08002b44        0x4
                [!provide]                PROVIDE (__fini_array_start, .)
 *(SORT(.fini_array.*))
 *(.fini_array*)
 .fini_array    0x08002b44        0x4 c:/program files (x86)/atollic/truestudio for arm 5.5.2/armtools/bin/../lib/gcc/arm-atollic-eabi/5.3.1/armv6-m/crtbegin.o
                [!provide]                PROVIDE (__fini_array_end, .)
                0x08002b48                _sidata = LOADADDR (.data)

.data           0x20000000        0xc load address 0x08002b48
                0x20000000                . = ALIGN (0x4)
                0x20000000                _sdata = .
 *(.data)
 *(.data*)
 .data.xNextTaskUnblockTime
                0x20000000        0x4 Middlewares\FreeRTOS\tasks.o
 .data.uxCriticalNesting
                0x20000004        0x4 Middlewares\FreeRTOS\port.o
 .data.SystemCoreClock
                0x20000008        0x4 Drivers\CMSIS\system_stm32f0xx.o
                0x20000008                SystemCoreClock
                0x2000000c                . = ALIGN (0x4)
                0x2000000c                _edata = .

.igot.plt       0x2000000c        0x0 load address 0x08002b54
 .igot.plt      0x2000000c        0x0 c:/program files (x86)/atollic/truestudio for arm 5.5.2/armtools/bin/../lib/gcc/arm-atollic-eabi/5.3.1/armv6-m/crtbegin.o
                0x2000000c                . = ALIGN (0x4)

.bss            0x2000000c      0xb40 load address 0x08002b54
                0x2000000c                _sbss = .
                0x2000000c                __bss_start__ = _sbss
 *(.bss)
 .bss           0x2000000c       0x1c c:/program files (x86)/atollic/truestudio for arm 5.5.2/armtools/bin/../lib/gcc/arm-atollic-eabi/5.3.1/armv6-m/crtbegin.o
 *(.bss*)
 .bss.xNumOfOverflows
                0x20000028        0x4 Middlewares\FreeRTOS\tasks.o
 .bss.pxDelayedTaskList
                0x2000002c        0x4 Middlewares\FreeRTOS\tasks.o
 .bss.xSchedulerRunning
                0x20000030        0x4 Middlewares\FreeRTOS\tasks.o
 .bss.uxTasksDeleted
                0x20000034        0x4 Middlewares\FreeRTOS\tasks.o
 .bss.xDelayedTaskList1
                0x20000038       0x14 Middlewares\FreeRTOS\tasks.o
 .bss.xDelayedTaskList2
                0x2000004c       0x14 Middlewares\FreeRTOS\tasks.o
 .bss.uxPendedTicks
                0x20000060        0x4 Middlewares\FreeRTOS\tasks.o
 .bss.pxReadyTasksLists
                0x20000064       0x8c Middlewares\FreeRTOS\tasks.o
 .bss.xTasksWaitingTermination
                0x200000f0       0x14 Middlewares\FreeRTOS\tasks.o
 .bss.pxCurrentTCB
                0x20000104        0x4 Middlewares\FreeRTOS\tasks.o
                0x20000104                pxCurrentTCB
 .bss.xPendingReadyList
                0x20000108       0x14 Middlewares\FreeRTOS\tasks.o
 .bss.uxSchedulerSuspended
                0x2000011c        0x4 Middlewares\FreeRTOS\tasks.o
 .bss.xTickCount
                0x20000120        0x4 Middlewares\FreeRTOS\tasks.o
 .bss.pxOverflowDelayedTaskList
                0x20000124        0x4 Middlewares\FreeRTOS\tasks.o
 .bss.uxTaskNumber
                0x20000128        0x4 Middlewares\FreeRTOS\tasks.o
 .bss.uxCurrentNumberOfTasks
                0x2000012c        0x4 Middlewares\FreeRTOS\tasks.o
 .bss.xSuspendedTaskList
                0x20000130       0x14 Middlewares\FreeRTOS\tasks.o
 .bss.uxTopReadyPriority
                0x20000144        0x4 Middlewares\FreeRTOS\tasks.o
 .bss.xYieldPending
                0x20000148        0x4 Middlewares\FreeRTOS\tasks.o
 .bss.xFreeBytesRemaining
                0x2000014c        0x4 Middlewares\FreeRTOS\heap_4.o
 .bss.pxEnd     0x20000150        0x4 Middlewares\FreeRTOS\heap_4.o
 .bss.xStart    0x20000154        0x8 Middlewares\FreeRTOS\heap_4.o
 .bss.ucHeap    0x2000015c      0x800 Middlewares\FreeRTOS\heap_4.o
 .bss.xBlockAllocatedBit
                0x2000095c        0x4 Middlewares\FreeRTOS\heap_4.o
 .bss.xMinimumEverFreeBytesRemaining
                0x20000960        0x4 Middlewares\FreeRTOS\heap_4.o
 .bss.uwTick    0x20000964        0x4 Drivers\STM32F0xx_HAL_Driver\stm32f0xx_hal.o
 *(COMMON)
 COMMON         0x20000968       0x3c Application\User\stm32f0xx_hal_timebase_TIM.o
                0x20000968                htim17
 COMMON         0x200009a4      0x1a8 Application\User\main.o
                0x200009a4                defaultTaskHandle
                0x200009a8                htim3
                0x200009e4                huart1
                0x20000a54                hrtc
                0x20000a74                htim1
                0x20000ab0                hsmbus1
                0x20000b00                hadc
                0x20000b4c                . = ALIGN (0x4)
                0x20000b4c                _ebss = .
                0x20000b4c                __bss_end__ = _ebss

._user_heap_stack
                0x20000b4c      0x600 load address 0x08002b54
                0x20000b4c                . = ALIGN (0x4)
                [!provide]                PROVIDE (end, .)
                [!provide]                PROVIDE (_end, .)
                0x20000f4c                . = (. + _Min_Heap_Size)
 *fill*         0x20000b4c      0x400 
                0x2000114c                . = (. + _Min_Stack_Size)
 *fill*         0x20000f4c      0x200 
                0x2000114c                . = ALIGN (0x4)

/DISCARD/
 libc.a(*)
 libm.a(*)
 libgcc.a(*)

.ARM.attributes
                0x00000000       0x28
 *(.ARM.attributes)
 .ARM.attributes
                0x00000000       0x1e c:/program files (x86)/atollic/truestudio for arm 5.5.2/armtools/bin/../lib/gcc/arm-atollic-eabi/5.3.1/armv6-m/crti.o
 .ARM.attributes
                0x0000001e       0x2c c:/program files (x86)/atollic/truestudio for arm 5.5.2/armtools/bin/../lib/gcc/arm-atollic-eabi/5.3.1/armv6-m/crtbegin.o
 .ARM.attributes
                0x0000004a       0x31 Middlewares\FreeRTOS\tasks.o
 .ARM.attributes
                0x0000007b       0x31 Middlewares\FreeRTOS\port.o
 .ARM.attributes
                0x000000ac       0x31 Middlewares\FreeRTOS\list.o
 .ARM.attributes
                0x000000dd       0x31 Middlewares\FreeRTOS\heap_4.o
 .ARM.attributes
                0x0000010e       0x31 Middlewares\FreeRTOS\cmsis_os.o
 .ARM.attributes
                0x0000013f       0x31 Drivers\STM32F0xx_HAL_Driver\stm32f0xx_hal_uart.o
 .ARM.attributes
                0x00000170       0x31 Drivers\STM32F0xx_HAL_Driver\stm32f0xx_hal_tim_ex.o
 .ARM.attributes
                0x000001a1       0x31 Drivers\STM32F0xx_HAL_Driver\stm32f0xx_hal_tim.o
 .ARM.attributes
                0x000001d2       0x31 Drivers\STM32F0xx_HAL_Driver\stm32f0xx_hal_smbus.o
 .ARM.attributes
                0x00000203       0x31 Drivers\STM32F0xx_HAL_Driver\stm32f0xx_hal_rtc.o
 .ARM.attributes
                0x00000234       0x31 Drivers\STM32F0xx_HAL_Driver\stm32f0xx_hal_rcc_ex.o
 .ARM.attributes
                0x00000265       0x31 Drivers\STM32F0xx_HAL_Driver\stm32f0xx_hal_rcc.o
 .ARM.attributes
                0x00000296       0x31 Drivers\STM32F0xx_HAL_Driver\stm32f0xx_hal_gpio.o
 .ARM.attributes
                0x000002c7       0x31 Drivers\STM32F0xx_HAL_Driver\stm32f0xx_hal_cortex.o
 .ARM.attributes
                0x000002f8       0x31 Drivers\STM32F0xx_HAL_Driver\stm32f0xx_hal_adc.o
 .ARM.attributes
                0x00000329       0x31 Drivers\STM32F0xx_HAL_Driver\stm32f0xx_hal.o
 .ARM.attributes
                0x0000035a       0x31 Drivers\CMSIS\system_stm32f0xx.o
 .ARM.attributes
                0x0000038b       0x31 Application\User\stm32f0xx_it.o
 .ARM.attributes
                0x000003bc       0x31 Application\User\stm32f0xx_hal_timebase_TIM.o
 .ARM.attributes
                0x000003ed       0x31 Application\User\stm32f0xx_hal_msp.o
 .ARM.attributes
                0x0000041e       0x31 Application\User\main.o
 .ARM.attributes
                0x0000044f       0x21 Application\TrueSTUDIO\startup_stm32f030x6.o
 .ARM.attributes
                0x00000470       0x2c c:/program files (x86)/atollic/truestudio for arm 5.5.2/armtools/bin/../lib/gcc/arm-atollic-eabi/5.3.1/../../../../arm-atollic-eabi/lib/armv6-m\libc.a(lib_a-init.o)
 .ARM.attributes
                0x0000049c       0x2c c:/program files (x86)/atollic/truestudio for arm 5.5.2/armtools/bin/../lib/gcc/arm-atollic-eabi/5.3.1/../../../../arm-atollic-eabi/lib/armv6-m\libc.a(lib_a-memcpy-stub.o)
 .ARM.attributes
                0x000004c8       0x2c c:/program files (x86)/atollic/truestudio for arm 5.5.2/armtools/bin/../lib/gcc/arm-atollic-eabi/5.3.1/../../../../arm-atollic-eabi/lib/armv6-m\libc.a(lib_a-memset.o)
 .ARM.attributes
                0x000004f4       0x1e c:/program files (x86)/atollic/truestudio for arm 5.5.2/armtools/bin/../lib/gcc/arm-atollic-eabi/5.3.1/armv6-m\libgcc.a(_thumb1_case_uqi.o)
 .ARM.attributes
                0x00000512       0x1e c:/program files (x86)/atollic/truestudio for arm 5.5.2/armtools/bin/../lib/gcc/arm-atollic-eabi/5.3.1/armv6-m\libgcc.a(_udivsi3.o)
 .ARM.attributes
                0x00000530       0x1e c:/program files (x86)/atollic/truestudio for arm 5.5.2/armtools/bin/../lib/gcc/arm-atollic-eabi/5.3.1/armv6-m\libgcc.a(_dvmd_tls.o)
 .ARM.attributes
                0x0000054e       0x1e c:/program files (x86)/atollic/truestudio for arm 5.5.2/armtools/bin/../lib/gcc/arm-atollic-eabi/5.3.1/armv6-m/crtn.o
OUTPUT(PuJuice Firmware.elf elf32-littlearm)

.debug_info     0x00000000    0x11c5f
 .debug_info    0x00000000     0x2087 Middlewares\FreeRTOS\tasks.o
 .debug_info    0x00002087      0x2a9 Middlewares\FreeRTOS\port.o
 .debug_info    0x00002330      0x2a1 Middlewares\FreeRTOS\list.o
 .debug_info    0x000025d1      0x38d Middlewares\FreeRTOS\heap_4.o
 .debug_info    0x0000295e     0x1b73 Middlewares\FreeRTOS\cmsis_os.o
 .debug_info    0x000044d1     0x110f Drivers\STM32F0xx_HAL_Driver\stm32f0xx_hal_uart.o
 .debug_info    0x000055e0      0xebb Drivers\STM32F0xx_HAL_Driver\stm32f0xx_hal_tim_ex.o
 .debug_info    0x0000649b     0x2e23 Drivers\STM32F0xx_HAL_Driver\stm32f0xx_hal_tim.o
 .debug_info    0x000092be     0x1003 Drivers\STM32F0xx_HAL_Driver\stm32f0xx_hal_smbus.o
 .debug_info    0x0000a2c1      0xc48 Drivers\STM32F0xx_HAL_Driver\stm32f0xx_hal_rtc.o
 .debug_info    0x0000af09      0x36e Drivers\STM32F0xx_HAL_Driver\stm32f0xx_hal_rcc_ex.o
 .debug_info    0x0000b277      0x983 Drivers\STM32F0xx_HAL_Driver\stm32f0xx_hal_rcc.o
 .debug_info    0x0000bbfa      0x5d9 Drivers\STM32F0xx_HAL_Driver\stm32f0xx_hal_gpio.o
 .debug_info    0x0000c1d3      0x777 Drivers\STM32F0xx_HAL_Driver\stm32f0xx_hal_cortex.o
 .debug_info    0x0000c94a      0xd33 Drivers\STM32F0xx_HAL_Driver\stm32f0xx_hal_adc.o
 .debug_info    0x0000d67d      0x55d Drivers\STM32F0xx_HAL_Driver\stm32f0xx_hal.o
 .debug_info    0x0000dbda      0x221 Drivers\CMSIS\system_stm32f0xx.o
 .debug_info    0x0000ddfb      0x51b Application\User\stm32f0xx_it.o
 .debug_info    0x0000e316      0x860 Application\User\stm32f0xx_hal_timebase_TIM.o
 .debug_info    0x0000eb76     0x1368 Application\User\stm32f0xx_hal_msp.o
 .debug_info    0x0000fede     0x1cb1 Application\User\main.o
 .debug_info    0x00011b8f       0xd0 Application\TrueSTUDIO\startup_stm32f030x6.o

.debug_abbrev   0x00000000     0x2cfb
 .debug_abbrev  0x00000000      0x333 Middlewares\FreeRTOS\tasks.o
 .debug_abbrev  0x00000333      0x1d2 Middlewares\FreeRTOS\port.o
 .debug_abbrev  0x00000505       0xdc Middlewares\FreeRTOS\list.o
 .debug_abbrev  0x000005e1      0x1ec Middlewares\FreeRTOS\heap_4.o
 .debug_abbrev  0x000007cd      0x33b Middlewares\FreeRTOS\cmsis_os.o
 .debug_abbrev  0x00000b08      0x274 Drivers\STM32F0xx_HAL_Driver\stm32f0xx_hal_uart.o
 .debug_abbrev  0x00000d7c      0x26e Drivers\STM32F0xx_HAL_Driver\stm32f0xx_hal_tim_ex.o
 .debug_abbrev  0x00000fea      0x312 Drivers\STM32F0xx_HAL_Driver\stm32f0xx_hal_tim.o
 .debug_abbrev  0x000012fc      0x2a6 Drivers\STM32F0xx_HAL_Driver\stm32f0xx_hal_smbus.o
 .debug_abbrev  0x000015a2      0x1e8 Drivers\STM32F0xx_HAL_Driver\stm32f0xx_hal_rtc.o
 .debug_abbrev  0x0000178a      0x171 Drivers\STM32F0xx_HAL_Driver\stm32f0xx_hal_rcc_ex.o
 .debug_abbrev  0x000018fb      0x21a Drivers\STM32F0xx_HAL_Driver\stm32f0xx_hal_rcc.o
 .debug_abbrev  0x00001b15      0x1de Drivers\STM32F0xx_HAL_Driver\stm32f0xx_hal_gpio.o
 .debug_abbrev  0x00001cf3      0x273 Drivers\STM32F0xx_HAL_Driver\stm32f0xx_hal_cortex.o
 .debug_abbrev  0x00001f66      0x2a4 Drivers\STM32F0xx_HAL_Driver\stm32f0xx_hal_adc.o
 .debug_abbrev  0x0000220a      0x204 Drivers\STM32F0xx_HAL_Driver\stm32f0xx_hal.o
 .debug_abbrev  0x0000240e       0xf0 Drivers\CMSIS\system_stm32f0xx.o
 .debug_abbrev  0x000024fe      0x150 Application\User\stm32f0xx_it.o
 .debug_abbrev  0x0000264e      0x1f8 Application\User\stm32f0xx_hal_timebase_TIM.o
 .debug_abbrev  0x00002846      0x20e Application\User\stm32f0xx_hal_msp.o
 .debug_abbrev  0x00002a54      0x295 Application\User\main.o
 .debug_abbrev  0x00002ce9       0x12 Application\TrueSTUDIO\startup_stm32f030x6.o

.debug_loc      0x00000000     0xa4ca
 .debug_loc     0x00000000     0x143b Middlewares\FreeRTOS\tasks.o
 .debug_loc     0x0000143b       0xb4 Middlewares\FreeRTOS\port.o
 .debug_loc     0x000014ef       0x89 Middlewares\FreeRTOS\list.o
 .debug_loc     0x00001578      0x2df Middlewares\FreeRTOS\heap_4.o
 .debug_loc     0x00001857      0xf12 Middlewares\FreeRTOS\cmsis_os.o
 .debug_loc     0x00002769      0xd86 Drivers\STM32F0xx_HAL_Driver\stm32f0xx_hal_uart.o
 .debug_loc     0x000034ef      0x9d2 Drivers\STM32F0xx_HAL_Driver\stm32f0xx_hal_tim_ex.o
 .debug_loc     0x00003ec1     0x3895 Drivers\STM32F0xx_HAL_Driver\stm32f0xx_hal_tim.o
 .debug_loc     0x00007756      0xa76 Drivers\STM32F0xx_HAL_Driver\stm32f0xx_hal_smbus.o
 .debug_loc     0x000081cc      0x917 Drivers\STM32F0xx_HAL_Driver\stm32f0xx_hal_rtc.o
 .debug_loc     0x00008ae3      0x209 Drivers\STM32F0xx_HAL_Driver\stm32f0xx_hal_rcc_ex.o
 .debug_loc     0x00008cec      0x436 Drivers\STM32F0xx_HAL_Driver\stm32f0xx_hal_rcc.o
 .debug_loc     0x00009122      0x2c5 Drivers\STM32F0xx_HAL_Driver\stm32f0xx_hal_gpio.o
 .debug_loc     0x000093e7      0x3da Drivers\STM32F0xx_HAL_Driver\stm32f0xx_hal_cortex.o
 .debug_loc     0x000097c1      0x9dc Drivers\STM32F0xx_HAL_Driver\stm32f0xx_hal_adc.o
 .debug_loc     0x0000a19d       0x6a Drivers\STM32F0xx_HAL_Driver\stm32f0xx_hal.o
 .debug_loc     0x0000a207      0x107 Drivers\CMSIS\system_stm32f0xx.o
 .debug_loc     0x0000a30e       0x9b Application\User\stm32f0xx_hal_timebase_TIM.o
 .debug_loc     0x0000a3a9      0x100 Application\User\stm32f0xx_hal_msp.o
 .debug_loc     0x0000a4a9       0x21 Application\User\main.o

.debug_aranges  0x00000000      0xe18
 .debug_aranges
                0x00000000      0x178 Middlewares\FreeRTOS\tasks.o
 .debug_aranges
                0x00000178       0x80 Middlewares\FreeRTOS\port.o
 .debug_aranges
                0x000001f8       0x40 Middlewares\FreeRTOS\list.o
 .debug_aranges
                0x00000238       0x48 Middlewares\FreeRTOS\heap_4.o
 .debug_aranges
                0x00000280      0x180 Middlewares\FreeRTOS\cmsis_os.o
 .debug_aranges
                0x00000400      0x120 Drivers\STM32F0xx_HAL_Driver\stm32f0xx_hal_uart.o
 .debug_aranges
                0x00000520       0xf0 Drivers\STM32F0xx_HAL_Driver\stm32f0xx_hal_tim_ex.o
 .debug_aranges
                0x00000610      0x250 Drivers\STM32F0xx_HAL_Driver\stm32f0xx_hal_tim.o
 .debug_aranges
                0x00000860       0xd0 Drivers\STM32F0xx_HAL_Driver\stm32f0xx_hal_smbus.o
 .debug_aranges
                0x00000930       0xa8 Drivers\STM32F0xx_HAL_Driver\stm32f0xx_hal_rtc.o
 .debug_aranges
                0x000009d8       0x30 Drivers\STM32F0xx_HAL_Driver\stm32f0xx_hal_rcc_ex.o
 .debug_aranges
                0x00000a08       0x80 Drivers\STM32F0xx_HAL_Driver\stm32f0xx_hal_rcc.o
 .debug_aranges
                0x00000a88       0x58 Drivers\STM32F0xx_HAL_Driver\stm32f0xx_hal_gpio.o
 .debug_aranges
                0x00000ae0       0x78 Drivers\STM32F0xx_HAL_Driver\stm32f0xx_hal_cortex.o
 .debug_aranges
                0x00000b58       0xd0 Drivers\STM32F0xx_HAL_Driver\stm32f0xx_hal_adc.o
 .debug_aranges
                0x00000c28       0x98 Drivers\STM32F0xx_HAL_Driver\stm32f0xx_hal.o
 .debug_aranges
                0x00000cc0       0x28 Drivers\CMSIS\system_stm32f0xx.o
 .debug_aranges
                0x00000ce8       0x28 Application\User\stm32f0xx_it.o
 .debug_aranges
                0x00000d10       0x38 Application\User\stm32f0xx_hal_timebase_TIM.o
 .debug_aranges
                0x00000d48       0x78 Application\User\stm32f0xx_hal_msp.o
 .debug_aranges
                0x00000dc0       0x30 Application\User\main.o
 .debug_aranges
                0x00000df0       0x28 Application\TrueSTUDIO\startup_stm32f030x6.o

.debug_ranges   0x00000000     0x1400
 .debug_ranges  0x00000000      0x208 Middlewares\FreeRTOS\tasks.o
 .debug_ranges  0x00000208       0x88 Middlewares\FreeRTOS\port.o
 .debug_ranges  0x00000290       0x30 Middlewares\FreeRTOS\list.o
 .debug_ranges  0x000002c0       0x38 Middlewares\FreeRTOS\heap_4.o
 .debug_ranges  0x000002f8      0x170 Middlewares\FreeRTOS\cmsis_os.o
 .debug_ranges  0x00000468      0x1b0 Drivers\STM32F0xx_HAL_Driver\stm32f0xx_hal_uart.o
 .debug_ranges  0x00000618       0xe0 Drivers\STM32F0xx_HAL_Driver\stm32f0xx_hal_tim_ex.o
 .debug_ranges  0x000006f8      0x550 Drivers\STM32F0xx_HAL_Driver\stm32f0xx_hal_tim.o
 .debug_ranges  0x00000c48      0x198 Drivers\STM32F0xx_HAL_Driver\stm32f0xx_hal_smbus.o
 .debug_ranges  0x00000de0       0x98 Drivers\STM32F0xx_HAL_Driver\stm32f0xx_hal_rtc.o
 .debug_ranges  0x00000e78       0x48 Drivers\STM32F0xx_HAL_Driver\stm32f0xx_hal_rcc_ex.o
 .debug_ranges  0x00000ec0       0xb8 Drivers\STM32F0xx_HAL_Driver\stm32f0xx_hal_rcc.o
 .debug_ranges  0x00000f78       0x68 Drivers\STM32F0xx_HAL_Driver\stm32f0xx_hal_gpio.o
 .debug_ranges  0x00000fe0       0xe8 Drivers\STM32F0xx_HAL_Driver\stm32f0xx_hal_cortex.o
 .debug_ranges  0x000010c8       0xc0 Drivers\STM32F0xx_HAL_Driver\stm32f0xx_hal_adc.o
 .debug_ranges  0x00001188       0x88 Drivers\STM32F0xx_HAL_Driver\stm32f0xx_hal.o
 .debug_ranges  0x00001210       0x18 Drivers\CMSIS\system_stm32f0xx.o
 .debug_ranges  0x00001228       0x18 Application\User\stm32f0xx_it.o
 .debug_ranges  0x00001240       0x48 Application\User\stm32f0xx_hal_timebase_TIM.o
 .debug_ranges  0x00001288       0xe0 Application\User\stm32f0xx_hal_msp.o
 .debug_ranges  0x00001368       0x78 Application\User\main.o
 .debug_ranges  0x000013e0       0x20 Application\TrueSTUDIO\startup_stm32f030x6.o

.debug_line     0x00000000     0x75f7
 .debug_line    0x00000000      0xb6f Middlewares\FreeRTOS\tasks.o
 .debug_line    0x00000b6f      0x2f8 Middlewares\FreeRTOS\port.o
 .debug_line    0x00000e67      0x26f Middlewares\FreeRTOS\list.o
 .debug_line    0x000010d6      0x318 Middlewares\FreeRTOS\heap_4.o
 .debug_line    0x000013ee      0x7b4 Middlewares\FreeRTOS\cmsis_os.o
 .debug_line    0x00001ba2      0x9c8 Drivers\STM32F0xx_HAL_Driver\stm32f0xx_hal_uart.o
 .debug_line    0x0000256a      0x6b5 Drivers\STM32F0xx_HAL_Driver\stm32f0xx_hal_tim_ex.o
 .debug_line    0x00002c1f     0x11ec Drivers\STM32F0xx_HAL_Driver\stm32f0xx_hal_tim.o
 .debug_line    0x00003e0b      0x815 Drivers\STM32F0xx_HAL_Driver\stm32f0xx_hal_smbus.o
 .debug_line    0x00004620      0x5d2 Drivers\STM32F0xx_HAL_Driver\stm32f0xx_hal_rtc.o
 .debug_line    0x00004bf2      0x305 Drivers\STM32F0xx_HAL_Driver\stm32f0xx_hal_rcc_ex.o
 .debug_line    0x00004ef7      0x54b Drivers\STM32F0xx_HAL_Driver\stm32f0xx_hal_rcc.o
 .debug_line    0x00005442      0x36f Drivers\STM32F0xx_HAL_Driver\stm32f0xx_hal_gpio.o
 .debug_line    0x000057b1      0x354 Drivers\STM32F0xx_HAL_Driver\stm32f0xx_hal_cortex.o
 .debug_line    0x00005b05      0x791 Drivers\STM32F0xx_HAL_Driver\stm32f0xx_hal_adc.o
 .debug_line    0x00006296      0x368 Drivers\STM32F0xx_HAL_Driver\stm32f0xx_hal.o
 .debug_line    0x000065fe      0x1e5 Drivers\CMSIS\system_stm32f0xx.o
 .debug_line    0x000067e3      0x23d Application\User\stm32f0xx_it.o
 .debug_line    0x00006a20      0x289 Application\User\stm32f0xx_hal_timebase_TIM.o
 .debug_line    0x00006ca9      0x3e0 Application\User\stm32f0xx_hal_msp.o
 .debug_line    0x00007089      0x4b6 Application\User\main.o
 .debug_line    0x0000753f       0xb8 Application\TrueSTUDIO\startup_stm32f030x6.o

.debug_str      0x00000000     0x4d4b
 .debug_str     0x00000000      0xe4e Middlewares\FreeRTOS\tasks.o
                                0xf03 (size before relaxing)
 .debug_str     0x00000e4e       0xf7 Middlewares\FreeRTOS\port.o
                                0x3a1 (size before relaxing)
 .debug_str     0x00000f45       0x79 Middlewares\FreeRTOS\list.o
                                0x316 (size before relaxing)
 .debug_str     0x00000fbe      0x1e7 Middlewares\FreeRTOS\heap_4.o
                                0x3e0 (size before relaxing)
 .debug_str     0x000011a5      0x882 Middlewares\FreeRTOS\cmsis_os.o
                                0xd2e (size before relaxing)
 .debug_str     0x00001a27      0x8a4 Drivers\STM32F0xx_HAL_Driver\stm32f0xx_hal_uart.o
                                0xaed (size before relaxing)
 .debug_str     0x000022cb      0x708 Drivers\STM32F0xx_HAL_Driver\stm32f0xx_hal_tim_ex.o
                                0xafc (size before relaxing)
 .debug_str     0x000029d3      0x9a9 Drivers\STM32F0xx_HAL_Driver\stm32f0xx_hal_tim.o
                               0x10af (size before relaxing)
 .debug_str     0x0000337c      0x400 Drivers\STM32F0xx_HAL_Driver\stm32f0xx_hal_smbus.o
                                0x6bc (size before relaxing)
 .debug_str     0x0000377c      0x3ed Drivers\STM32F0xx_HAL_Driver\stm32f0xx_hal_rtc.o
                                0x67e (size before relaxing)
 .debug_str     0x00003b69      0x139 Drivers\STM32F0xx_HAL_Driver\stm32f0xx_hal_rcc_ex.o
                                0x3c5 (size before relaxing)
 .debug_str     0x00003ca2      0x363 Drivers\STM32F0xx_HAL_Driver\stm32f0xx_hal_rcc.o
                                0x639 (size before relaxing)
 .debug_str     0x00004005      0x132 Drivers\STM32F0xx_HAL_Driver\stm32f0xx_hal_gpio.o
                                0x42c (size before relaxing)
 .debug_str     0x00004137      0x358 Drivers\STM32F0xx_HAL_Driver\stm32f0xx_hal_cortex.o
                                0x5d2 (size before relaxing)
 .debug_str     0x0000448f      0x3f3 Drivers\STM32F0xx_HAL_Driver\stm32f0xx_hal_adc.o
                                0x857 (size before relaxing)
 .debug_str     0x00004882      0x171 Drivers\STM32F0xx_HAL_Driver\stm32f0xx_hal.o
                                0x592 (size before relaxing)
 .debug_str     0x000049f3       0x8f Drivers\CMSIS\system_stm32f0xx.o
                                0x2b1 (size before relaxing)
 .debug_str     0x00004a82       0x44 Application\User\stm32f0xx_it.o
                                0x595 (size before relaxing)
 .debug_str     0x00004ac6       0x7f Application\User\stm32f0xx_hal_timebase_TIM.o
                                0x8a8 (size before relaxing)
 .debug_str     0x00004b45      0x112 Application\User\stm32f0xx_hal_msp.o
                                0xec7 (size before relaxing)
 .debug_str     0x00004c57       0xf4 Application\User\main.o
                               0x15b2 (size before relaxing)

.comment        0x00000000       0x7e
 .comment       0x00000000       0x7e Middlewares\FreeRTOS\tasks.o
                                 0x7f (size before relaxing)
 .comment       0x0000007e       0x7f Middlewares\FreeRTOS\port.o
 .comment       0x0000007e       0x7f Middlewares\FreeRTOS\list.o
 .comment       0x0000007e       0x7f Middlewares\FreeRTOS\heap_4.o
 .comment       0x0000007e       0x7f Middlewares\FreeRTOS\cmsis_os.o
 .comment       0x0000007e       0x7f Drivers\STM32F0xx_HAL_Driver\stm32f0xx_hal_uart.o
 .comment       0x0000007e       0x7f Drivers\STM32F0xx_HAL_Driver\stm32f0xx_hal_tim_ex.o
 .comment       0x0000007e       0x7f Drivers\STM32F0xx_HAL_Driver\stm32f0xx_hal_tim.o
 .comment       0x0000007e       0x7f Drivers\STM32F0xx_HAL_Driver\stm32f0xx_hal_smbus.o
 .comment       0x0000007e       0x7f Drivers\STM32F0xx_HAL_Driver\stm32f0xx_hal_rtc.o
 .comment       0x0000007e       0x7f Drivers\STM32F0xx_HAL_Driver\stm32f0xx_hal_rcc_ex.o
 .comment       0x0000007e       0x7f Drivers\STM32F0xx_HAL_Driver\stm32f0xx_hal_rcc.o
 .comment       0x0000007e       0x7f Drivers\STM32F0xx_HAL_Driver\stm32f0xx_hal_gpio.o
 .comment       0x0000007e       0x7f Drivers\STM32F0xx_HAL_Driver\stm32f0xx_hal_cortex.o
 .comment       0x0000007e       0x7f Drivers\STM32F0xx_HAL_Driver\stm32f0xx_hal_adc.o
 .comment       0x0000007e       0x7f Drivers\STM32F0xx_HAL_Driver\stm32f0xx_hal.o
 .comment       0x0000007e       0x7f Drivers\CMSIS\system_stm32f0xx.o
 .comment       0x0000007e       0x7f Application\User\stm32f0xx_it.o
 .comment       0x0000007e       0x7f Application\User\stm32f0xx_hal_timebase_TIM.o
 .comment       0x0000007e       0x7f Application\User\stm32f0xx_hal_msp.o
 .comment       0x0000007e       0x7f Application\User\main.o

.debug_frame    0x00000000     0x2afc
 .debug_frame   0x00000000      0x488 Middlewares\FreeRTOS\tasks.o
 .debug_frame   0x00000488       0xf8 Middlewares\FreeRTOS\port.o
 .debug_frame   0x00000580       0x6c Middlewares\FreeRTOS\list.o
 .debug_frame   0x000005ec       0x94 Middlewares\FreeRTOS\heap_4.o
 .debug_frame   0x00000680      0x4d4 Middlewares\FreeRTOS\cmsis_os.o
 .debug_frame   0x00000b54      0x3b4 Drivers\STM32F0xx_HAL_Driver\stm32f0xx_hal_uart.o
 .debug_frame   0x00000f08      0x388 Drivers\STM32F0xx_HAL_Driver\stm32f0xx_hal_tim_ex.o
 .debug_frame   0x00001290      0x8fc Drivers\STM32F0xx_HAL_Driver\stm32f0xx_hal_tim.o
 .debug_frame   0x00001b8c      0x2d8 Drivers\STM32F0xx_HAL_Driver\stm32f0xx_hal_smbus.o
 .debug_frame   0x00001e64      0x22c Drivers\STM32F0xx_HAL_Driver\stm32f0xx_hal_rtc.o
 .debug_frame   0x00002090       0x58 Drivers\STM32F0xx_HAL_Driver\stm32f0xx_hal_rcc_ex.o
 .debug_frame   0x000020e8      0x13c Drivers\STM32F0xx_HAL_Driver\stm32f0xx_hal_rcc.o
 .debug_frame   0x00002224       0xc0 Drivers\STM32F0xx_HAL_Driver\stm32f0xx_hal_gpio.o
 .debug_frame   0x000022e4       0xe4 Drivers\STM32F0xx_HAL_Driver\stm32f0xx_hal_cortex.o
 .debug_frame   0x000023c8      0x2d8 Drivers\STM32F0xx_HAL_Driver\stm32f0xx_hal_adc.o
 .debug_frame   0x000026a0      0x144 Drivers\STM32F0xx_HAL_Driver\stm32f0xx_hal.o
 .debug_frame   0x000027e4       0x3c Drivers\CMSIS\system_stm32f0xx.o
 .debug_frame   0x00002820       0x40 Application\User\stm32f0xx_it.o
 .debug_frame   0x00002860       0x64 Application\User\stm32f0xx_hal_timebase_TIM.o
 .debug_frame   0x000028c4      0x140 Application\User\stm32f0xx_hal_msp.o
 .debug_frame   0x00002a04       0x64 Application\User\main.o
 .debug_frame   0x00002a68       0x2c c:/program files (x86)/atollic/truestudio for arm 5.5.2/armtools/bin/../lib/gcc/arm-atollic-eabi/5.3.1/../../../../arm-atollic-eabi/lib/armv6-m\libc.a(lib_a-init.o)
 .debug_frame   0x00002a94       0x28 c:/program files (x86)/atollic/truestudio for arm 5.5.2/armtools/bin/../lib/gcc/arm-atollic-eabi/5.3.1/../../../../arm-atollic-eabi/lib/armv6-m\libc.a(lib_a-memcpy-stub.o)
 .debug_frame   0x00002abc       0x20 c:/program files (x86)/atollic/truestudio for arm 5.5.2/armtools/bin/../lib/gcc/arm-atollic-eabi/5.3.1/../../../../arm-atollic-eabi/lib/armv6-m\libc.a(lib_a-memset.o)
 .debug_frame   0x00002adc       0x20 c:/program files (x86)/atollic/truestudio for arm 5.5.2/armtools/bin/../lib/gcc/arm-atollic-eabi/5.3.1/armv6-m\libgcc.a(_udivsi3.o)

Cross Reference Table

Symbol                                            File
ADC1_IRQHandler                                   Application\TrueSTUDIO\startup_stm32f030x6.o
AHBPrescTable                                     Drivers\CMSIS\system_stm32f0xx.o
DMA1_Channel1_IRQHandler                          Application\TrueSTUDIO\startup_stm32f030x6.o
DMA1_Channel2_3_IRQHandler                        Application\TrueSTUDIO\startup_stm32f030x6.o
DMA1_Channel4_5_IRQHandler                        Application\TrueSTUDIO\startup_stm32f030x6.o
Default_Handler                                   Application\TrueSTUDIO\startup_stm32f030x6.o
EXTI0_1_IRQHandler                                Application\TrueSTUDIO\startup_stm32f030x6.o
EXTI2_3_IRQHandler                                Application\TrueSTUDIO\startup_stm32f030x6.o
EXTI4_15_IRQHandler                               Application\TrueSTUDIO\startup_stm32f030x6.o
FLASH_IRQHandler                                  Application\TrueSTUDIO\startup_stm32f030x6.o
FLASH_PageErase                                   Drivers\STM32F0xx_HAL_Driver\stm32f0xx_hal_flash_ex.o
                                                  Drivers\STM32F0xx_HAL_Driver\stm32f0xx_hal_flash.o
FLASH_WaitForLastOperation                        Drivers\STM32F0xx_HAL_Driver\stm32f0xx_hal_flash.o
                                                  Drivers\STM32F0xx_HAL_Driver\stm32f0xx_hal_flash_ex.o
HAL_ADCEx_Calibration_Start                       Drivers\STM32F0xx_HAL_Driver\stm32f0xx_hal_adc_ex.o
HAL_ADC_AnalogWDGConfig                           Drivers\STM32F0xx_HAL_Driver\stm32f0xx_hal_adc.o
HAL_ADC_ConfigChannel                             Drivers\STM32F0xx_HAL_Driver\stm32f0xx_hal_adc.o
                                                  Application\User\main.o
HAL_ADC_ConvCpltCallback                          Drivers\STM32F0xx_HAL_Driver\stm32f0xx_hal_adc.o
HAL_ADC_ConvHalfCpltCallback                      Drivers\STM32F0xx_HAL_Driver\stm32f0xx_hal_adc.o
HAL_ADC_DeInit                                    Drivers\STM32F0xx_HAL_Driver\stm32f0xx_hal_adc.o
HAL_ADC_ErrorCallback                             Drivers\STM32F0xx_HAL_Driver\stm32f0xx_hal_adc.o
HAL_ADC_GetError                                  Drivers\STM32F0xx_HAL_Driver\stm32f0xx_hal_adc.o
HAL_ADC_GetState                                  Drivers\STM32F0xx_HAL_Driver\stm32f0xx_hal_adc.o
HAL_ADC_GetValue                                  Drivers\STM32F0xx_HAL_Driver\stm32f0xx_hal_adc.o
HAL_ADC_IRQHandler                                Drivers\STM32F0xx_HAL_Driver\stm32f0xx_hal_adc.o
HAL_ADC_Init                                      Drivers\STM32F0xx_HAL_Driver\stm32f0xx_hal_adc.o
                                                  Application\User\main.o
HAL_ADC_LevelOutOfWindowCallback                  Drivers\STM32F0xx_HAL_Driver\stm32f0xx_hal_adc.o
HAL_ADC_MspDeInit                                 Application\User\stm32f0xx_hal_msp.o
                                                  Drivers\STM32F0xx_HAL_Driver\stm32f0xx_hal_adc.o
HAL_ADC_MspInit                                   Application\User\stm32f0xx_hal_msp.o
                                                  Drivers\STM32F0xx_HAL_Driver\stm32f0xx_hal_adc.o
HAL_ADC_PollForConversion                         Drivers\STM32F0xx_HAL_Driver\stm32f0xx_hal_adc.o
HAL_ADC_PollForEvent                              Drivers\STM32F0xx_HAL_Driver\stm32f0xx_hal_adc.o
HAL_ADC_Start                                     Drivers\STM32F0xx_HAL_Driver\stm32f0xx_hal_adc.o
HAL_ADC_Start_DMA                                 Drivers\STM32F0xx_HAL_Driver\stm32f0xx_hal_adc.o
HAL_ADC_Start_IT                                  Drivers\STM32F0xx_HAL_Driver\stm32f0xx_hal_adc.o
HAL_ADC_Stop                                      Drivers\STM32F0xx_HAL_Driver\stm32f0xx_hal_adc.o
HAL_ADC_Stop_DMA                                  Drivers\STM32F0xx_HAL_Driver\stm32f0xx_hal_adc.o
HAL_ADC_Stop_IT                                   Drivers\STM32F0xx_HAL_Driver\stm32f0xx_hal_adc.o
HAL_DBGMCU_DisableDBGStandbyMode                  Drivers\STM32F0xx_HAL_Driver\stm32f0xx_hal.o
HAL_DBGMCU_DisableDBGStopMode                     Drivers\STM32F0xx_HAL_Driver\stm32f0xx_hal.o
HAL_DBGMCU_EnableDBGStandbyMode                   Drivers\STM32F0xx_HAL_Driver\stm32f0xx_hal.o
HAL_DBGMCU_EnableDBGStopMode                      Drivers\STM32F0xx_HAL_Driver\stm32f0xx_hal.o
HAL_DMA_Abort                                     Drivers\STM32F0xx_HAL_Driver\stm32f0xx_hal_dma.o
                                                  Drivers\STM32F0xx_HAL_Driver\stm32f0xx_hal_adc.o
                                                  Drivers\STM32F0xx_HAL_Driver\stm32f0xx_hal_tim.o
                                                  Drivers\STM32F0xx_HAL_Driver\stm32f0xx_hal_uart.o
HAL_DMA_DeInit                                    Drivers\STM32F0xx_HAL_Driver\stm32f0xx_hal_dma.o
HAL_DMA_GetError                                  Drivers\STM32F0xx_HAL_Driver\stm32f0xx_hal_dma.o
HAL_DMA_GetState                                  Drivers\STM32F0xx_HAL_Driver\stm32f0xx_hal_dma.o
HAL_DMA_IRQHandler                                Drivers\STM32F0xx_HAL_Driver\stm32f0xx_hal_dma.o
HAL_DMA_Init                                      Drivers\STM32F0xx_HAL_Driver\stm32f0xx_hal_dma.o
HAL_DMA_PollForTransfer                           Drivers\STM32F0xx_HAL_Driver\stm32f0xx_hal_dma.o
HAL_DMA_Start                                     Drivers\STM32F0xx_HAL_Driver\stm32f0xx_hal_dma.o
HAL_DMA_Start_IT                                  Drivers\STM32F0xx_HAL_Driver\stm32f0xx_hal_dma.o
                                                  Drivers\STM32F0xx_HAL_Driver\stm32f0xx_hal_adc.o
                                                  Drivers\STM32F0xx_HAL_Driver\stm32f0xx_hal_tim.o
                                                  Drivers\STM32F0xx_HAL_Driver\stm32f0xx_hal_tim_ex.o
                                                  Drivers\STM32F0xx_HAL_Driver\stm32f0xx_hal_uart.o
HAL_DeInit                                        Drivers\STM32F0xx_HAL_Driver\stm32f0xx_hal.o
HAL_Delay                                         Drivers\STM32F0xx_HAL_Driver\stm32f0xx_hal.o
HAL_FLASHEx_Erase                                 Drivers\STM32F0xx_HAL_Driver\stm32f0xx_hal_flash_ex.o
HAL_FLASHEx_Erase_IT                              Drivers\STM32F0xx_HAL_Driver\stm32f0xx_hal_flash_ex.o
HAL_FLASHEx_OBErase                               Drivers\STM32F0xx_HAL_Driver\stm32f0xx_hal_flash_ex.o
HAL_FLASHEx_OBGetConfig                           Drivers\STM32F0xx_HAL_Driver\stm32f0xx_hal_flash_ex.o
HAL_FLASHEx_OBGetUserData                         Drivers\STM32F0xx_HAL_Driver\stm32f0xx_hal_flash_ex.o
HAL_FLASHEx_OBProgram                             Drivers\STM32F0xx_HAL_Driver\stm32f0xx_hal_flash_ex.o
HAL_FLASH_EndOfOperationCallback                  Drivers\STM32F0xx_HAL_Driver\stm32f0xx_hal_flash.o
HAL_FLASH_GetError                                Drivers\STM32F0xx_HAL_Driver\stm32f0xx_hal_flash.o
HAL_FLASH_IRQHandler                              Drivers\STM32F0xx_HAL_Driver\stm32f0xx_hal_flash.o
HAL_FLASH_Lock                                    Drivers\STM32F0xx_HAL_Driver\stm32f0xx_hal_flash.o
HAL_FLASH_OB_Launch                               Drivers\STM32F0xx_HAL_Driver\stm32f0xx_hal_flash.o
HAL_FLASH_OB_Lock                                 Drivers\STM32F0xx_HAL_Driver\stm32f0xx_hal_flash.o
HAL_FLASH_OB_Unlock                               Drivers\STM32F0xx_HAL_Driver\stm32f0xx_hal_flash.o
HAL_FLASH_OperationErrorCallback                  Drivers\STM32F0xx_HAL_Driver\stm32f0xx_hal_flash.o
HAL_FLASH_Program                                 Drivers\STM32F0xx_HAL_Driver\stm32f0xx_hal_flash.o
HAL_FLASH_Program_IT                              Drivers\STM32F0xx_HAL_Driver\stm32f0xx_hal_flash.o
HAL_FLASH_Unlock                                  Drivers\STM32F0xx_HAL_Driver\stm32f0xx_hal_flash.o
HAL_GPIO_DeInit                                   Drivers\STM32F0xx_HAL_Driver\stm32f0xx_hal_gpio.o
                                                  Application\User\stm32f0xx_hal_msp.o
HAL_GPIO_EXTI_Callback                            Drivers\STM32F0xx_HAL_Driver\stm32f0xx_hal_gpio.o
HAL_GPIO_EXTI_IRQHandler                          Drivers\STM32F0xx_HAL_Driver\stm32f0xx_hal_gpio.o
HAL_GPIO_Init                                     Drivers\STM32F0xx_HAL_Driver\stm32f0xx_hal_gpio.o
                                                  Application\User\main.o
                                                  Application\User\stm32f0xx_hal_msp.o
                                                  Drivers\STM32F0xx_HAL_Driver\stm32f0xx_hal_rcc.o
HAL_GPIO_LockPin                                  Drivers\STM32F0xx_HAL_Driver\stm32f0xx_hal_gpio.o
HAL_GPIO_ReadPin                                  Drivers\STM32F0xx_HAL_Driver\stm32f0xx_hal_gpio.o
HAL_GPIO_TogglePin                                Drivers\STM32F0xx_HAL_Driver\stm32f0xx_hal_gpio.o
HAL_GPIO_WritePin                                 Drivers\STM32F0xx_HAL_Driver\stm32f0xx_hal_gpio.o
                                                  Application\User\main.o
HAL_GetDEVID                                      Drivers\STM32F0xx_HAL_Driver\stm32f0xx_hal.o
HAL_GetHalVersion                                 Drivers\STM32F0xx_HAL_Driver\stm32f0xx_hal.o
HAL_GetREVID                                      Drivers\STM32F0xx_HAL_Driver\stm32f0xx_hal.o
HAL_GetTick                                       Drivers\STM32F0xx_HAL_Driver\stm32f0xx_hal.o
                                                  Drivers\STM32F0xx_HAL_Driver\stm32f0xx_hal_adc.o
                                                  Drivers\STM32F0xx_HAL_Driver\stm32f0xx_hal_adc_ex.o
                                                  Drivers\STM32F0xx_HAL_Driver\stm32f0xx_hal_dma.o
                                                  Drivers\STM32F0xx_HAL_Driver\stm32f0xx_hal_flash.o
                                                  Drivers\STM32F0xx_HAL_Driver\stm32f0xx_hal_rcc.o
                                                  Drivers\STM32F0xx_HAL_Driver\stm32f0xx_hal_rcc_ex.o
                                                  Drivers\STM32F0xx_HAL_Driver\stm32f0xx_hal_rtc.o
                                                  Drivers\STM32F0xx_HAL_Driver\stm32f0xx_hal_rtc_ex.o
                                                  Drivers\STM32F0xx_HAL_Driver\stm32f0xx_hal_smbus.o
                                                  Drivers\STM32F0xx_HAL_Driver\stm32f0xx_hal_uart.o
HAL_HalfDuplex_EnableReceiver                     Drivers\STM32F0xx_HAL_Driver\stm32f0xx_hal_uart.o
HAL_HalfDuplex_EnableTransmitter                  Drivers\STM32F0xx_HAL_Driver\stm32f0xx_hal_uart.o
HAL_HalfDuplex_Init                               Drivers\STM32F0xx_HAL_Driver\stm32f0xx_hal_uart.o
HAL_IncTick                                       Drivers\STM32F0xx_HAL_Driver\stm32f0xx_hal.o
                                                  Application\User\stm32f0xx_hal_timebase_TIM.o
HAL_Init                                          Drivers\STM32F0xx_HAL_Driver\stm32f0xx_hal.o
                                                  Application\User\main.o
HAL_InitTick                                      Application\User\stm32f0xx_hal_timebase_TIM.o
                                                  Drivers\STM32F0xx_HAL_Driver\stm32f0xx_hal.o
                                                  Drivers\STM32F0xx_HAL_Driver\stm32f0xx_hal_rcc.o
HAL_MspDeInit                                     Drivers\STM32F0xx_HAL_Driver\stm32f0xx_hal.o
HAL_MspInit                                       Application\User\stm32f0xx_hal_msp.o
                                                  Drivers\STM32F0xx_HAL_Driver\stm32f0xx_hal.o
HAL_MultiProcessorEx_AddressLength_Set            Drivers\STM32F0xx_HAL_Driver\stm32f0xx_hal_uart_ex.o
HAL_MultiProcessor_DisableMuteMode                Drivers\STM32F0xx_HAL_Driver\stm32f0xx_hal_uart.o
HAL_MultiProcessor_EnableMuteMode                 Drivers\STM32F0xx_HAL_Driver\stm32f0xx_hal_uart.o
HAL_MultiProcessor_EnterMuteMode                  Drivers\STM32F0xx_HAL_Driver\stm32f0xx_hal_uart.o
HAL_MultiProcessor_Init                           Drivers\STM32F0xx_HAL_Driver\stm32f0xx_hal_uart.o
HAL_NVIC_ClearPendingIRQ                          Drivers\STM32F0xx_HAL_Driver\stm32f0xx_hal_cortex.o
HAL_NVIC_DisableIRQ                               Drivers\STM32F0xx_HAL_Driver\stm32f0xx_hal_cortex.o
HAL_NVIC_EnableIRQ                                Drivers\STM32F0xx_HAL_Driver\stm32f0xx_hal_cortex.o
                                                  Application\User\stm32f0xx_hal_timebase_TIM.o
HAL_NVIC_GetPendingIRQ                            Drivers\STM32F0xx_HAL_Driver\stm32f0xx_hal_cortex.o
HAL_NVIC_GetPriority                              Drivers\STM32F0xx_HAL_Driver\stm32f0xx_hal_cortex.o
HAL_NVIC_SetPendingIRQ                            Drivers\STM32F0xx_HAL_Driver\stm32f0xx_hal_cortex.o
HAL_NVIC_SetPriority                              Drivers\STM32F0xx_HAL_Driver\stm32f0xx_hal_cortex.o
                                                  Application\User\main.o
                                                  Application\User\stm32f0xx_hal_msp.o
                                                  Application\User\stm32f0xx_hal_timebase_TIM.o
                                                  Drivers\STM32F0xx_HAL_Driver\stm32f0xx_hal.o
HAL_NVIC_SystemReset                              Drivers\STM32F0xx_HAL_Driver\stm32f0xx_hal_cortex.o
HAL_PWR_DeInit                                    Drivers\STM32F0xx_HAL_Driver\stm32f0xx_hal_pwr.o
HAL_PWR_DisableBkUpAccess                         Drivers\STM32F0xx_HAL_Driver\stm32f0xx_hal_pwr.o
HAL_PWR_DisableSEVOnPend                          Drivers\STM32F0xx_HAL_Driver\stm32f0xx_hal_pwr.o
HAL_PWR_DisableSleepOnExit                        Drivers\STM32F0xx_HAL_Driver\stm32f0xx_hal_pwr.o
HAL_PWR_DisableWakeUpPin                          Drivers\STM32F0xx_HAL_Driver\stm32f0xx_hal_pwr.o
HAL_PWR_EnableBkUpAccess                          Drivers\STM32F0xx_HAL_Driver\stm32f0xx_hal_pwr.o
HAL_PWR_EnableSEVOnPend                           Drivers\STM32F0xx_HAL_Driver\stm32f0xx_hal_pwr.o
HAL_PWR_EnableSleepOnExit                         Drivers\STM32F0xx_HAL_Driver\stm32f0xx_hal_pwr.o
HAL_PWR_EnableWakeUpPin                           Drivers\STM32F0xx_HAL_Driver\stm32f0xx_hal_pwr.o
HAL_PWR_EnterSLEEPMode                            Drivers\STM32F0xx_HAL_Driver\stm32f0xx_hal_pwr.o
HAL_PWR_EnterSTANDBYMode                          Drivers\STM32F0xx_HAL_Driver\stm32f0xx_hal_pwr.o
HAL_PWR_EnterSTOPMode                             Drivers\STM32F0xx_HAL_Driver\stm32f0xx_hal_pwr.o
HAL_RCCEx_GetPeriphCLKConfig                      Drivers\STM32F0xx_HAL_Driver\stm32f0xx_hal_rcc_ex.o
HAL_RCCEx_GetPeriphCLKFreq                        Drivers\STM32F0xx_HAL_Driver\stm32f0xx_hal_rcc_ex.o
HAL_RCCEx_PeriphCLKConfig                         Drivers\STM32F0xx_HAL_Driver\stm32f0xx_hal_rcc_ex.o
                                                  Application\User\main.o
HAL_RCC_CSSCallback                               Drivers\STM32F0xx_HAL_Driver\stm32f0xx_hal_rcc.o
HAL_RCC_ClockConfig                               Drivers\STM32F0xx_HAL_Driver\stm32f0xx_hal_rcc.o
                                                  Application\User\main.o
HAL_RCC_DeInit                                    Drivers\STM32F0xx_HAL_Driver\stm32f0xx_hal_rcc.o
HAL_RCC_DisableCSS                                Drivers\STM32F0xx_HAL_Driver\stm32f0xx_hal_rcc.o
HAL_RCC_EnableCSS                                 Drivers\STM32F0xx_HAL_Driver\stm32f0xx_hal_rcc.o
HAL_RCC_GetClockConfig                            Drivers\STM32F0xx_HAL_Driver\stm32f0xx_hal_rcc.o
                                                  Application\User\stm32f0xx_hal_timebase_TIM.o
HAL_RCC_GetHCLKFreq                               Drivers\STM32F0xx_HAL_Driver\stm32f0xx_hal_rcc.o
                                                  Application\User\main.o
                                                  Drivers\STM32F0xx_HAL_Driver\stm32f0xx_hal.o
HAL_RCC_GetOscConfig                              Drivers\STM32F0xx_HAL_Driver\stm32f0xx_hal_rcc.o
HAL_RCC_GetPCLK1Freq                              Drivers\STM32F0xx_HAL_Driver\stm32f0xx_hal_rcc.o
                                                  Application\User\stm32f0xx_hal_timebase_TIM.o
                                                  Drivers\STM32F0xx_HAL_Driver\stm32f0xx_hal_rcc_ex.o
                                                  Drivers\STM32F0xx_HAL_Driver\stm32f0xx_hal_uart.o
HAL_RCC_GetSysClockFreq                           Drivers\STM32F0xx_HAL_Driver\stm32f0xx_hal_rcc.o
                                                  Drivers\STM32F0xx_HAL_Driver\stm32f0xx_hal_rcc_ex.o
                                                  Drivers\STM32F0xx_HAL_Driver\stm32f0xx_hal_uart.o
HAL_RCC_MCOConfig                                 Drivers\STM32F0xx_HAL_Driver\stm32f0xx_hal_rcc.o
HAL_RCC_NMI_IRQHandler                            Drivers\STM32F0xx_HAL_Driver\stm32f0xx_hal_rcc.o
HAL_RCC_OscConfig                                 Drivers\STM32F0xx_HAL_Driver\stm32f0xx_hal_rcc.o
                                                  Application\User\main.o
HAL_RS485Ex_Init                                  Drivers\STM32F0xx_HAL_Driver\stm32f0xx_hal_uart_ex.o
HAL_RTCEx_DeactivateCalibrationOutPut             Drivers\STM32F0xx_HAL_Driver\stm32f0xx_hal_rtc_ex.o
HAL_RTCEx_DeactivateRefClock                      Drivers\STM32F0xx_HAL_Driver\stm32f0xx_hal_rtc_ex.o
HAL_RTCEx_DeactivateTamper                        Drivers\STM32F0xx_HAL_Driver\stm32f0xx_hal_rtc_ex.o
HAL_RTCEx_DeactivateTimeStamp                     Drivers\STM32F0xx_HAL_Driver\stm32f0xx_hal_rtc_ex.o
HAL_RTCEx_DisableBypassShadow                     Drivers\STM32F0xx_HAL_Driver\stm32f0xx_hal_rtc_ex.o
HAL_RTCEx_EnableBypassShadow                      Drivers\STM32F0xx_HAL_Driver\stm32f0xx_hal_rtc_ex.o
HAL_RTCEx_GetTimeStamp                            Drivers\STM32F0xx_HAL_Driver\stm32f0xx_hal_rtc_ex.o
HAL_RTCEx_PollForTamper1Event                     Drivers\STM32F0xx_HAL_Driver\stm32f0xx_hal_rtc_ex.o
HAL_RTCEx_PollForTamper2Event                     Drivers\STM32F0xx_HAL_Driver\stm32f0xx_hal_rtc_ex.o
HAL_RTCEx_PollForTimeStampEvent                   Drivers\STM32F0xx_HAL_Driver\stm32f0xx_hal_rtc_ex.o
HAL_RTCEx_SetCalibrationOutPut                    Drivers\STM32F0xx_HAL_Driver\stm32f0xx_hal_rtc_ex.o
HAL_RTCEx_SetRefClock                             Drivers\STM32F0xx_HAL_Driver\stm32f0xx_hal_rtc_ex.o
HAL_RTCEx_SetSmoothCalib                          Drivers\STM32F0xx_HAL_Driver\stm32f0xx_hal_rtc_ex.o
HAL_RTCEx_SetSynchroShift                         Drivers\STM32F0xx_HAL_Driver\stm32f0xx_hal_rtc_ex.o
HAL_RTCEx_SetTamper                               Drivers\STM32F0xx_HAL_Driver\stm32f0xx_hal_rtc_ex.o
HAL_RTCEx_SetTamper_IT                            Drivers\STM32F0xx_HAL_Driver\stm32f0xx_hal_rtc_ex.o
HAL_RTCEx_SetTimeStamp                            Drivers\STM32F0xx_HAL_Driver\stm32f0xx_hal_rtc_ex.o
HAL_RTCEx_SetTimeStamp_IT                         Drivers\STM32F0xx_HAL_Driver\stm32f0xx_hal_rtc_ex.o
HAL_RTCEx_Tamper1EventCallback                    Drivers\STM32F0xx_HAL_Driver\stm32f0xx_hal_rtc_ex.o
HAL_RTCEx_Tamper2EventCallback                    Drivers\STM32F0xx_HAL_Driver\stm32f0xx_hal_rtc_ex.o
HAL_RTCEx_TamperTimeStampIRQHandler               Drivers\STM32F0xx_HAL_Driver\stm32f0xx_hal_rtc_ex.o
HAL_RTCEx_TimeStampEventCallback                  Drivers\STM32F0xx_HAL_Driver\stm32f0xx_hal_rtc_ex.o
HAL_RTC_AlarmAEventCallback                       Drivers\STM32F0xx_HAL_Driver\stm32f0xx_hal_rtc.o
HAL_RTC_AlarmIRQHandler                           Drivers\STM32F0xx_HAL_Driver\stm32f0xx_hal_rtc.o
HAL_RTC_DeInit                                    Drivers\STM32F0xx_HAL_Driver\stm32f0xx_hal_rtc.o
HAL_RTC_DeactivateAlarm                           Drivers\STM32F0xx_HAL_Driver\stm32f0xx_hal_rtc.o
HAL_RTC_GetAlarm                                  Drivers\STM32F0xx_HAL_Driver\stm32f0xx_hal_rtc.o
HAL_RTC_GetDate                                   Drivers\STM32F0xx_HAL_Driver\stm32f0xx_hal_rtc.o
HAL_RTC_GetState                                  Drivers\STM32F0xx_HAL_Driver\stm32f0xx_hal_rtc.o
HAL_RTC_GetTime                                   Drivers\STM32F0xx_HAL_Driver\stm32f0xx_hal_rtc.o
HAL_RTC_Init                                      Drivers\STM32F0xx_HAL_Driver\stm32f0xx_hal_rtc.o
                                                  Application\User\main.o
HAL_RTC_MspDeInit                                 Application\User\stm32f0xx_hal_msp.o
                                                  Drivers\STM32F0xx_HAL_Driver\stm32f0xx_hal_rtc.o
HAL_RTC_MspInit                                   Application\User\stm32f0xx_hal_msp.o
                                                  Drivers\STM32F0xx_HAL_Driver\stm32f0xx_hal_rtc.o
HAL_RTC_PollForAlarmAEvent                        Drivers\STM32F0xx_HAL_Driver\stm32f0xx_hal_rtc.o
HAL_RTC_SetAlarm                                  Drivers\STM32F0xx_HAL_Driver\stm32f0xx_hal_rtc.o
                                                  Application\User\main.o
HAL_RTC_SetAlarm_IT                               Drivers\STM32F0xx_HAL_Driver\stm32f0xx_hal_rtc.o
HAL_RTC_SetDate                                   Drivers\STM32F0xx_HAL_Driver\stm32f0xx_hal_rtc.o
                                                  Application\User\main.o
HAL_RTC_SetTime                                   Drivers\STM32F0xx_HAL_Driver\stm32f0xx_hal_rtc.o
                                                  Application\User\main.o
HAL_RTC_WaitForSynchro                            Drivers\STM32F0xx_HAL_Driver\stm32f0xx_hal_rtc.o
                                                  Drivers\STM32F0xx_HAL_Driver\stm32f0xx_hal_rtc_ex.o
HAL_ResumeTick                                    Application\User\stm32f0xx_hal_timebase_TIM.o
                                                  Drivers\STM32F0xx_HAL_Driver\stm32f0xx_hal.o
HAL_SMBUS_AddrCallback                            Drivers\STM32F0xx_HAL_Driver\stm32f0xx_hal_smbus.o
HAL_SMBUS_DeInit                                  Drivers\STM32F0xx_HAL_Driver\stm32f0xx_hal_smbus.o
HAL_SMBUS_DisableAlert_IT                         Drivers\STM32F0xx_HAL_Driver\stm32f0xx_hal_smbus.o
HAL_SMBUS_DisableListen_IT                        Drivers\STM32F0xx_HAL_Driver\stm32f0xx_hal_smbus.o
HAL_SMBUS_ER_IRQHandler                           Drivers\STM32F0xx_HAL_Driver\stm32f0xx_hal_smbus.o
HAL_SMBUS_EV_IRQHandler                           Drivers\STM32F0xx_HAL_Driver\stm32f0xx_hal_smbus.o
HAL_SMBUS_EnableAlert_IT                          Drivers\STM32F0xx_HAL_Driver\stm32f0xx_hal_smbus.o
                                                  Application\User\main.o
HAL_SMBUS_EnableListen_IT                         Drivers\STM32F0xx_HAL_Driver\stm32f0xx_hal_smbus.o
HAL_SMBUS_ErrorCallback                           Drivers\STM32F0xx_HAL_Driver\stm32f0xx_hal_smbus.o
HAL_SMBUS_GetError                                Drivers\STM32F0xx_HAL_Driver\stm32f0xx_hal_smbus.o
HAL_SMBUS_GetState                                Drivers\STM32F0xx_HAL_Driver\stm32f0xx_hal_smbus.o
HAL_SMBUS_Init                                    Drivers\STM32F0xx_HAL_Driver\stm32f0xx_hal_smbus.o
                                                  Application\User\main.o
HAL_SMBUS_IsDeviceReady                           Drivers\STM32F0xx_HAL_Driver\stm32f0xx_hal_smbus.o
HAL_SMBUS_ListenCpltCallback                      Drivers\STM32F0xx_HAL_Driver\stm32f0xx_hal_smbus.o
HAL_SMBUS_MasterRxCpltCallback                    Drivers\STM32F0xx_HAL_Driver\stm32f0xx_hal_smbus.o
HAL_SMBUS_MasterTxCpltCallback                    Drivers\STM32F0xx_HAL_Driver\stm32f0xx_hal_smbus.o
HAL_SMBUS_Master_Abort_IT                         Drivers\STM32F0xx_HAL_Driver\stm32f0xx_hal_smbus.o
HAL_SMBUS_Master_Receive_IT                       Drivers\STM32F0xx_HAL_Driver\stm32f0xx_hal_smbus.o
HAL_SMBUS_Master_Transmit_IT                      Drivers\STM32F0xx_HAL_Driver\stm32f0xx_hal_smbus.o
HAL_SMBUS_MspDeInit                               Application\User\stm32f0xx_hal_msp.o
                                                  Drivers\STM32F0xx_HAL_Driver\stm32f0xx_hal_smbus.o
HAL_SMBUS_MspInit                                 Application\User\stm32f0xx_hal_msp.o
                                                  Drivers\STM32F0xx_HAL_Driver\stm32f0xx_hal_smbus.o
HAL_SMBUS_SlaveRxCpltCallback                     Drivers\STM32F0xx_HAL_Driver\stm32f0xx_hal_smbus.o
HAL_SMBUS_SlaveTxCpltCallback                     Drivers\STM32F0xx_HAL_Driver\stm32f0xx_hal_smbus.o
HAL_SMBUS_Slave_Receive_IT                        Drivers\STM32F0xx_HAL_Driver\stm32f0xx_hal_smbus.o
HAL_SMBUS_Slave_Transmit_IT                       Drivers\STM32F0xx_HAL_Driver\stm32f0xx_hal_smbus.o
HAL_SYSTICK_CLKSourceConfig                       Drivers\STM32F0xx_HAL_Driver\stm32f0xx_hal_cortex.o
                                                  Application\User\main.o
HAL_SYSTICK_Callback                              Drivers\STM32F0xx_HAL_Driver\stm32f0xx_hal_cortex.o
HAL_SYSTICK_Config                                Drivers\STM32F0xx_HAL_Driver\stm32f0xx_hal_cortex.o
                                                  Application\User\main.o
                                                  Drivers\STM32F0xx_HAL_Driver\stm32f0xx_hal.o
HAL_SYSTICK_IRQHandler                            Drivers\STM32F0xx_HAL_Driver\stm32f0xx_hal_cortex.o
HAL_SuspendTick                                   Application\User\stm32f0xx_hal_timebase_TIM.o
                                                  Drivers\STM32F0xx_HAL_Driver\stm32f0xx_hal.o
HAL_TIMEx_BreakCallback                           Drivers\STM32F0xx_HAL_Driver\stm32f0xx_hal_tim_ex.o
                                                  Drivers\STM32F0xx_HAL_Driver\stm32f0xx_hal_tim.o
HAL_TIMEx_CommutationCallback                     Drivers\STM32F0xx_HAL_Driver\stm32f0xx_hal_tim_ex.o
                                                  Drivers\STM32F0xx_HAL_Driver\stm32f0xx_hal_tim.o
HAL_TIMEx_ConfigBreakDeadTime                     Drivers\STM32F0xx_HAL_Driver\stm32f0xx_hal_tim_ex.o
                                                  Application\User\main.o
HAL_TIMEx_ConfigCommutationEvent                  Drivers\STM32F0xx_HAL_Driver\stm32f0xx_hal_tim_ex.o
HAL_TIMEx_ConfigCommutationEvent_DMA              Drivers\STM32F0xx_HAL_Driver\stm32f0xx_hal_tim_ex.o
HAL_TIMEx_ConfigCommutationEvent_IT               Drivers\STM32F0xx_HAL_Driver\stm32f0xx_hal_tim_ex.o
HAL_TIMEx_HallSensor_DeInit                       Drivers\STM32F0xx_HAL_Driver\stm32f0xx_hal_tim_ex.o
HAL_TIMEx_HallSensor_GetState                     Drivers\STM32F0xx_HAL_Driver\stm32f0xx_hal_tim_ex.o
HAL_TIMEx_HallSensor_Init                         Drivers\STM32F0xx_HAL_Driver\stm32f0xx_hal_tim_ex.o
HAL_TIMEx_HallSensor_MspDeInit                    Drivers\STM32F0xx_HAL_Driver\stm32f0xx_hal_tim_ex.o
HAL_TIMEx_HallSensor_MspInit                      Drivers\STM32F0xx_HAL_Driver\stm32f0xx_hal_tim_ex.o
HAL_TIMEx_HallSensor_Start                        Drivers\STM32F0xx_HAL_Driver\stm32f0xx_hal_tim_ex.o
HAL_TIMEx_HallSensor_Start_DMA                    Drivers\STM32F0xx_HAL_Driver\stm32f0xx_hal_tim_ex.o
HAL_TIMEx_HallSensor_Start_IT                     Drivers\STM32F0xx_HAL_Driver\stm32f0xx_hal_tim_ex.o
HAL_TIMEx_HallSensor_Stop                         Drivers\STM32F0xx_HAL_Driver\stm32f0xx_hal_tim_ex.o
HAL_TIMEx_HallSensor_Stop_DMA                     Drivers\STM32F0xx_HAL_Driver\stm32f0xx_hal_tim_ex.o
HAL_TIMEx_HallSensor_Stop_IT                      Drivers\STM32F0xx_HAL_Driver\stm32f0xx_hal_tim_ex.o
HAL_TIMEx_MasterConfigSynchronization             Drivers\STM32F0xx_HAL_Driver\stm32f0xx_hal_tim_ex.o
                                                  Application\User\main.o
HAL_TIMEx_OCN_Start                               Drivers\STM32F0xx_HAL_Driver\stm32f0xx_hal_tim_ex.o
HAL_TIMEx_OCN_Start_DMA                           Drivers\STM32F0xx_HAL_Driver\stm32f0xx_hal_tim_ex.o
HAL_TIMEx_OCN_Start_IT                            Drivers\STM32F0xx_HAL_Driver\stm32f0xx_hal_tim_ex.o
HAL_TIMEx_OCN_Stop                                Drivers\STM32F0xx_HAL_Driver\stm32f0xx_hal_tim_ex.o
HAL_TIMEx_OCN_Stop_DMA                            Drivers\STM32F0xx_HAL_Driver\stm32f0xx_hal_tim_ex.o
HAL_TIMEx_OCN_Stop_IT                             Drivers\STM32F0xx_HAL_Driver\stm32f0xx_hal_tim_ex.o
HAL_TIMEx_OnePulseN_Start                         Drivers\STM32F0xx_HAL_Driver\stm32f0xx_hal_tim_ex.o
HAL_TIMEx_OnePulseN_Start_IT                      Drivers\STM32F0xx_HAL_Driver\stm32f0xx_hal_tim_ex.o
HAL_TIMEx_OnePulseN_Stop                          Drivers\STM32F0xx_HAL_Driver\stm32f0xx_hal_tim_ex.o
HAL_TIMEx_OnePulseN_Stop_IT                       Drivers\STM32F0xx_HAL_Driver\stm32f0xx_hal_tim_ex.o
HAL_TIMEx_PWMN_Start                              Drivers\STM32F0xx_HAL_Driver\stm32f0xx_hal_tim_ex.o
HAL_TIMEx_PWMN_Start_DMA                          Drivers\STM32F0xx_HAL_Driver\stm32f0xx_hal_tim_ex.o
HAL_TIMEx_PWMN_Start_IT                           Drivers\STM32F0xx_HAL_Driver\stm32f0xx_hal_tim_ex.o
HAL_TIMEx_PWMN_Stop                               Drivers\STM32F0xx_HAL_Driver\stm32f0xx_hal_tim_ex.o
HAL_TIMEx_PWMN_Stop_DMA                           Drivers\STM32F0xx_HAL_Driver\stm32f0xx_hal_tim_ex.o
HAL_TIMEx_PWMN_Stop_IT                            Drivers\STM32F0xx_HAL_Driver\stm32f0xx_hal_tim_ex.o
HAL_TIMEx_RemapConfig                             Drivers\STM32F0xx_HAL_Driver\stm32f0xx_hal_tim_ex.o
HAL_TIM_Base_DeInit                               Drivers\STM32F0xx_HAL_Driver\stm32f0xx_hal_tim.o
HAL_TIM_Base_GetState                             Drivers\STM32F0xx_HAL_Driver\stm32f0xx_hal_tim.o
HAL_TIM_Base_Init                                 Drivers\STM32F0xx_HAL_Driver\stm32f0xx_hal_tim.o
                                                  Application\User\stm32f0xx_hal_timebase_TIM.o
HAL_TIM_Base_MspDeInit                            Drivers\STM32F0xx_HAL_Driver\stm32f0xx_hal_tim.o
HAL_TIM_Base_MspInit                              Drivers\STM32F0xx_HAL_Driver\stm32f0xx_hal_tim.o
HAL_TIM_Base_Start                                Drivers\STM32F0xx_HAL_Driver\stm32f0xx_hal_tim.o
HAL_TIM_Base_Start_DMA                            Drivers\STM32F0xx_HAL_Driver\stm32f0xx_hal_tim.o
HAL_TIM_Base_Start_IT                             Drivers\STM32F0xx_HAL_Driver\stm32f0xx_hal_tim.o
                                                  Application\User\stm32f0xx_hal_timebase_TIM.o
HAL_TIM_Base_Stop                                 Drivers\STM32F0xx_HAL_Driver\stm32f0xx_hal_tim.o
HAL_TIM_Base_Stop_DMA                             Drivers\STM32F0xx_HAL_Driver\stm32f0xx_hal_tim.o
HAL_TIM_Base_Stop_IT                              Drivers\STM32F0xx_HAL_Driver\stm32f0xx_hal_tim.o
HAL_TIM_ConfigClockSource                         Drivers\STM32F0xx_HAL_Driver\stm32f0xx_hal_tim.o
HAL_TIM_ConfigOCrefClear                          Drivers\STM32F0xx_HAL_Driver\stm32f0xx_hal_tim.o
HAL_TIM_ConfigTI1Input                            Drivers\STM32F0xx_HAL_Driver\stm32f0xx_hal_tim.o
HAL_TIM_DMABurst_ReadStart                        Drivers\STM32F0xx_HAL_Driver\stm32f0xx_hal_tim.o
HAL_TIM_DMABurst_ReadStop                         Drivers\STM32F0xx_HAL_Driver\stm32f0xx_hal_tim.o
HAL_TIM_DMABurst_WriteStart                       Drivers\STM32F0xx_HAL_Driver\stm32f0xx_hal_tim.o
HAL_TIM_DMABurst_WriteStop                        Drivers\STM32F0xx_HAL_Driver\stm32f0xx_hal_tim.o
HAL_TIM_Encoder_DeInit                            Drivers\STM32F0xx_HAL_Driver\stm32f0xx_hal_tim.o
HAL_TIM_Encoder_GetState                          Drivers\STM32F0xx_HAL_Driver\stm32f0xx_hal_tim.o
HAL_TIM_Encoder_Init                              Drivers\STM32F0xx_HAL_Driver\stm32f0xx_hal_tim.o
HAL_TIM_Encoder_MspDeInit                         Drivers\STM32F0xx_HAL_Driver\stm32f0xx_hal_tim.o
HAL_TIM_Encoder_MspInit                           Drivers\STM32F0xx_HAL_Driver\stm32f0xx_hal_tim.o
HAL_TIM_Encoder_Start                             Drivers\STM32F0xx_HAL_Driver\stm32f0xx_hal_tim.o
HAL_TIM_Encoder_Start_DMA                         Drivers\STM32F0xx_HAL_Driver\stm32f0xx_hal_tim.o
HAL_TIM_Encoder_Start_IT                          Drivers\STM32F0xx_HAL_Driver\stm32f0xx_hal_tim.o
HAL_TIM_Encoder_Stop                              Drivers\STM32F0xx_HAL_Driver\stm32f0xx_hal_tim.o
HAL_TIM_Encoder_Stop_DMA                          Drivers\STM32F0xx_HAL_Driver\stm32f0xx_hal_tim.o
HAL_TIM_Encoder_Stop_IT                           Drivers\STM32F0xx_HAL_Driver\stm32f0xx_hal_tim.o
HAL_TIM_ErrorCallback                             Drivers\STM32F0xx_HAL_Driver\stm32f0xx_hal_tim.o
HAL_TIM_GenerateEvent                             Drivers\STM32F0xx_HAL_Driver\stm32f0xx_hal_tim.o
HAL_TIM_IC_CaptureCallback                        Drivers\STM32F0xx_HAL_Driver\stm32f0xx_hal_tim.o
HAL_TIM_IC_ConfigChannel                          Drivers\STM32F0xx_HAL_Driver\stm32f0xx_hal_tim.o
HAL_TIM_IC_DeInit                                 Drivers\STM32F0xx_HAL_Driver\stm32f0xx_hal_tim.o
HAL_TIM_IC_GetState                               Drivers\STM32F0xx_HAL_Driver\stm32f0xx_hal_tim.o
HAL_TIM_IC_Init                                   Drivers\STM32F0xx_HAL_Driver\stm32f0xx_hal_tim.o
HAL_TIM_IC_MspDeInit                              Drivers\STM32F0xx_HAL_Driver\stm32f0xx_hal_tim.o
HAL_TIM_IC_MspInit                                Drivers\STM32F0xx_HAL_Driver\stm32f0xx_hal_tim.o
HAL_TIM_IC_Start                                  Drivers\STM32F0xx_HAL_Driver\stm32f0xx_hal_tim.o
HAL_TIM_IC_Start_DMA                              Drivers\STM32F0xx_HAL_Driver\stm32f0xx_hal_tim.o
HAL_TIM_IC_Start_IT                               Drivers\STM32F0xx_HAL_Driver\stm32f0xx_hal_tim.o
HAL_TIM_IC_Stop                                   Drivers\STM32F0xx_HAL_Driver\stm32f0xx_hal_tim.o
HAL_TIM_IC_Stop_DMA                               Drivers\STM32F0xx_HAL_Driver\stm32f0xx_hal_tim.o
HAL_TIM_IC_Stop_IT                                Drivers\STM32F0xx_HAL_Driver\stm32f0xx_hal_tim.o
HAL_TIM_IRQHandler                                Drivers\STM32F0xx_HAL_Driver\stm32f0xx_hal_tim.o
                                                  Application\User\stm32f0xx_it.o
HAL_TIM_MspPostInit                               Application\User\stm32f0xx_hal_msp.o
                                                  Application\User\main.o
HAL_TIM_OC_ConfigChannel                          Drivers\STM32F0xx_HAL_Driver\stm32f0xx_hal_tim.o
HAL_TIM_OC_DeInit                                 Drivers\STM32F0xx_HAL_Driver\stm32f0xx_hal_tim.o
HAL_TIM_OC_DelayElapsedCallback                   Drivers\STM32F0xx_HAL_Driver\stm32f0xx_hal_tim.o
HAL_TIM_OC_GetState                               Drivers\STM32F0xx_HAL_Driver\stm32f0xx_hal_tim.o
HAL_TIM_OC_Init                                   Drivers\STM32F0xx_HAL_Driver\stm32f0xx_hal_tim.o
HAL_TIM_OC_MspDeInit                              Drivers\STM32F0xx_HAL_Driver\stm32f0xx_hal_tim.o
HAL_TIM_OC_MspInit                                Drivers\STM32F0xx_HAL_Driver\stm32f0xx_hal_tim.o
HAL_TIM_OC_Start                                  Drivers\STM32F0xx_HAL_Driver\stm32f0xx_hal_tim.o
HAL_TIM_OC_Start_DMA                              Drivers\STM32F0xx_HAL_Driver\stm32f0xx_hal_tim.o
HAL_TIM_OC_Start_IT                               Drivers\STM32F0xx_HAL_Driver\stm32f0xx_hal_tim.o
HAL_TIM_OC_Stop                                   Drivers\STM32F0xx_HAL_Driver\stm32f0xx_hal_tim.o
HAL_TIM_OC_Stop_DMA                               Drivers\STM32F0xx_HAL_Driver\stm32f0xx_hal_tim.o
HAL_TIM_OC_Stop_IT                                Drivers\STM32F0xx_HAL_Driver\stm32f0xx_hal_tim.o
HAL_TIM_OnePulse_ConfigChannel                    Drivers\STM32F0xx_HAL_Driver\stm32f0xx_hal_tim.o
HAL_TIM_OnePulse_DeInit                           Drivers\STM32F0xx_HAL_Driver\stm32f0xx_hal_tim.o
HAL_TIM_OnePulse_GetState                         Drivers\STM32F0xx_HAL_Driver\stm32f0xx_hal_tim.o
HAL_TIM_OnePulse_Init                             Drivers\STM32F0xx_HAL_Driver\stm32f0xx_hal_tim.o
HAL_TIM_OnePulse_MspDeInit                        Drivers\STM32F0xx_HAL_Driver\stm32f0xx_hal_tim.o
HAL_TIM_OnePulse_MspInit                          Drivers\STM32F0xx_HAL_Driver\stm32f0xx_hal_tim.o
HAL_TIM_OnePulse_Start                            Drivers\STM32F0xx_HAL_Driver\stm32f0xx_hal_tim.o
HAL_TIM_OnePulse_Start_IT                         Drivers\STM32F0xx_HAL_Driver\stm32f0xx_hal_tim.o
HAL_TIM_OnePulse_Stop                             Drivers\STM32F0xx_HAL_Driver\stm32f0xx_hal_tim.o
HAL_TIM_OnePulse_Stop_IT                          Drivers\STM32F0xx_HAL_Driver\stm32f0xx_hal_tim.o
HAL_TIM_PWM_ConfigChannel                         Drivers\STM32F0xx_HAL_Driver\stm32f0xx_hal_tim.o
                                                  Application\User\main.o
HAL_TIM_PWM_DeInit                                Drivers\STM32F0xx_HAL_Driver\stm32f0xx_hal_tim.o
HAL_TIM_PWM_GetState                              Drivers\STM32F0xx_HAL_Driver\stm32f0xx_hal_tim.o
HAL_TIM_PWM_Init                                  Drivers\STM32F0xx_HAL_Driver\stm32f0xx_hal_tim.o
                                                  Application\User\main.o
HAL_TIM_PWM_MspDeInit                             Application\User\stm32f0xx_hal_msp.o
                                                  Drivers\STM32F0xx_HAL_Driver\stm32f0xx_hal_tim.o
HAL_TIM_PWM_MspInit                               Application\User\stm32f0xx_hal_msp.o
                                                  Drivers\STM32F0xx_HAL_Driver\stm32f0xx_hal_tim.o
HAL_TIM_PWM_PulseFinishedCallback                 Drivers\STM32F0xx_HAL_Driver\stm32f0xx_hal_tim.o
HAL_TIM_PWM_Start                                 Drivers\STM32F0xx_HAL_Driver\stm32f0xx_hal_tim.o
HAL_TIM_PWM_Start_DMA                             Drivers\STM32F0xx_HAL_Driver\stm32f0xx_hal_tim.o
HAL_TIM_PWM_Start_IT                              Drivers\STM32F0xx_HAL_Driver\stm32f0xx_hal_tim.o
HAL_TIM_PWM_Stop                                  Drivers\STM32F0xx_HAL_Driver\stm32f0xx_hal_tim.o
HAL_TIM_PWM_Stop_DMA                              Drivers\STM32F0xx_HAL_Driver\stm32f0xx_hal_tim.o
HAL_TIM_PWM_Stop_IT                               Drivers\STM32F0xx_HAL_Driver\stm32f0xx_hal_tim.o
HAL_TIM_PeriodElapsedCallback                     Application\User\stm32f0xx_hal_timebase_TIM.o
                                                  Drivers\STM32F0xx_HAL_Driver\stm32f0xx_hal_tim.o
HAL_TIM_ReadCapturedValue                         Drivers\STM32F0xx_HAL_Driver\stm32f0xx_hal_tim.o
HAL_TIM_SlaveConfigSynchronization                Drivers\STM32F0xx_HAL_Driver\stm32f0xx_hal_tim.o
HAL_TIM_SlaveConfigSynchronization_IT             Drivers\STM32F0xx_HAL_Driver\stm32f0xx_hal_tim.o
HAL_TIM_TriggerCallback                           Drivers\STM32F0xx_HAL_Driver\stm32f0xx_hal_tim.o
HAL_UART_DMAPause                                 Drivers\STM32F0xx_HAL_Driver\stm32f0xx_hal_uart.o
HAL_UART_DMAResume                                Drivers\STM32F0xx_HAL_Driver\stm32f0xx_hal_uart.o
HAL_UART_DMAStop                                  Drivers\STM32F0xx_HAL_Driver\stm32f0xx_hal_uart.o
HAL_UART_DeInit                                   Drivers\STM32F0xx_HAL_Driver\stm32f0xx_hal_uart.o
HAL_UART_ErrorCallback                            Drivers\STM32F0xx_HAL_Driver\stm32f0xx_hal_uart.o
                                                  Drivers\STM32F0xx_HAL_Driver\stm32f0xx_hal_uart_ex.o
HAL_UART_GetError                                 Drivers\STM32F0xx_HAL_Driver\stm32f0xx_hal_uart.o
HAL_UART_GetState                                 Drivers\STM32F0xx_HAL_Driver\stm32f0xx_hal_uart.o
HAL_UART_IRQHandler                               Drivers\STM32F0xx_HAL_Driver\stm32f0xx_hal_uart_ex.o
HAL_UART_Init                                     Drivers\STM32F0xx_HAL_Driver\stm32f0xx_hal_uart.o
                                                  Application\User\main.o
HAL_UART_MspDeInit                                Application\User\stm32f0xx_hal_msp.o