Archive member included to satisfy reference by file (symbol)

c:/st/stm32cubeide_1.5.1/stm32cubeide/plugins/com.st.stm32cube.ide.mcu.externaltools.gnu-tools-for-stm32.9-2020-q2-update.win32_1.5.0.202011040924/tools/bin/../lib/gcc/arm-none-eabi/9.3.1/../../../../arm-none-eabi/lib/thumb/v6-m/nofp\libc_nano.a(lib_a-errno.o)
                              Core/Src/syscalls.o (__errno)
c:/st/stm32cubeide_1.5.1/stm32cubeide/plugins/com.st.stm32cube.ide.mcu.externaltools.gnu-tools-for-stm32.9-2020-q2-update.win32_1.5.0.202011040924/tools/bin/../lib/gcc/arm-none-eabi/9.3.1/../../../../arm-none-eabi/lib/thumb/v6-m/nofp\libc_nano.a(lib_a-exit.o)
                              c:/st/stm32cubeide_1.5.1/stm32cubeide/plugins/com.st.stm32cube.ide.mcu.externaltools.gnu-tools-for-stm32.9-2020-q2-update.win32_1.5.0.202011040924/tools/bin/../lib/gcc/arm-none-eabi/9.3.1/../../../../arm-none-eabi/lib/thumb/v6-m/nofp/crt0.o (exit)
c:/st/stm32cubeide_1.5.1/stm32cubeide/plugins/com.st.stm32cube.ide.mcu.externaltools.gnu-tools-for-stm32.9-2020-q2-update.win32_1.5.0.202011040924/tools/bin/../lib/gcc/arm-none-eabi/9.3.1/../../../../arm-none-eabi/lib/thumb/v6-m/nofp\libc_nano.a(lib_a-impure.o)
                              c:/st/stm32cubeide_1.5.1/stm32cubeide/plugins/com.st.stm32cube.ide.mcu.externaltools.gnu-tools-for-stm32.9-2020-q2-update.win32_1.5.0.202011040924/tools/bin/../lib/gcc/arm-none-eabi/9.3.1/../../../../arm-none-eabi/lib/thumb/v6-m/nofp\libc_nano.a(lib_a-exit.o) (_global_impure_ptr)
c:/st/stm32cubeide_1.5.1/stm32cubeide/plugins/com.st.stm32cube.ide.mcu.externaltools.gnu-tools-for-stm32.9-2020-q2-update.win32_1.5.0.202011040924/tools/bin/../lib/gcc/arm-none-eabi/9.3.1/../../../../arm-none-eabi/lib/thumb/v6-m/nofp\libc_nano.a(lib_a-init.o)
                              c:/st/stm32cubeide_1.5.1/stm32cubeide/plugins/com.st.stm32cube.ide.mcu.externaltools.gnu-tools-for-stm32.9-2020-q2-update.win32_1.5.0.202011040924/tools/bin/../lib/gcc/arm-none-eabi/9.3.1/../../../../arm-none-eabi/lib/thumb/v6-m/nofp/crt0.o (__libc_init_array)
c:/st/stm32cubeide_1.5.1/stm32cubeide/plugins/com.st.stm32cube.ide.mcu.externaltools.gnu-tools-for-stm32.9-2020-q2-update.win32_1.5.0.202011040924/tools/bin/../lib/gcc/arm-none-eabi/9.3.1/../../../../arm-none-eabi/lib/thumb/v6-m/nofp\libc_nano.a(lib_a-memcpy-stub.o)
                              Src/charger_bq2416x.o (memcpy)
c:/st/stm32cubeide_1.5.1/stm32cubeide/plugins/com.st.stm32cube.ide.mcu.externaltools.gnu-tools-for-stm32.9-2020-q2-update.win32_1.5.0.202011040924/tools/bin/../lib/gcc/arm-none-eabi/9.3.1/../../../../arm-none-eabi/lib/thumb/v6-m/nofp\libc_nano.a(lib_a-memset.o)
                              c:/st/stm32cubeide_1.5.1/stm32cubeide/plugins/com.st.stm32cube.ide.mcu.externaltools.gnu-tools-for-stm32.9-2020-q2-update.win32_1.5.0.202011040924/tools/bin/../lib/gcc/arm-none-eabi/9.3.1/../../../../arm-none-eabi/lib/thumb/v6-m/nofp/crt0.o (memset)
c:/st/stm32cubeide_1.5.1/stm32cubeide/plugins/com.st.stm32cube.ide.mcu.externaltools.gnu-tools-for-stm32.9-2020-q2-update.win32_1.5.0.202011040924/tools/bin/../lib/gcc/arm-none-eabi/9.3.1/thumb/v6-m/nofp\libgcc.a(_udivsi3.o)
                              Core/Src/system_stm32f0xx.o (__aeabi_uidiv)
c:/st/stm32cubeide_1.5.1/stm32cubeide/plugins/com.st.stm32cube.ide.mcu.externaltools.gnu-tools-for-stm32.9-2020-q2-update.win32_1.5.0.202011040924/tools/bin/../lib/gcc/arm-none-eabi/9.3.1/thumb/v6-m/nofp\libgcc.a(_divsi3.o)
                              Src/analog.o (__aeabi_idiv)
c:/st/stm32cubeide_1.5.1/stm32cubeide/plugins/com.st.stm32cube.ide.mcu.externaltools.gnu-tools-for-stm32.9-2020-q2-update.win32_1.5.0.202011040924/tools/bin/../lib/gcc/arm-none-eabi/9.3.1/thumb/v6-m/nofp\libgcc.a(_dvmd_tls.o)
                              c:/st/stm32cubeide_1.5.1/stm32cubeide/plugins/com.st.stm32cube.ide.mcu.externaltools.gnu-tools-for-stm32.9-2020-q2-update.win32_1.5.0.202011040924/tools/bin/../lib/gcc/arm-none-eabi/9.3.1/thumb/v6-m/nofp\libgcc.a(_udivsi3.o) (__aeabi_idiv0)
c:/st/stm32cubeide_1.5.1/stm32cubeide/plugins/com.st.stm32cube.ide.mcu.externaltools.gnu-tools-for-stm32.9-2020-q2-update.win32_1.5.0.202011040924/tools/bin/../lib/gcc/arm-none-eabi/9.3.1/thumb/v6-m/nofp\libgcc.a(_arm_cmpsf2.o)
                              Src/load_current_sense.o (__aeabi_fcmpgt)
c:/st/stm32cubeide_1.5.1/stm32cubeide/plugins/com.st.stm32cube.ide.mcu.externaltools.gnu-tools-for-stm32.9-2020-q2-update.win32_1.5.0.202011040924/tools/bin/../lib/gcc/arm-none-eabi/9.3.1/thumb/v6-m/nofp\libgcc.a(_fixunssfsi.o)
                              Src/fuel_gauge_lc709203f.o (__aeabi_f2uiz)
c:/st/stm32cubeide_1.5.1/stm32cubeide/plugins/com.st.stm32cube.ide.mcu.externaltools.gnu-tools-for-stm32.9-2020-q2-update.win32_1.5.0.202011040924/tools/bin/../lib/gcc/arm-none-eabi/9.3.1/thumb/v6-m/nofp\libgcc.a(addsf3.o)
                              Src/fuel_gauge_lc709203f.o (__aeabi_fadd)
[...]
Memory Configuration

Name             Origin             Length             Attributes
RAM              0x0000000020000000 0x0000000000008000 xrw
FLASH            0x0000000008000000 0x0000000000040000 xr
*default*        0x0000000000000000 0xffffffffffffffff

Linker script and memory map

LOAD c:/st/stm32cubeide_1.5.1/stm32cubeide/plugins/com.st.stm32cube.ide.mcu.externaltools.gnu-tools-for-stm32.9-2020-q2-update.win32_1.5.0.202011040924/tools/bin/../lib/gcc/arm-none-eabi/9.3.1/thumb/v6-m/nofp/crti.o
LOAD c:/st/stm32cubeide_1.5.1/stm32cubeide/plugins/com.st.stm32cube.ide.mcu.externaltools.gnu-tools-for-stm32.9-2020-q2-update.win32_1.5.0.202011040924/tools/bin/../lib/gcc/arm-none-eabi/9.3.1/thumb/v6-m/nofp/crtbegin.o
LOAD c:/st/stm32cubeide_1.5.1/stm32cubeide/plugins/com.st.stm32cube.ide.mcu.externaltools.gnu-tools-for-stm32.9-2020-q2-update.win32_1.5.0.202011040924/tools/bin/../lib/gcc/arm-none-eabi/9.3.1/../../../../arm-none-eabi/lib/thumb/v6-m/nofp/crt0.o
LOAD Core/Src/main.o
LOAD Core/Src/stm32f0xx_hal_msp.o
LOAD Core/Src/stm32f0xx_it.o
LOAD Core/Src/syscalls.o
LOAD Core/Src/sysmem.o
LOAD Core/Src/system_stm32f0xx.o
LOAD Core/Startup/startup_stm32f030cctx.o
LOAD Drivers/STM32F0xx_HAL_Driver/Src/stm32f0xx_hal.o
LOAD Drivers/STM32F0xx_HAL_Driver/Src/stm32f0xx_hal_adc.o
LOAD Drivers/STM32F0xx_HAL_Driver/Src/stm32f0xx_hal_adc_ex.o
LOAD Drivers/STM32F0xx_HAL_Driver/Src/stm32f0xx_hal_cortex.o
LOAD Drivers/STM32F0xx_HAL_Driver/Src/stm32f0xx_hal_dma.o
LOAD Drivers/STM32F0xx_HAL_Driver/Src/stm32f0xx_hal_exti.o
LOAD Drivers/STM32F0xx_HAL_Driver/Src/stm32f0xx_hal_flash.o
LOAD Drivers/STM32F0xx_HAL_Driver/Src/stm32f0xx_hal_flash_ex.o
LOAD Drivers/STM32F0xx_HAL_Driver/Src/stm32f0xx_hal_gpio.o
LOAD Drivers/STM32F0xx_HAL_Driver/Src/stm32f0xx_hal_i2c.o
LOAD Drivers/STM32F0xx_HAL_Driver/Src/stm32f0xx_hal_i2c_ex.o
LOAD Drivers/STM32F0xx_HAL_Driver/Src/stm32f0xx_hal_iwdg.o
LOAD Drivers/STM32F0xx_HAL_Driver/Src/stm32f0xx_hal_pwr.o
LOAD Drivers/STM32F0xx_HAL_Driver/Src/stm32f0xx_hal_pwr_ex.o
LOAD Drivers/STM32F0xx_HAL_Driver/Src/stm32f0xx_hal_rcc.o
LOAD Drivers/STM32F0xx_HAL_Driver/Src/stm32f0xx_hal_rcc_ex.o
LOAD Drivers/STM32F0xx_HAL_Driver/Src/stm32f0xx_hal_rtc.o
LOAD Drivers/STM32F0xx_HAL_Driver/Src/stm32f0xx_hal_rtc_ex.o
LOAD Drivers/STM32F0xx_HAL_Driver/Src/stm32f0xx_hal_tim.o
LOAD Drivers/STM32F0xx_HAL_Driver/Src/stm32f0xx_hal_tim_ex.o
LOAD Src/adc.o
LOAD Src/analog.o
LOAD Src/ave_filter.o
LOAD Src/battery.o
LOAD Src/button.o
LOAD Src/charger_bq2416x.o
LOAD Src/command_server.o
LOAD Src/config_switch_resistor.o
LOAD Src/crc.o
LOAD Src/e2.o
LOAD Src/eeprom.o
LOAD Src/fuel_gauge_lc709203f.o
LOAD Src/hostcomms.o
LOAD Src/i2cdrv.o
LOAD Src/io_control.o
LOAD Src/iodrv.o
LOAD Src/led.o
LOAD Src/load_current_sense.o
LOAD Src/nv.o
LOAD Src/osloop.o
LOAD Src/power_management.o
LOAD Src/power_source.o
LOAD Src/rtc_ds1339_emu.o
LOAD Src/taskman.o
LOAD Src/util.o
START GROUP
LOAD c:/st/stm32cubeide_1.5.1/stm32cubeide/plugins/com.st.stm32cube.ide.mcu.externaltools.gnu-tools-for-stm32.9-2020-q2-update.win32_1.5.0.202011040924/tools/bin/../lib/gcc/arm-none-eabi/9.3.1/../../../../arm-none-eabi/lib/thumb/v6-m/nofp\libc_nano.a
LOAD c:/st/stm32cubeide_1.5.1/stm32cubeide/plugins/com.st.stm32cube.ide.mcu.externaltools.gnu-tools-for-stm32.9-2020-q2-update.win32_1.5.0.202011040924/tools/bin/../lib/gcc/arm-none-eabi/9.3.1/../../../../arm-none-eabi/lib/thumb/v6-m/nofp\libm.a
END GROUP
START GROUP
LOAD c:/st/stm32cubeide_1.5.1/stm32cubeide/plugins/com.st.stm32cube.ide.mcu.externaltools.gnu-tools-for-stm32.9-2020-q2-update.win32_1.5.0.202011040924/tools/bin/../lib/gcc/arm-none-eabi/9.3.1/thumb/v6-m/nofp\libgcc.a
LOAD c:/st/stm32cubeide_1.5.1/stm32cubeide/plugins/com.st.stm32cube.ide.mcu.externaltools.gnu-tools-for-stm32.9-2020-q2-update.win32_1.5.0.202011040924/tools/bin/../lib/gcc/arm-none-eabi/9.3.1/../../../../arm-none-eabi/lib/thumb/v6-m/nofp\libc_nano.a
END GROUP
START GROUP
LOAD c:/st/stm32cubeide_1.5.1/stm32cubeide/plugins/com.st.stm32cube.ide.mcu.externaltools.gnu-tools-for-stm32.9-2020-q2-update.win32_1.5.0.202011040924/tools/bin/../lib/gcc/arm-none-eabi/9.3.1/thumb/v6-m/nofp\libgcc.a
LOAD c:/st/stm32cubeide_1.5.1/stm32cubeide/plugins/com.st.stm32cube.ide.mcu.externaltools.gnu-tools-for-stm32.9-2020-q2-update.win32_1.5.0.202011040924/tools/bin/../lib/gcc/arm-none-eabi/9.3.1/../../../../arm-none-eabi/lib/thumb/v6-m/nofp\libc_nano.a
LOAD c:/st/stm32cubeide_1.5.1/stm32cubeide/plugins/com.st.stm32cube.ide.mcu.externaltools.gnu-tools-for-stm32.9-2020-q2-update.win32_1.5.0.202011040924/tools/bin/../lib/gcc/arm-none-eabi/9.3.1/../../../../arm-none-eabi/lib/thumb/v6-m/nofp\libnosys.a
END GROUP
START GROUP
LOAD c:/st/stm32cubeide_1.5.1/stm32cubeide/plugins/com.st.stm32cube.ide.mcu.externaltools.gnu-tools-for-stm32.9-2020-q2-update.win32_1.5.0.202011040924/tools/bin/../lib/gcc/arm-none-eabi/9.3.1/thumb/v6-m/nofp\libgcc.a
LOAD c:/st/stm32cubeide_1.5.1/stm32cubeide/plugins/com.st.stm32cube.ide.mcu.externaltools.gnu-tools-for-stm32.9-2020-q2-update.win32_1.5.0.202011040924/tools/bin/../lib/gcc/arm-none-eabi/9.3.1/../../../../arm-none-eabi/lib/thumb/v6-m/nofp\libc_nano.a
LOAD c:/st/stm32cubeide_1.5.1/stm32cubeide/plugins/com.st.stm32cube.ide.mcu.externaltools.gnu-tools-for-stm32.9-2020-q2-update.win32_1.5.0.202011040924/tools/bin/../lib/gcc/arm-none-eabi/9.3.1/../../../../arm-none-eabi/lib/thumb/v6-m/nofp\libnosys.a
END GROUP
LOAD c:/st/stm32cubeide_1.5.1/stm32cubeide/plugins/com.st.stm32cube.ide.mcu.externaltools.gnu-tools-for-stm32.9-2020-q2-update.win32_1.5.0.202011040924/tools/bin/../lib/gcc/arm-none-eabi/9.3.1/thumb/v6-m/nofp/crtend.o
LOAD c:/st/stm32cubeide_1.5.1/stm32cubeide/plugins/com.st.stm32cube.ide.mcu.externaltools.gnu-tools-for-stm32.9-2020-q2-update.win32_1.5.0.202011040924/tools/bin/../lib/gcc/arm-none-eabi/9.3.1/thumb/v6-m/nofp/crtn.o
                0x0000000020008000                _estack = (ORIGIN (RAM) + LENGTH (RAM))
                0x0000000000000200                _Min_Heap_Size = 0x200
                0x0000000000000400                _Min_Stack_Size = 0x400

.isr_vector     0x0000000008000000       0xbc
                0x0000000008000000                . = ALIGN (0x4)
 *(.isr_vector)
 .isr_vector    0x0000000008000000       0xbc Core/Startup/startup_stm32f030cctx.o
                0x0000000008000000                g_pfnVectors
                0x00000000080000bc                . = ALIGN (0x4)

.text           0x00000000080000bc    0x1381c
                0x00000000080000bc                . = ALIGN (0x4)
 *(.text)
 .text          0x00000000080000bc       0x48 c:/st/stm32cubeide_1.5.1/stm32cubeide/plugins/com.st.stm32cube.ide.mcu.externaltools.gnu-tools-for-stm32.9-2020-q2-update.win32_1.5.0.202011040924/tools/bin/../lib/gcc/arm-none-eabi/9.3.1/thumb/v6-m/nofp/crtbegin.o
 .text          0x0000000008000104      0x114 c:/st/stm32cubeide_1.5.1/stm32cubeide/plugins/com.st.stm32cube.ide.mcu.externaltools.gnu-tools-for-stm32.9-2020-q2-update.win32_1.5.0.202011040924/tools/bin/../lib/gcc/arm-none-eabi/9.3.1/thumb/v6-m/nofp\libgcc.a(_udivsi3.o)
                0x0000000008000104                __aeabi_uidiv
                0x0000000008000104                __udivsi3
                0x0000000008000210                __aeabi_uidivmod
 .text          0x0000000008000218      0x1d4 c:/st/stm32cubeide_1.5.1/stm32cubeide/plugins/com.st.stm32cube.ide.mcu.externaltools.gnu-tools-for-stm32.9-2020-q2-update.win32_1.5.0.202011040924/tools/bin/../lib/gcc/arm-none-eabi/9.3.1/thumb/v6-m/nofp\libgcc.a(_divsi3.o)
                0x0000000008000218                __divsi3
                0x0000000008000218                __aeabi_idiv
                0x00000000080003e4                __aeabi_idivmod
 .text          0x00000000080003ec        0x4 c:/st/stm32cubeide_1.5.1/stm32cubeide/plugins/com.st.stm32cube.ide.mcu.externaltools.gnu-tools-for-stm32.9-2020-q2-update.win32_1.5.0.202011040924/tools/bin/../lib/gcc/arm-none-eabi/9.3.1/thumb/v6-m/nofp\libgcc.a(_dvmd_tls.o)
                0x00000000080003ec                __aeabi_idiv0
                0x00000000080003ec                __aeabi_ldiv0
 .text          0x00000000080003f0       0x74 c:/st/stm32cubeide_1.5.1/stm32cubeide/plugins/com.st.stm32cube.ide.mcu.externaltools.gnu-tools-for-stm32.9-2020-q2-update.win32_1.5.0.202011040924/tools/bin/../lib/gcc/arm-none-eabi/9.3.1/thumb/v6-m/nofp\libgcc.a(_arm_cmpsf2.o)
                0x00000000080003f0                __aeabi_cfrcmple
                0x00000000080003f8                __aeabi_cfcmpeq
                0x00000000080003f8                __aeabi_cfcmple
                0x0000000008000408                __aeabi_fcmpeq
                0x0000000008000414                __aeabi_fcmplt
                0x0000000008000428                __aeabi_fcmple
                0x000000000800043c                __aeabi_fcmpgt
                0x0000000008000450                __aeabi_fcmpge
 .text          0x0000000008000464       0x30 c:/st/stm32cubeide_1.5.1/stm32cubeide/plugins/com.st.stm32cube.ide.mcu.externaltools.gnu-tools-for-stm32.9-2020-q2-update.win32_1.5.0.202011040924/tools/bin/../lib/gcc/arm-none-eabi/9.3.1/thumb/v6-m/nofp\libgcc.a(_fixunssfsi.o)
                0x0000000008000464                __fixunssfsi
                0x0000000008000464                __aeabi_f2uiz
 .text          0x0000000008000494      0x338 c:/st/stm32cubeide_1.5.1/stm32cubeide/plugins/com.st.stm32cube.ide.mcu.externaltools.gnu-tools-for-stm32.9-2020-q2-update.win32_1.5.0.202011040924/tools/bin/../lib/gcc/arm-none-eabi/9.3.1/thumb/v6-m/nofp\libgcc.a(addsf3.o)
                0x0000000008000494                __aeabi_fadd
 .text          0x00000000080007cc      0x218 c:/st/stm32cubeide_1.5.1/stm32cubeide/plugins/com.st.stm32cube.ide.mcu.externaltools.gnu-tools-for-stm32.9-2020-q2-update.win32_1.5.0.202011040924/tools/bin/../lib/gcc/arm-none-eabi/9.3.1/thumb/v6-m/nofp\libgcc.a(divsf3.o)
                0x00000000080007cc                __aeabi_fdiv
 .text          0x00000000080009e4       0x50 c:/st/stm32cubeide_1.5.1/stm32cubeide/plugins/com.st.stm32cube.ide.mcu.externaltools.gnu-tools-for-stm32.9-2020-q2-update.win32_1.5.0.202011040924/tools/bin/../lib/gcc/arm-none-eabi/9.3.1/thumb/v6-m/nofp\libgcc.a(eqsf2.o)
                0x00000000080009e4                __eqsf2
                0x00000000080009e4                __nesf2
 .text          0x0000000008000a34       0x98 c:/st/stm32cubeide_1.5.1/stm32cubeide/plugins/com.st.stm32cube.ide.mcu.externaltools.gnu-tools-for-stm32.9-2020-q2-update.win32_1.5.0.202011040924/tools/bin/../lib/gcc/arm-none-eabi/9.3.1/thumb/v6-m/nofp\libgcc.a(gesf2.o)
                0x0000000008000a34                __gesf2
                0x0000000008000a34                __gtsf2
 .text          0x0000000008000acc       0x94 c:/st/stm32cubeide_1.5.1/stm32cubeide/plugins/com.st.stm32cube.ide.mcu.externaltools.gnu-tools-for-stm32.9-2020-q2-update.win32_1.5.0.202011040924/tools/bin/../lib/gcc/arm-none-eabi/9.3.1/thumb/v6-m/nofp\libgcc.a(lesf2.o)
                0x0000000008000acc                __ltsf2
                0x0000000008000acc                __lesf2
 .text          0x0000000008000b60      0x234 c:/st/stm32cubeide_1.5.1/stm32cubeide/plugins/com.st.stm32cube.ide.mcu.externaltools.gnu-tools-for-stm32.9-2020-q2-update.win32_1.5.0.202011040924/tools/bin/../lib/gcc/arm-none-eabi/9.3.1/thumb/v6-m/nofp\libgcc.a(mulsf3.o)
                0x0000000008000b60                __aeabi_fmul
 .text          0x0000000008000d94      0x390 c:/st/stm32cubeide_1.5.1/stm32cubeide/plugins/com.st.stm32cube.ide.mcu.externaltools.gnu-tools-for-stm32.9-2020-q2-update.win32_1.5.0.202011040924/tools/bin/../lib/gcc/arm-none-eabi/9.3.1/thumb/v6-m/nofp\libgcc.a(subsf3.o)
                0x0000000008000d94                __aeabi_fsub
 .text          0x0000000008001124       0x40 c:/st/stm32cubeide_1.5.1/stm32cubeide/plugins/com.st.stm32cube.ide.mcu.externaltools.gnu-tools-for-stm32.9-2020-q2-update.win32_1.5.0.202011040924/tools/bin/../lib/gcc/arm-none-eabi/9.3.1/thumb/v6-m/nofp\libgcc.a(fixsfsi.o)
                0x0000000008001124                __aeabi_f2iz
 .text          0x0000000008001164       0x8c c:/st/stm32cubeide_1.5.1/stm32cubeide/plugins/com.st.stm32cube.ide.mcu.externaltools.gnu-tools-for-stm32.9-2020-q2-update.win32_1.5.0.202011040924/tools/bin/../lib/gcc/arm-none-eabi/9.3.1/thumb/v6-m/nofp\libgcc.a(floatsisf.o)
                0x0000000008001164                __aeabi_i2f
 .text          0x00000000080011f0       0x78 c:/st/stm32cubeide_1.5.1/stm32cubeide/plugins/com.st.stm32cube.ide.mcu.externaltools.gnu-tools-for-stm32.9-2020-q2-update.win32_1.5.0.202011040924/tools/bin/../lib/gcc/arm-none-eabi/9.3.1/thumb/v6-m/nofp\libgcc.a(floatunsisf.o)
                0x00000000080011f0                __aeabi_ui2f
 .text          0x0000000008001268      0x6d4 c:/st/stm32cubeide_1.5.1/stm32cubeide/plugins/com.st.stm32cube.ide.mcu.externaltools.gnu-tools-for-stm32.9-2020-q2-update.win32_1.5.0.202011040924/tools/bin/../lib/gcc/arm-none-eabi/9.3.1/thumb/v6-m/nofp\libgcc.a(adddf3.o)
                0x0000000008001268                __aeabi_dadd
 .text          0x000000000800193c       0x6c c:/st/stm32cubeide_1.5.1/stm32cubeide/plugins/com.st.stm32cube.ide.mcu.externaltools.gnu-tools-for-stm32.9-2020-q2-update.win32_1.5.0.202011040924/tools/bin/../lib/gcc/arm-none-eabi/9.3.1/thumb/v6-m/nofp\libgcc.a(fixdfsi.o)
                0x000000000800193c                __aeabi_d2iz
 .text          0x00000000080019a8       0x90 c:/st/stm32cubeide_1.5.1/stm32cubeide/plugins/com.st.stm32cube.ide.mcu.externaltools.gnu-tools-for-stm32.9-2020-q2-update.win32_1.5.0.202011040924/tools/bin/../lib/gcc/arm-none-eabi/9.3.1/thumb/v6-m/nofp\libgcc.a(extendsfdf2.o)
                0x00000000080019a8                __aeabi_f2d
 .text          0x0000000008001a38       0x3c c:/st/stm32cubeide_1.5.1/stm32cubeide/plugins/com.st.stm32cube.ide.mcu.externaltools.gnu-tools-for-stm32.9-2020-q2-update.win32_1.5.0.202011040924/tools/bin/../lib/gcc/arm-none-eabi/9.3.1/thumb/v6-m/nofp\libgcc.a(_clzsi2.o)
                0x0000000008001a38                __clzsi2
 *(.text*)
 .text.main     0x0000000008001a74       0xf8 Core/Src/main.o
                0x0000000008001a74                main
 .text.SystemClock_Config
                0x0000000008001b6c       0xe8 Core/Src/main.o
                0x0000000008001b6c                SystemClock_Config
 .text.MX_ADC_Init
                0x0000000008001c54      0x1dc Core/Src/main.o
 .text.MX_I2C1_Init
                0x0000000008001e30       0x84 Core/Src/main.o
 .text.MX_I2C2_Init
                0x0000000008001eb4       0x80 Core/Src/main.o
 .text.MX_RTC_Init
                0x0000000008001f34      0x148 Core/Src/main.o
 .text.MX_TIM3_Init
                0x000000000800207c       0xec Core/Src/main.o
 .text.MX_TIM6_Init
                0x0000000008002168       0x44 Core/Src/main.o
 .text.MX_TIM15_Init
                0x00000000080021ac      0x144 Core/Src/main.o
 .text.MX_TIM17_Init
                0x00000000080022f0      0x10c Core/Src/main.o
 .text.MX_DMA_Init
                0x00000000080023fc       0x2c Core/Src/main.o
 .text.MX_GPIO_Init
                0x0000000008002428      0x24c Core/Src/main.o
 .text.Error_Handler
                0x0000000008002674        0xa Core/Src/main.o
                0x0000000008002674                Error_Handler
 *fill*         0x000000000800267e        0x2 
 .text.HAL_MspInit
                0x0000000008002680       0x48 Core/Src/stm32f0xx_hal_msp.o
                0x0000000008002680                HAL_MspInit
 .text.HAL_ADC_MspInit
                0x00000000080026c8      0x108 Core/Src/stm32f0xx_hal_msp.o
                0x00000000080026c8                HAL_ADC_MspInit
 .text.HAL_ADC_MspDeInit
                0x00000000080027d0       0x48 Core/Src/stm32f0xx_hal_msp.o
                0x00000000080027d0                HAL_ADC_MspDeInit
 .text.HAL_I2C_MspInit
                0x0000000008002818      0x31c Core/Src/stm32f0xx_hal_msp.o
                0x0000000008002818                HAL_I2C_MspInit
 .text.HAL_I2C_MspDeInit
                0x0000000008002b34       0xbc Core/Src/stm32f0xx_hal_msp.o
                0x0000000008002b34                HAL_I2C_MspDeInit
 .text.HAL_RTC_MspInit
                0x0000000008002bf0       0x40 Core/Src/stm32f0xx_hal_msp.o
                0x0000000008002bf0                HAL_RTC_MspInit
 .text.HAL_RTC_MspDeInit
                0x0000000008002c30       0x38 Core/Src/stm32f0xx_hal_msp.o
                0x0000000008002c30                HAL_RTC_MspDeInit
 .text.HAL_TIM_PWM_MspInit
                0x0000000008002c68       0x68 Core/Src/stm32f0xx_hal_msp.o
                0x0000000008002c68                HAL_TIM_PWM_MspInit
 .text.HAL_TIM_Base_MspInit
                0x0000000008002cd0       0x78 Core/Src/stm32f0xx_hal_msp.o
                0x0000000008002cd0                HAL_TIM_Base_MspInit
 .text.HAL_TIM_MspPostInit
                0x0000000008002d48      0x134 Core/Src/stm32f0xx_hal_msp.o
                0x0000000008002d48                HAL_TIM_MspPostInit
 .text.HAL_TIM_PWM_MspDeInit
                0x0000000008002e7c       0x50 Core/Src/stm32f0xx_hal_msp.o
                0x0000000008002e7c                HAL_TIM_PWM_MspDeInit
 .text.HAL_TIM_Base_MspDeInit
                0x0000000008002ecc       0x54 Core/Src/stm32f0xx_hal_msp.o
                0x0000000008002ecc                HAL_TIM_Base_MspDeInit
 .text.NMI_Handler
                0x0000000008002f20        0x6 Core/Src/stm32f0xx_it.o
                0x0000000008002f20                NMI_Handler
 .text.HardFault_Handler
                0x0000000008002f26        0x6 Core/Src/stm32f0xx_it.o
                0x0000000008002f26                HardFault_Handler
 .text.SVC_Handler
                0x0000000008002f2c        0xa Core/Src/stm32f0xx_it.o
                0x0000000008002f2c                SVC_Handler
 .text.PendSV_Handler
                0x0000000008002f36        0xa Core/Src/stm32f0xx_it.o
                0x0000000008002f36                PendSV_Handler
 .text.SysTick_Handler
                0x0000000008002f40        0xe Core/Src/stm32f0xx_it.o
                0x0000000008002f40                SysTick_Handler
 *fill*         0x0000000008002f4e        0x2 
 .text.RTC_IRQHandler
                0x0000000008002f50       0x20 Core/Src/stm32f0xx_it.o
                0x0000000008002f50                RTC_IRQHandler
 .text.EXTI0_1_IRQHandler
                0x0000000008002f70       0x10 Core/Src/stm32f0xx_it.o
                0x0000000008002f70                EXTI0_1_IRQHandler
 .text.EXTI2_3_IRQHandler
                0x0000000008002f80       0x10 Core/Src/stm32f0xx_it.o
                0x0000000008002f80                EXTI2_3_IRQHandler
 .text.EXTI4_15_IRQHandler
                0x0000000008002f90       0x2e Core/Src/stm32f0xx_it.o
                0x0000000008002f90                EXTI4_15_IRQHandler
 .text.SystemInit
                0x0000000008002fbe        0xa Core/Src/system_stm32f0xx.o
                0x0000000008002fbe                SystemInit
 .text.Reset_Handler
                0x0000000008002fc8       0x50 Core/Startup/startup_stm32f030cctx.o
                0x0000000008002fc8                Reset_Handler
 .text.Default_Handler
                0x0000000008003018        0x2 Core/Startup/startup_stm32f030cctx.o
                0x0000000008003018                TIM1_CC_IRQHandler
                0x0000000008003018                SPI1_IRQHandler
                0x0000000008003018                ADC1_IRQHandler
                0x0000000008003018                USART3_6_IRQHandler
                0x0000000008003018                TIM17_IRQHandler
                0x0000000008003018                TIM16_IRQHandler
                0x0000000008003018                TIM3_IRQHandler
                0x0000000008003018                RCC_IRQHandler
                0x0000000008003018                DMA1_Channel1_IRQHandler
                0x0000000008003018                Default_Handler
                0x0000000008003018                TIM14_IRQHandler
                0x0000000008003018                DMA1_Channel4_5_IRQHandler
                0x0000000008003018                TIM7_IRQHandler
                0x0000000008003018                TIM15_IRQHandler
                0x0000000008003018                SPI2_IRQHandler
                0x0000000008003018                WWDG_IRQHandler
                0x0000000008003018                DMA1_Channel2_3_IRQHandler
                0x0000000008003018                USART2_IRQHandler
                0x0000000008003018                FLASH_IRQHandler
                0x0000000008003018                USART1_IRQHandler
                0x0000000008003018                TIM1_BRK_UP_TRG_COM_IRQHandler
 *fill*         0x000000000800301a        0x2 
 .text.HAL_Init
                0x000000000800301c       0x28 Drivers/STM32F0xx_HAL_Driver/Src/stm32f0xx_hal.o
                0x000000000800301c                HAL_Init
 .text.HAL_InitTick
                0x0000000008003044       0x68 Drivers/STM32F0xx_HAL_Driver/Src/stm32f0xx_hal.o
                0x0000000008003044                HAL_InitTick
 .text.HAL_IncTick
                0x00000000080030ac       0x24 Drivers/STM32F0xx_HAL_Driver/Src/stm32f0xx_hal.o
                0x00000000080030ac                HAL_IncTick
 .text.HAL_GetTick
                0x00000000080030d0       0x14 Drivers/STM32F0xx_HAL_Driver/Src/stm32f0xx_hal.o
                0x00000000080030d0                HAL_GetTick
 .text.HAL_Delay
                0x00000000080030e4       0x48 Drivers/STM32F0xx_HAL_Driver/Src/stm32f0xx_hal.o
                0x00000000080030e4                HAL_Delay
 .text.HAL_SuspendTick
                0x000000000800312c       0x1c Drivers/STM32F0xx_HAL_Driver/Src/stm32f0xx_hal.o
                0x000000000800312c                HAL_SuspendTick
 .text.HAL_ResumeTick
                0x0000000008003148       0x1c Drivers/STM32F0xx_HAL_Driver/Src/stm32f0xx_hal.o
                0x0000000008003148                HAL_ResumeTick
 .text.HAL_ADC_Init
                0x0000000008003164      0x280 Drivers/STM32F0xx_HAL_Driver/Src/stm32f0xx_hal_adc.o
                0x0000000008003164                HAL_ADC_Init
 .text.HAL_ADC_Start_DMA
                0x00000000080033e4      0x104 Drivers/STM32F0xx_HAL_Driver/Src/stm32f0xx_hal_adc.o
                0x00000000080033e4                HAL_ADC_Start_DMA
 .text.HAL_ADC_Stop_DMA
                0x00000000080034e8       0xec Drivers/STM32F0xx_HAL_Driver/Src/stm32f0xx_hal_adc.o
                0x00000000080034e8                HAL_ADC_Stop_DMA
 .text.HAL_ADC_ConvCpltCallback
                0x00000000080035d4       0x10 Drivers/STM32F0xx_HAL_Driver/Src/stm32f0xx_hal_adc.o
                0x00000000080035d4                HAL_ADC_ConvCpltCallback
 .text.HAL_ADC_ConvHalfCpltCallback
                0x00000000080035e4       0x10 Drivers/STM32F0xx_HAL_Driver/Src/stm32f0xx_hal_adc.o
                0x00000000080035e4                HAL_ADC_ConvHalfCpltCallback
 .text.HAL_ADC_ErrorCallback
                0x00000000080035f4       0x10 Drivers/STM32F0xx_HAL_Driver/Src/stm32f0xx_hal_adc.o
                0x00000000080035f4                HAL_ADC_ErrorCallback
 .text.HAL_ADC_ConfigChannel
                0x0000000008003604      0x1ec Drivers/STM32F0xx_HAL_Driver/Src/stm32f0xx_hal_adc.o
                0x0000000008003604                HAL_ADC_ConfigChannel
 .text.HAL_ADC_AnalogWDGConfig
                0x00000000080037f0      0x11c Drivers/STM32F0xx_HAL_Driver/Src/stm32f0xx_hal_adc.o
                0x00000000080037f0                HAL_ADC_AnalogWDGConfig
 .text.ADC_Enable
                0x000000000800390c       0xf8 Drivers/STM32F0xx_HAL_Driver/Src/stm32f0xx_hal_adc.o
 .text.ADC_Disable
                0x0000000008003a04       0xd4 Drivers/STM32F0xx_HAL_Driver/Src/stm32f0xx_hal_adc.o
 .text.ADC_ConversionStop
                0x0000000008003ad8       0x8c Drivers/STM32F0xx_HAL_Driver/Src/stm32f0xx_hal_adc.o
 .text.ADC_DMAConvCplt
                0x0000000008003b64       0xb4 Drivers/STM32F0xx_HAL_Driver/Src/stm32f0xx_hal_adc.o
 .text.ADC_DMAHalfConvCplt
                0x0000000008003c18       0x1e Drivers/STM32F0xx_HAL_Driver/Src/stm32f0xx_hal_adc.o
 .text.ADC_DMAError
                0x0000000008003c36       0x36 Drivers/STM32F0xx_HAL_Driver/Src/stm32f0xx_hal_adc.o
 .text.HAL_ADCEx_Calibration_Start
                0x0000000008003c6c      0x13c Drivers/STM32F0xx_HAL_Driver/Src/stm32f0xx_hal_adc_ex.o
                0x0000000008003c6c                HAL_ADCEx_Calibration_Start
 .text.__NVIC_EnableIRQ
                0x0000000008003da8       0x34 Drivers/STM32F0xx_HAL_Driver/Src/stm32f0xx_hal_cortex.o
 .text.__NVIC_DisableIRQ
                0x0000000008003ddc       0x44 Drivers/STM32F0xx_HAL_Driver/Src/stm32f0xx_hal_cortex.o
 .text.__NVIC_ClearPendingIRQ
                0x0000000008003e20       0x38 Drivers/STM32F0xx_HAL_Driver/Src/stm32f0xx_hal_cortex.o
 .text.__NVIC_SetPriority
                0x0000000008003e58       0xdc Drivers/STM32F0xx_HAL_Driver/Src/stm32f0xx_hal_cortex.o
 .text.SysTick_Config
                0x0000000008003f34       0x48 Drivers/STM32F0xx_HAL_Driver/Src/stm32f0xx_hal_cortex.o
 .text.HAL_NVIC_SetPriority
                0x0000000008003f7c       0x2a Drivers/STM32F0xx_HAL_Driver/Src/stm32f0xx_hal_cortex.o
                0x0000000008003f7c                HAL_NVIC_SetPriority
 .text.HAL_NVIC_EnableIRQ
                0x0000000008003fa6       0x20 Drivers/STM32F0xx_HAL_Driver/Src/stm32f0xx_hal_cortex.o
                0x0000000008003fa6                HAL_NVIC_EnableIRQ
 .text.HAL_NVIC_DisableIRQ
                0x0000000008003fc6       0x20 Drivers/STM32F0xx_HAL_Driver/Src/stm32f0xx_hal_cortex.o
                0x0000000008003fc6                HAL_NVIC_DisableIRQ
 .text.HAL_SYSTICK_Config
                0x0000000008003fe6       0x1a Drivers/STM32F0xx_HAL_Driver/Src/stm32f0xx_hal_cortex.o
                0x0000000008003fe6                HAL_SYSTICK_Config
 .text.HAL_NVIC_ClearPendingIRQ
                0x0000000008004000       0x20 Drivers/STM32F0xx_HAL_Driver/Src/stm32f0xx_hal_cortex.o
                0x0000000008004000                HAL_NVIC_ClearPendingIRQ
 .text.HAL_DMA_Init
                0x0000000008004020       0x90 Drivers/STM32F0xx_HAL_Driver/Src/stm32f0xx_hal_dma.o
                0x0000000008004020                HAL_DMA_Init
 .text.HAL_DMA_DeInit
                0x00000000080040b0       0x92 Drivers/STM32F0xx_HAL_Driver/Src/stm32f0xx_hal_dma.o
                0x00000000080040b0                HAL_DMA_DeInit
 .text.HAL_DMA_Start_IT
                0x0000000008004142       0xcc Drivers/STM32F0xx_HAL_Driver/Src/stm32f0xx_hal_dma.o
                0x0000000008004142                HAL_DMA_Start_IT
 .text.HAL_DMA_Abort
                0x000000000800420e       0x70 Drivers/STM32F0xx_HAL_Driver/Src/stm32f0xx_hal_dma.o
                0x000000000800420e                HAL_DMA_Abort
 .text.DMA_SetConfig
                0x000000000800427e       0x58 Drivers/STM32F0xx_HAL_Driver/Src/stm32f0xx_hal_dma.o
 *fill*         0x00000000080042d6        0x2 
 .text.DMA_CalcBaseAndBitshift
                0x00000000080042d8       0x38 Drivers/STM32F0xx_HAL_Driver/Src/stm32f0xx_hal_dma.o
 .text.FLASH_WaitForLastOperation
                0x0000000008004310       0x80 Drivers/STM32F0xx_HAL_Driver/Src/stm32f0xx_hal_flash.o
                0x0000000008004310                FLASH_WaitForLastOperation
 .text.FLASH_SetErrorCode
                0x0000000008004390       0x60 Drivers/STM32F0xx_HAL_Driver/Src/stm32f0xx_hal_flash.o
 .text.HAL_GPIO_Init
                0x00000000080043f0      0x2e0 Drivers/STM32F0xx_HAL_Driver/Src/stm32f0xx_hal_gpio.o
                0x00000000080043f0                HAL_GPIO_Init
 .text.HAL_GPIO_DeInit
                0x00000000080046d0      0x1a0 Drivers/STM32F0xx_HAL_Driver/Src/stm32f0xx_hal_gpio.o
                0x00000000080046d0                HAL_GPIO_DeInit
 .text.HAL_GPIO_ReadPin
                0x0000000008004870       0x3a Drivers/STM32F0xx_HAL_Driver/Src/stm32f0xx_hal_gpio.o
                0x0000000008004870                HAL_GPIO_ReadPin
 .text.HAL_GPIO_WritePin
                0x00000000080048aa       0x3a Drivers/STM32F0xx_HAL_Driver/Src/stm32f0xx_hal_gpio.o
                0x00000000080048aa                HAL_GPIO_WritePin
 .text.HAL_GPIO_EXTI_IRQHandler
                0x00000000080048e4       0x38 Drivers/STM32F0xx_HAL_Driver/Src/stm32f0xx_hal_gpio.o
                0x00000000080048e4                HAL_GPIO_EXTI_IRQHandler
 .text.HAL_I2C_Init
                0x000000000800491c      0x12c Drivers/STM32F0xx_HAL_Driver/Src/stm32f0xx_hal_i2c.o
                0x000000000800491c                HAL_I2C_Init
 .text.HAL_I2C_DeInit
                0x0000000008004a48       0x60 Drivers/STM32F0xx_HAL_Driver/Src/stm32f0xx_hal_i2c.o
                0x0000000008004a48                HAL_I2C_DeInit
 .text.HAL_I2C_DisableListen_IT
                0x0000000008004aa8       0x68 Drivers/STM32F0xx_HAL_Driver/Src/stm32f0xx_hal_i2c.o
                0x0000000008004aa8                HAL_I2C_DisableListen_IT
 .text.I2C_Disable_IRQ
                0x0000000008004b10       0xc6 Drivers/STM32F0xx_HAL_Driver/Src/stm32f0xx_hal_i2c.o
 *fill*         0x0000000008004bd6        0x2 
 .text.HAL_I2CEx_ConfigAnalogFilter
                0x0000000008004bd8       0x98 Drivers/STM32F0xx_HAL_Driver/Src/stm32f0xx_hal_i2c_ex.o
                0x0000000008004bd8                HAL_I2CEx_ConfigAnalogFilter
 .text.HAL_I2CEx_ConfigDigitalFilter
                0x0000000008004c70       0x98 Drivers/STM32F0xx_HAL_Driver/Src/stm32f0xx_hal_i2c_ex.o
                0x0000000008004c70                HAL_I2CEx_ConfigDigitalFilter
 .text.HAL_PWR_EnableBkUpAccess
                0x0000000008004d08       0x1c Drivers/STM32F0xx_HAL_Driver/Src/stm32f0xx_hal_pwr.o
                0x0000000008004d08                HAL_PWR_EnableBkUpAccess
 .text.HAL_PWR_EnterSLEEPMode
                0x0000000008004d24       0x38 Drivers/STM32F0xx_HAL_Driver/Src/stm32f0xx_hal_pwr.o
                0x0000000008004d24                HAL_PWR_EnterSLEEPMode
 .text.HAL_PWR_EnterSTOPMode
                0x0000000008004d5c       0x68 Drivers/STM32F0xx_HAL_Driver/Src/stm32f0xx_hal_pwr.o
                0x0000000008004d5c                HAL_PWR_EnterSTOPMode
 .text.HAL_RCC_OscConfig
                0x0000000008004dc4      0x63c Drivers/STM32F0xx_HAL_Driver/Src/stm32f0xx_hal_rcc.o
                0x0000000008004dc4                HAL_RCC_OscConfig
 .text.HAL_RCC_ClockConfig
                0x0000000008005400      0x19c Drivers/STM32F0xx_HAL_Driver/Src/stm32f0xx_hal_rcc.o
                0x0000000008005400                HAL_RCC_ClockConfig
 .text.HAL_RCC_GetSysClockFreq
                0x000000000800559c       0xc4 Drivers/STM32F0xx_HAL_Driver/Src/stm32f0xx_hal_rcc.o
                0x000000000800559c                HAL_RCC_GetSysClockFreq
 .text.HAL_RCCEx_PeriphCLKConfig
                0x0000000008005660      0x19c Drivers/STM32F0xx_HAL_Driver/Src/stm32f0xx_hal_rcc_ex.o
                0x0000000008005660                HAL_RCCEx_PeriphCLKConfig
 .text.HAL_RTC_Init
                0x00000000080057fc      0x128 Drivers/STM32F0xx_HAL_Driver/Src/stm32f0xx_hal_rtc.o
                0x00000000080057fc                HAL_RTC_Init
 .text.HAL_RTC_SetTime
                0x0000000008005924      0x178 Drivers/STM32F0xx_HAL_Driver/Src/stm32f0xx_hal_rtc.o
                0x0000000008005924                HAL_RTC_SetTime
 .text.HAL_RTC_GetTime
                0x0000000008005a9c       0xbc Drivers/STM32F0xx_HAL_Driver/Src/stm32f0xx_hal_rtc.o
                0x0000000008005a9c                HAL_RTC_GetTime
 .text.HAL_RTC_SetDate
                0x0000000008005b58      0x14c Drivers/STM32F0xx_HAL_Driver/Src/stm32f0xx_hal_rtc.o
                0x0000000008005b58                HAL_RTC_SetDate
 .text.HAL_RTC_GetDate
                0x0000000008005ca4       0xa0 Drivers/STM32F0xx_HAL_Driver/Src/stm32f0xx_hal_rtc.o
                0x0000000008005ca4                HAL_RTC_GetDate
 .text.HAL_RTC_SetAlarm_IT
                0x0000000008005d44      0x1e4 Drivers/STM32F0xx_HAL_Driver/Src/stm32f0xx_hal_rtc.o
                0x0000000008005d44                HAL_RTC_SetAlarm_IT
 .text.HAL_RTC_DeactivateAlarm
                0x0000000008005f28       0xbc Drivers/STM32F0xx_HAL_Driver/Src/stm32f0xx_hal_rtc.o
                0x0000000008005f28                HAL_RTC_DeactivateAlarm
 .text.HAL_RTC_GetAlarm
                0x0000000008005fe4      0x100 Drivers/STM32F0xx_HAL_Driver/Src/stm32f0xx_hal_rtc.o
                0x0000000008005fe4                HAL_RTC_GetAlarm
 .text.HAL_RTC_AlarmIRQHandler
                0x00000000080060e4       0x60 Drivers/STM32F0xx_HAL_Driver/Src/stm32f0xx_hal_rtc.o
                0x00000000080060e4                HAL_RTC_AlarmIRQHandler
 .text.HAL_RTC_WaitForSynchro
                0x0000000008006144       0x52 Drivers/STM32F0xx_HAL_Driver/Src/stm32f0xx_hal_rtc.o
                0x0000000008006144                HAL_RTC_WaitForSynchro
 .text.RTC_EnterInitMode
                0x0000000008006196       0x58 Drivers/STM32F0xx_HAL_Driver/Src/stm32f0xx_hal_rtc.o
                0x0000000008006196                RTC_EnterInitMode
 .text.RTC_ByteToBcd2
                0x00000000080061ee       0x42 Drivers/STM32F0xx_HAL_Driver/Src/stm32f0xx_hal_rtc.o
                0x00000000080061ee                RTC_ByteToBcd2
 .text.RTC_Bcd2ToByte
                0x0000000008006230       0x3e Drivers/STM32F0xx_HAL_Driver/Src/stm32f0xx_hal_rtc.o
                0x0000000008006230                RTC_Bcd2ToByte
 *fill*         0x000000000800626e        0x2 
 .text.HAL_RTCEx_SetWakeUpTimer_IT
                0x0000000008006270      0x17c Drivers/STM32F0xx_HAL_Driver/Src/stm32f0xx_hal_rtc_ex.o
                0x0000000008006270                HAL_RTCEx_SetWakeUpTimer_IT
 .text.HAL_RTCEx_DeactivateWakeUpTimer
                0x00000000080063ec       0xbc Drivers/STM32F0xx_HAL_Driver/Src/stm32f0xx_hal_rtc_ex.o
                0x00000000080063ec                HAL_RTCEx_DeactivateWakeUpTimer
 .text.HAL_RTCEx_WakeUpTimerIRQHandler
                0x00000000080064a8       0x60 Drivers/STM32F0xx_HAL_Driver/Src/stm32f0xx_hal_rtc_ex.o
                0x00000000080064a8                HAL_RTCEx_WakeUpTimerIRQHandler
 .text.HAL_RTCEx_WakeUpTimerEventCallback
                0x0000000008006508       0x10 Drivers/STM32F0xx_HAL_Driver/Src/stm32f0xx_hal_rtc_ex.o
                0x0000000008006508                HAL_RTCEx_WakeUpTimerEventCallback
 .text.HAL_TIM_Base_Init
                0x0000000008006518       0xa0 Drivers/STM32F0xx_HAL_Driver/Src/stm32f0xx_hal_tim.o
                0x0000000008006518                HAL_TIM_Base_Init
 .text.HAL_TIM_PWM_Init
                0x00000000080065b8       0xa0 Drivers/STM32F0xx_HAL_Driver/Src/stm32f0xx_hal_tim.o
                0x00000000080065b8                HAL_TIM_PWM_Init
 .text.HAL_TIM_PWM_Start
                0x0000000008006658      0x164 Drivers/STM32F0xx_HAL_Driver/Src/stm32f0xx_hal_tim.o
                0x0000000008006658                HAL_TIM_PWM_Start
 .text.HAL_TIM_PWM_Stop
                0x00000000080067bc       0xf8 Drivers/STM32F0xx_HAL_Driver/Src/stm32f0xx_hal_tim.o
                0x00000000080067bc                HAL_TIM_PWM_Stop
 .text.HAL_TIM_PWM_ConfigChannel
                0x00000000080068b4      0x178 Drivers/STM32F0xx_HAL_Driver/Src/stm32f0xx_hal_tim.o
                0x00000000080068b4                HAL_TIM_PWM_ConfigChannel
 .text.HAL_TIM_ConfigClockSource
                0x0000000008006a2c      0x194 Drivers/STM32F0xx_HAL_Driver/Src/stm32f0xx_hal_tim.o
                0x0000000008006a2c                HAL_TIM_ConfigClockSource
 .text.TIM_Base_SetConfig
                0x0000000008006bc0       0xec Drivers/STM32F0xx_HAL_Driver/Src/stm32f0xx_hal_tim.o
                0x0000000008006bc0                TIM_Base_SetConfig
 .text.TIM_OC1_SetConfig
                0x0000000008006cac      0x110 Drivers/STM32F0xx_HAL_Driver/Src/stm32f0xx_hal_tim.o
 .text.TIM_OC2_SetConfig
                0x0000000008006dbc      0x108 Drivers/STM32F0xx_HAL_Driver/Src/stm32f0xx_hal_tim.o
                0x0000000008006dbc                TIM_OC2_SetConfig
 .text.TIM_OC3_SetConfig
                0x0000000008006ec4      0x10c Drivers/STM32F0xx_HAL_Driver/Src/stm32f0xx_hal_tim.o
 .text.TIM_OC4_SetConfig
                0x0000000008006fd0       0xd4 Drivers/STM32F0xx_HAL_Driver/Src/stm32f0xx_hal_tim.o
 .text.TIM_TI1_ConfigInputStage
                0x00000000080070a4       0x5c Drivers/STM32F0xx_HAL_Driver/Src/stm32f0xx_hal_tim.o
 .text.TIM_TI2_ConfigInputStage
                0x0000000008007100       0x64 Drivers/STM32F0xx_HAL_Driver/Src/stm32f0xx_hal_tim.o
 .text.TIM_ITRx_SetConfig
                0x0000000008007164       0x32 Drivers/STM32F0xx_HAL_Driver/Src/stm32f0xx_hal_tim.o
 *fill*         0x0000000008007196        0x2 
 .text.TIM_ETR_SetConfig
                0x0000000008007198       0x40 Drivers/STM32F0xx_HAL_Driver/Src/stm32f0xx_hal_tim.o
                0x0000000008007198                TIM_ETR_SetConfig
 .text.TIM_CCxChannelCmd
                0x00000000080071d8       0x46 Drivers/STM32F0xx_HAL_Driver/Src/stm32f0xx_hal_tim.o
                0x00000000080071d8                TIM_CCxChannelCmd
 *fill*         0x000000000800721e        0x2 
 .text.HAL_TIMEx_MasterConfigSynchronization
                0x0000000008007220       0xb0 Drivers/STM32F0xx_HAL_Driver/Src/stm32f0xx_hal_tim_ex.o
                0x0000000008007220                HAL_TIMEx_MasterConfigSynchronization
 .text.HAL_TIMEx_ConfigBreakDeadTime
                0x00000000080072d0       0xbc Drivers/STM32F0xx_HAL_Driver/Src/stm32f0xx_hal_tim_ex.o
                0x00000000080072d0                HAL_TIMEx_ConfigBreakDeadTime
 .text.ADC_Init
                0x000000000800738c       0xf0 Src/adc.o
                0x000000000800738c                ADC_Init
 .text.ADC_Shutdown
                0x000000000800747c       0x18 Src/adc.o
                0x000000000800747c                ADC_Shutdown
 .text.ADC_Service
                0x0000000008007494      0x13c Src/adc.o
                0x0000000008007494                ADC_Service
 .text.ADC_GetAverageValue
                0x00000000080075d0       0x44 Src/adc.o
                0x00000000080075d0                ADC_GetAverageValue
 .text.ADC_CalibrateValue
                0x0000000008007614       0x40 Src/adc.o
                0x0000000008007614                ADC_CalibrateValue
 .text.ADC_GetCurrentSenseAverage
                0x0000000008007654       0x40 Src/adc.o
                0x0000000008007654                ADC_GetCurrentSenseAverage
 .text.ADC_GetFilterReady
                0x0000000008007694       0x14 Src/adc.o
                0x0000000008007694                ADC_GetFilterReady
 .text.ADC_SetIFilterPeriod
                0x00000000080076a8       0x20 Src/adc.o
                0x00000000080076a8                ADC_SetIFilterPeriod
 .text.ANALOG_Init
                0x00000000080076c8       0x28 Src/analog.o
                0x00000000080076c8                ANALOG_Init
 .text.ANALOG_Shutdown
                0x00000000080076f0        0xa Src/analog.o
                0x00000000080076f0                ANALOG_Shutdown
 *fill*         0x00000000080076fa        0x2 
 .text.ANALOG_Service
                0x00000000080076fc       0x88 Src/analog.o
                0x00000000080076fc                ANALOG_Service
 .text.ANALOG_GetAVDDMv
                0x0000000008007784       0x18 Src/analog.o
                0x0000000008007784                ANALOG_GetAVDDMv
 .text.ANALOG_GetBatteryMv
                0x000000000800779c       0x38 Src/analog.o
                0x000000000800779c                ANALOG_GetBatteryMv
 .text.ANALOG_Get5VRailMv
                0x00000000080077d4       0x38 Src/analog.o
                0x00000000080077d4                ANALOG_Get5VRailMv
 .text.ANALOG_GetMCUTemp
                0x000000000800780c       0x14 Src/analog.o
                0x000000000800780c                ANALOG_GetMCUTemp
 .text.AnalogAdcWDGConfig
                0x0000000008007820       0x1c Src/analog.o
                0x0000000008007820                AnalogAdcWDGConfig
 .text.AnalogAdcWDGEnable
                0x000000000800783c       0x14 Src/analog.o
                0x000000000800783c                AnalogAdcWDGEnable
 .text.AVE_FILTER_U16_UpdatePeriodic
                0x0000000008007850       0x3e Src/ave_filter.o
                0x0000000008007850                AVE_FILTER_U16_UpdatePeriodic
 .text.AVE_FILTER_U16_Update
                0x000000000800788e       0x8e Src/ave_filter.o
                0x000000000800788e                AVE_FILTER_U16_Update
 .text.AVE_FILTER_U16_InitPeriodic
                0x000000000800791c       0x2c Src/ave_filter.o
                0x000000000800791c                AVE_FILTER_U16_InitPeriodic
 .text.AVE_FILTER_U16_Reset
                0x0000000008007948       0x5e Src/ave_filter.o
                0x0000000008007948                AVE_FILTER_U16_Reset
 .text.AVE_FILTER_S32_UpdatePeriodic
                0x00000000080079a6       0x38 Src/ave_filter.o
                0x00000000080079a6                AVE_FILTER_S32_UpdatePeriodic
 .text.AVE_FILTER_S32_Update
                0x00000000080079de       0xba Src/ave_filter.o
                0x00000000080079de                AVE_FILTER_S32_Update
 .text.AVE_FILTER_S32_Reset
                0x0000000008007a98       0x62 Src/ave_filter.o
                0x0000000008007a98                AVE_FILTER_S32_Reset
 .text.AVE_FILTER_S32_InitPeriodic
                0x0000000008007afa       0x2e Src/ave_filter.o
                0x0000000008007afa                AVE_FILTER_S32_InitPeriodic
 .text.BATTERY_Init
                0x0000000008007b28       0x3e Src/battery.o
                0x0000000008007b28                BATTERY_Init
 *fill*         0x0000000008007b66        0x2 
 .text.BATTERY_Task
                0x0000000008007b68      0x10c Src/battery.o
                0x0000000008007b68                BATTERY_Task
 .text.BATTERY_SetProfileIdReq
                0x0000000008007c74       0x44 Src/battery.o
                0x0000000008007c74                BATTERY_SetProfileIdReq
 .text.BATTERY_WriteCustomProfileData
                0x0000000008007cb8      0x104 Src/battery.o
                0x0000000008007cb8                BATTERY_WriteCustomProfileData
 .text.BATTERY_ReadActiveProfileData
                0x0000000008007dbc      0x170 Src/battery.o
                0x0000000008007dbc                BATTERY_ReadActiveProfileData
 .text.BATTERY_WriteCustomProfileExtendedData
                0x0000000008007f2c       0x98 Src/battery.o
                0x0000000008007f2c                BATTERY_WriteCustomProfileExtendedData
 .text.BATTERY_ReadActiveProfileExtendedData
                0x0000000008007fc4       0xb4 Src/battery.o
                0x0000000008007fc4                BATTERY_ReadActiveProfileExtendedData
 .text.BATTERY_ReadProfileStatusData
                0x0000000008008078       0x24 Src/battery.o
                0x0000000008008078                BATTERY_ReadProfileStatusData
 .text.BATTERY_GetActiveProfileHandle
                0x000000000800809c       0x14 Src/battery.o
                0x000000000800809c                BATTERY_GetActiveProfileHandle
 .text.BATTERY_GetStatus
                0x00000000080080b0       0x14 Src/battery.o
                0x00000000080080b0                BATTERY_GetStatus
 .text.BATTERY_InitProfile
                0x00000000080080c4      0x270 Src/battery.o
 .text.BATTERY_ReadEEProfileData
                0x0000000008008334      0x1bc Src/battery.o
 .text.BATTERY_ReadExtendedEEProfileData
                0x00000000080084f0      0x298 Src/battery.o
 .text.BATTERY_WriteEEProfileData
                0x0000000008008788      0x104 Src/battery.o
 .text.BATTERY_WriteExtendedEEProfileData
                0x000000000800888c       0xdc Src/battery.o
 .text.BATTERY_SetNewProfileId
                0x0000000008008968       0x90 Src/battery.o
 .text.BATTERY_WriteCustomProfile
                0x00000000080089f8       0x4c Src/battery.o
 .text.BATTERY_WriteCustomProfileExtended
                0x0000000008008a44       0x2c Src/battery.o
 .text.BATTERY_UpdateBatteryStatus
                0x0000000008008a70       0x74 Src/battery.o
 .text.BATTERY_UpdateChargeLed
                0x0000000008008ae4      0x11c Src/battery.o
 .text.BUTTON_Init
                0x0000000008008c00       0x54 Src/button.o
                0x0000000008008c00                BUTTON_Init
 .text.BUTTON_Task
                0x0000000008008c54       0xec Src/button.o
                0x0000000008008c54                BUTTON_Task
 .text.BUTTON_ProcessButton
                0x0000000008008d40      0x1a8 Src/button.o
 .text.BUTTON_GetButtonEvent
                0x0000000008008ee8       0x38 Src/button.o
                0x0000000008008ee8                BUTTON_GetButtonEvent
 .text.BUTTON_ClearEvent
                0x0000000008008f20       0x54 Src/button.o
                0x0000000008008f20                BUTTON_ClearEvent
 .text.BUTTON_IsEventActive
                0x0000000008008f74       0x38 Src/button.o
                0x0000000008008f74                BUTTON_IsEventActive
 .text.BUTTON_IsButtonActive
                0x0000000008008fac       0x38 Src/button.o
                0x0000000008008fac                BUTTON_IsButtonActive
 .text.BUTTON_SetConfigurationData
                0x0000000008008fe4       0xbc Src/button.o
                0x0000000008008fe4                BUTTON_SetConfigurationData
 .text.BUTTON_GetConfigurationData
                0x00000000080090a0      0x100 Src/button.o
                0x00000000080090a0                BUTTON_GetConfigurationData
 .text.BUTTON_ReadConfigFromNv
                0x00000000080091a0      0x1d8 Src/button.o
 .text.BUTTON_SetConfigData
                0x0000000008009378       0x38 Src/button.o
 .text.BUTTON_UpdateConfigData
                0x00000000080093b0       0x7a Src/button.o
 *fill*         0x000000000800942a        0x2 
 .text.BUTTON_GetEventFunc
                0x000000000800942c       0x4c Src/button.o
 .text.BUTTON_WriteConfigToNv
                0x0000000008009478      0x118 Src/button.o
 .text.BUTTON_DualLongPressEventCb
                0x0000000008009590        0xa Src/button.o
                0x0000000008009590                BUTTON_DualLongPressEventCb
 *fill*         0x000000000800959a        0x2 
 .text.DelayUs  0x000000000800959c       0x48 Src/charger_bq2416x.o
 .text.CHARGER_I2C_Callback
                0x00000000080095e4       0x48 Src/charger_bq2416x.o
                0x00000000080095e4                CHARGER_I2C_Callback
 .text.CHARGER_ReadAll_I2C_Callback
                0x000000000800962c       0x40 Src/charger_bq2416x.o
                0x000000000800962c                CHARGER_ReadAll_I2C_Callback
 .text.CHARGER_WDT_I2C_Callback
                0x000000000800966c       0x24 Src/charger_bq2416x.o
                0x000000000800966c                CHARGER_WDT_I2C_Callback
 .text.CHARGER_Init
                0x0000000008009690      0x164 Src/charger_bq2416x.o
                0x0000000008009690                CHARGER_Init
 .text.CHARGER_Task
                0x00000000080097f4      0x170 Src/charger_bq2416x.o
                0x00000000080097f4                CHARGER_Task
 .text.CHARGER_GetRPi5vInputEnable
                0x0000000008009964       0x20 Src/charger_bq2416x.o
                0x0000000008009964                CHARGER_GetRPi5vInputEnable
 .text.CHARGER_RPi5vInCurrentLimitStepUp
                0x0000000008009984       0x24 Src/charger_bq2416x.o
                0x0000000008009984                CHARGER_RPi5vInCurrentLimitStepUp
 .text.CHARGER_RPi5vInCurrentLimitStepDown
                0x00000000080099a8       0x24 Src/charger_bq2416x.o
                0x00000000080099a8                CHARGER_RPi5vInCurrentLimitStepDown
 .text.CHARGER_SetInputsConfig
                0x00000000080099cc       0x48 Src/charger_bq2416x.o
                0x00000000080099cc                CHARGER_SetInputsConfig
 .text.CHARGER_GetInputsConfig
                0x0000000008009a14       0x48 Src/charger_bq2416x.o
                0x0000000008009a14                CHARGER_GetInputsConfig
 .text.CHARGER_SetChargeEnableConfig
                0x0000000008009a5c       0x40 Src/charger_bq2416x.o
                0x0000000008009a5c                CHARGER_SetChargeEnableConfig
 .text.CHARGER_GetChargeEnableConfig
                0x0000000008009a9c       0x48 Src/charger_bq2416x.o
                0x0000000008009a9c                CHARGER_GetChargeEnableConfig
 .text.CHARGER_SetInterrupt
                0x0000000008009ae4       0x14 Src/charger_bq2416x.o
                0x0000000008009ae4                CHARGER_SetInterrupt
 .text.CHARGER_RefreshSettings
                0x0000000008009af8       0x14 Src/charger_bq2416x.o
                0x0000000008009af8                CHARGER_RefreshSettings
 .text.CHARGER_UpdateBatteryProfile
                0x0000000008009b0c       0x20 Src/charger_bq2416x.o
                0x0000000008009b0c                CHARGER_UpdateBatteryProfile
 .text.CHARGER_RequirePoll
                0x0000000008009b2c       0x30 Src/charger_bq2416x.o
                0x0000000008009b2c                CHARGER_RequirePoll
 .text.CHARGER_GetStatus
                0x0000000008009b5c       0x14 Src/charger_bq2416x.o
                0x0000000008009b5c                CHARGER_GetStatus
 .text.CHARGER_GetNoBatteryTurnOnEnable
                0x0000000008009b70       0x20 Src/charger_bq2416x.o
                0x0000000008009b70                CHARGER_GetNoBatteryTurnOnEnable
 .text.CHARGER_IsChargeSourceAvailable
                0x0000000008009b90       0x3c Src/charger_bq2416x.o
                0x0000000008009b90                CHARGER_IsChargeSourceAvailable
 .text.CHARGER_GetBatteryStatus
                0x0000000008009bcc       0x1c Src/charger_bq2416x.o
                0x0000000008009bcc                CHARGER_GetBatteryStatus
 .text.CHARGER_HasTempSensorFault
                0x0000000008009be8       0x20 Src/charger_bq2416x.o
                0x0000000008009be8                CHARGER_HasTempSensorFault
 .text.CHARGER_GetTempFault
                0x0000000008009c08       0x18 Src/charger_bq2416x.o
                0x0000000008009c08                CHARGER_GetTempFault
 .text.CHARGER_GetInputStatus
                0x0000000008009c20       0x50 Src/charger_bq2416x.o
                0x0000000008009c20                CHARGER_GetInputStatus
 .text.CHARGER_IsDPMActive
                0x0000000008009c70       0x20 Src/charger_bq2416x.o
                0x0000000008009c70                CHARGER_IsDPMActive
 .text.CHARGER_GetFaultStatus
                0x0000000008009c90       0x18 Src/charger_bq2416x.o
                0x0000000008009c90                CHARGER_GetFaultStatus
 .text.CHARGER_UpdateLocalRegister
                0x0000000008009ca8       0x8c Src/charger_bq2416x.o
 .text.CHARGER_ReadDeviceRegister
                0x0000000008009d34       0x7c Src/charger_bq2416x.o
 .text.CHARGER_UpdateAllLocalRegisters
                0x0000000008009db0       0x7c Src/charger_bq2416x.o
 .text.CHARGER_UpdateDeviceRegister
                0x0000000008009e2c       0xc0 Src/charger_bq2416x.o
 .text.CHARGER_KickDeviceWatchdog
                0x0000000008009eec       0x70 Src/charger_bq2416x.o
 .text.CHARGER_UpdateSupplyPreference
                0x0000000008009f5c       0x54 Src/charger_bq2416x.o
 .text.CHARGER_UpdateRPi5VInLockout
                0x0000000008009fb0       0x98 Src/charger_bq2416x.o
 .text.CHARGER_UpdateControlStatus
                0x000000000800a048      0x128 Src/charger_bq2416x.o
 .text.CHARGER_UpdateRegulationVoltage
                0x000000000800a170      0x140 Src/charger_bq2416x.o
 .text.CHARGER_UpdateChgCurrentAndTermCurrent
                0x000000000800a2b0       0x64 Src/charger_bq2416x.o
 .text.CHARGER_UpdateVinDPM
                0x000000000800a314       0x40 Src/charger_bq2416x.o
 .text.CHARGER_UpdateTempRegulationControlStatus
                0x000000000800a354       0x84 Src/charger_bq2416x.o
 .text.CHARGER_UpdateSettings
                0x000000000800a3d8       0x30 Src/charger_bq2416x.o
 .text.CHARGER_CheckForPoll
                0x000000000800a408       0x58 Src/charger_bq2416x.o
 .text.CalcFcs  0x000000000800a460       0x42 Src/command_server.o
                0x000000000800a460                CalcFcs
 *fill*         0x000000000800a4a2        0x2 
 .text.CmdServerProcessRequest
                0x000000000800a4a4       0xd0 Src/command_server.o
                0x000000000800a4a4                CmdServerProcessRequest
 .text.CmdServerDefaultReadWrite
                0x000000000800a574       0x3c Src/command_server.o
                0x000000000800a574                CmdServerDefaultReadWrite
 .text.IsEventFault
                0x000000000800a5b0       0xd2 Src/command_server.o
 .text.CmdServerReadStatus
                0x000000000800a682       0xce Src/command_server.o
                0x000000000800a682                CmdServerReadStatus
 .text.CmdServerReadWriteEventFaultStatus
                0x000000000800a750      0x152 Src/command_server.o
                0x000000000800a750                CmdServerReadWriteEventFaultStatus
 *fill*         0x000000000800a8a2        0x2 
 .text.CmdServerReadRsoc
                0x000000000800a8a4       0x60 Src/command_server.o
                0x000000000800a8a4                CmdServerReadRsoc
 .text.CmdServerReadRsocHigherResolution
                0x000000000800a904       0x52 Src/command_server.o
                0x000000000800a904                CmdServerReadRsocHigherResolution
 .text.CmdServerReadButtonStatus
                0x000000000800a956       0xac Src/command_server.o
                0x000000000800a956                CmdServerReadButtonStatus
 *fill*         0x000000000800aa02        0x2 
 .text.CmdServerReadBatTemp
                0x000000000800aa04       0x68 Src/command_server.o
                0x000000000800aa04                CmdServerReadBatTemp
 .text.CmdServerReadBatVoltage
                0x000000000800aa6c       0x84 Src/command_server.o
                0x000000000800aa6c                CmdServerReadBatVoltage
 .text.CmdServerReadBatCurrent
                0x000000000800aaf0       0x88 Src/command_server.o
                0x000000000800aaf0                CmdServerReadBatCurrent
 .text.CmdServerReadMainVoltage
                0x000000000800ab78       0x80 Src/command_server.o
                0x000000000800ab78                CmdServerReadMainVoltage
 .text.CmdServerReadMainCurrent
                0x000000000800abf8       0x88 Src/command_server.o
                0x000000000800abf8                CmdServerReadMainCurrent
 .text.CmdServerReadWriteChargingConfig
                0x000000000800ac80       0x42 Src/command_server.o
                0x000000000800ac80                CmdServerReadWriteChargingConfig
 .text.CmdServerReadWriteBatProfile
                0x000000000800acc2       0x44 Src/command_server.o
                0x000000000800acc2                CmdServerReadWriteBatProfile
 .text.CmdServerReadWriteBatExtendedProfile
                0x000000000800ad06       0x44 Src/command_server.o
                0x000000000800ad06                CmdServerReadWriteBatExtendedProfile
 .text.CmdServerReadWriteBatteryProfileId
                0x000000000800ad4a       0x3c Src/command_server.o
                0x000000000800ad4a                CmdServerReadWriteBatteryProfileId
 .text.CmdServerReadWriteFuelGaugeConfig
                0x000000000800ad86       0x44 Src/command_server.o
                0x000000000800ad86                CmdServerReadWriteFuelGaugeConfig
 .text.CmdServerReadWriteDateTime
                0x000000000800adca       0x40 Src/command_server.o
                0x000000000800adca                CmdServerReadWriteDateTime
 .text.CmdServerReadWriteAlarm
                0x000000000800ae0a       0x40 Src/command_server.o
                0x000000000800ae0a                CmdServerReadWriteAlarm
 .text.CmdServerReadWriteRtcAlarmCtrlStatus
                0x000000000800ae4a       0x40 Src/command_server.o
                0x000000000800ae4a                CmdServerReadWriteRtcAlarmCtrlStatus
 .text.CmdServerReadWriteInputsConfig
                0x000000000800ae8a       0x42 Src/command_server.o
                0x000000000800ae8a                CmdServerReadWriteInputsConfig
 .text.CmdServerReadWriteScheduledPowerOff
                0x000000000800aecc       0x42 Src/command_server.o
                0x000000000800aecc                CmdServerReadWriteScheduledPowerOff
 .text.CmdServerReadWriteVSysSwitchState
                0x000000000800af0e       0x42 Src/command_server.o
                0x000000000800af0e                CmdServerReadWriteVSysSwitchState
 .text.CmdServerReadWriteWakeupOnCharge
                0x000000000800af50       0x44 Src/command_server.o
                0x000000000800af50                CmdServerReadWriteWakeupOnCharge
 .text.CmdServerReadWriteButtonConfigurationSw1
                0x000000000800af94       0x46 Src/command_server.o
                0x000000000800af94                CmdServerReadWriteButtonConfigurationSw1
 .text.CmdServerReadWriteButtonConfigurationSw2
                0x000000000800afda       0x46 Src/command_server.o
                0x000000000800afda                CmdServerReadWriteButtonConfigurationSw2
 .text.CmdServerReadWriteButtonConfigurationSw3
                0x000000000800b020       0x46 Src/command_server.o
                0x000000000800b020                CmdServerReadWriteButtonConfigurationSw3
 .text.CmdServerReadWriteLedState1
                0x000000000800b066       0x46 Src/command_server.o
                0x000000000800b066                CmdServerReadWriteLedState1
 .text.CmdServerReadWriteLedState2
                0x000000000800b0ac       0x46 Src/command_server.o
                0x000000000800b0ac                CmdServerReadWriteLedState2
 .text.CmdServerReadWriteLedBlink1
                0x000000000800b0f2       0x46 Src/command_server.o
                0x000000000800b0f2                CmdServerReadWriteLedBlink1
 .text.CmdServerReadWriteLedBlink2
                0x000000000800b138       0x46 Src/command_server.o
                0x000000000800b138                CmdServerReadWriteLedBlink2
 .text.CmdServerReadWriteLedConfigurationLED1
                0x000000000800b17e       0x46 Src/command_server.o
                0x000000000800b17e                CmdServerReadWriteLedConfigurationLED1
 .text.CmdServerReadWriteLedConfigurationLED2
                0x000000000800b1c4       0x46 Src/command_server.o
                0x000000000800b1c4                CmdServerReadWriteLedConfigurationLED2
 .text.CmdServerReadWriteRunPinConfiguration
                0x000000000800b20a       0x46 Src/command_server.o
                0x000000000800b20a                CmdServerReadWriteRunPinConfiguration
 .text.CmdServerReadWriteWDGConfiguration
                0x000000000800b250       0x44 Src/command_server.o
                0x000000000800b250                CmdServerReadWriteWDGConfiguration
 .text.CmdServerReadWritePowerRegulatorConfiguration
                0x000000000800b294       0x46 Src/command_server.o
                0x000000000800b294                CmdServerReadWritePowerRegulatorConfiguration
 *fill*         0x000000000800b2da        0x2 
 .text.CmdServerReadWriteOwnAddress1
                0x000000000800b2dc       0xe4 Src/command_server.o
                0x000000000800b2dc                CmdServerReadWriteOwnAddress1
 .text.CmdServerReadWriteOwnAddress2
                0x000000000800b3c0       0xe4 Src/command_server.o
                0x000000000800b3c0                CmdServerReadWriteOwnAddress2
 .text.CmdServerReadWriteEEPROM_WriteProtect
                0x000000000800b4a4       0x64 Src/command_server.o
                0x000000000800b4a4                CmdServerReadWriteEEPROM_WriteProtect
 .text.CmdServerReadWriteEEPROM_WriteAddress
                0x000000000800b508      0x108 Src/command_server.o
                0x000000000800b508                CmdServerReadWriteEEPROM_WriteAddress
 .text.CmdServerReadWriteTestAndCalibration
                0x000000000800b610       0x96 Src/command_server.o
                0x000000000800b610                CmdServerReadWriteTestAndCalibration
 *fill*         0x000000000800b6a6        0x2 
 .text.CmdServerRunBootloader
                0x000000000800b6a8      0x1e8 Src/command_server.o
                0x000000000800b6a8                CmdServerRunBootloader
 .text.CmdServerReadWriteDefaultConfiguration
                0x000000000800b890       0x4e Src/command_server.o
                0x000000000800b890                CmdServerReadWriteDefaultConfiguration
 .text.CmdServerReadFirmwareVersion
                0x000000000800b8de       0x36 Src/command_server.o
                0x000000000800b8de                CmdServerReadFirmwareVersion
 .text.CmdServerReadBoardFaultStatus
                0x000000000800b914       0xa2 Src/command_server.o
                0x000000000800b914                CmdServerReadBoardFaultStatus
 .text.CmdServerReadWriteIoConfig1
                0x000000000800b9b6       0x46 Src/command_server.o
                0x000000000800b9b6                CmdServerReadWriteIoConfig1
 .text.CmdServerReadWriteIoConfig2
                0x000000000800b9fc       0x46 Src/command_server.o
                0x000000000800b9fc                CmdServerReadWriteIoConfig2
 .text.CmdServerReadWriteIoValue1
                0x000000000800ba42       0x44 Src/command_server.o
                0x000000000800ba42                CmdServerReadWriteIoValue1
 .text.CmdServerReadWriteIoValue2
                0x000000000800ba86       0x44 Src/command_server.o
                0x000000000800ba86                CmdServerReadWriteIoValue2
 *fill*         0x000000000800baca        0x2 
 .text.SwitchResCongigInit
                0x000000000800bacc      0x1d4 Src/config_switch_resistor.o
                0x000000000800bacc                SwitchResCongigInit
 .text.crc_8_update
                0x000000000800bca0       0x58 Src/crc.o
                0x000000000800bca0                crc_8_update
 .text.crc_8_init
                0x000000000800bcf8       0x22 Src/crc.o
                0x000000000800bcf8                crc_8_init
 .text.E2_Init  0x000000000800bd1a       0x48 Src/e2.o
                0x000000000800bd1a                E2_Init
 *fill*         0x000000000800bd62        0x2 
 .text.FLASH_Unlock
                0x000000000800bd64       0x2c Src/eeprom.o
                0x000000000800bd64                FLASH_Unlock
 .text.FLASH_ErasePage
                0x000000000800bd90       0x78 Src/eeprom.o
                0x000000000800bd90                FLASH_ErasePage
 .text.FLASH_ProgramHalfWord
                0x000000000800be08       0x74 Src/eeprom.o
                0x000000000800be08                FLASH_ProgramHalfWord
 .text.EE_Init  0x000000000800be7c      0x3d4 Src/eeprom.o
                0x000000000800be7c                EE_Init
 .text.EE_ReadVariable
                0x000000000800c250       0xc4 Src/eeprom.o
                0x000000000800c250                EE_ReadVariable
 .text.EE_WriteVariable
                0x000000000800c314       0x5c Src/eeprom.o
                0x000000000800c314                EE_WriteVariable
 .text.EE_Format
                0x000000000800c370       0x68 Src/eeprom.o
 .text.EE_FindValidPage
                0x000000000800c3d8       0xac Src/eeprom.o
 .text.EE_VerifyPageFullWriteVariable
                0x000000000800c484       0xdc Src/eeprom.o
 .text.EE_PageTransfer
                0x000000000800c560      0x1b8 Src/eeprom.o
 .text.FUELGAUGE_I2C_Callback
                0x000000000800c718       0x88 Src/fuel_gauge_lc709203f.o
 .text.FUELGAUGE_Init
                0x000000000800c7a0       0xbc Src/fuel_gauge_lc709203f.o
                0x000000000800c7a0                FUELGAUGE_Init
 .text.FUELGAUGE_Task
                0x000000000800c85c      0x228 Src/fuel_gauge_lc709203f.o
                0x000000000800c85c                FUELGAUGE_Task
 .text.FUELGAUGE_UpdateBatteryProfile
                0x000000000800ca84       0x14 Src/fuel_gauge_lc709203f.o
                0x000000000800ca84                FUELGAUGE_UpdateBatteryProfile
 .text.FUELGAUGE_SetConfigData
                0x000000000800ca98       0x8c Src/fuel_gauge_lc709203f.o
                0x000000000800ca98                FUELGAUGE_SetConfigData
 .text.FUELGAUGE_GetConfigData
                0x000000000800cb24       0x40 Src/fuel_gauge_lc709203f.o
                0x000000000800cb24                FUELGAUGE_GetConfigData
 .text.FUELGAUGE_IsNtcOK
                0x000000000800cb64       0x14 Src/fuel_gauge_lc709203f.o
                0x000000000800cb64                FUELGAUGE_IsNtcOK
 .text.FUELGAUGE_IsOnline
                0x000000000800cb78       0x1c Src/fuel_gauge_lc709203f.o
                0x000000000800cb78                FUELGAUGE_IsOnline
 .text.FUELGAUGE_GetBatteryTemperature
                0x000000000800cb94       0x24 Src/fuel_gauge_lc709203f.o
                0x000000000800cb94                FUELGAUGE_GetBatteryTemperature
 .text.FUELGAUGE_GetSocPt1
                0x000000000800cbb8       0x14 Src/fuel_gauge_lc709203f.o
                0x000000000800cbb8                FUELGAUGE_GetSocPt1
 .text.FUELGAUGE_GetBatteryMaHr
                0x000000000800cbcc       0x14 Src/fuel_gauge_lc709203f.o
                0x000000000800cbcc                FUELGAUGE_GetBatteryMaHr
 .text.FUELGAUGE_GetBatteryMv
                0x000000000800cbe0       0x14 Src/fuel_gauge_lc709203f.o
                0x000000000800cbe0                FUELGAUGE_GetBatteryMv
 .text.FUELGAUGE_GetBatteryTempSensorCfg
                0x000000000800cbf4       0x14 Src/fuel_gauge_lc709203f.o
                0x000000000800cbf4                FUELGAUGE_GetBatteryTempSensorCfg
 .text.FUELGAUGE_IcInit
                0x000000000800cc08      0x188 Src/fuel_gauge_lc709203f.o
 .text.FUELGAUGE_ReadWord
                0x000000000800cd90       0x8c Src/fuel_gauge_lc709203f.o
 .text.FUELGAUGE_WriteWord
                0x000000000800ce1c       0xd0 Src/fuel_gauge_lc709203f.o
 .text.FUELGAUGE_GetSOCFromOCV
                0x000000000800ceec       0x54 Src/fuel_gauge_lc709203f.o
 .text.FUELGAUGE_CalculateSOCInit
                0x000000000800cf40      0x678 Src/fuel_gauge_lc709203f.o
 .text.FUELGAUGE_UpdateCalculateSOC
                0x000000000800d5b8       0xec Src/fuel_gauge_lc709203f.o
 .text.FUELGAUGE_CalculateDischargeRate
                0x000000000800d6a4       0x90 Src/fuel_gauge_lc709203f.o
 .text.HOSTCOMMS_Init
                0x000000000800d734      0x1a4 Src/hostcomms.o
                0x000000000800d734                HOSTCOMMS_Init
 .text.HOSTCOMMS_PiJuiceAddressSetEnable
                0x000000000800d8d8       0x40 Src/hostcomms.o
                0x000000000800d8d8                HOSTCOMMS_PiJuiceAddressSetEnable
 .text.HOSTCOMMS_Service
                0x000000000800d918      0x198 Src/hostcomms.o
                0x000000000800d918                HOSTCOMMS_Service
 .text.HOSTCOMMS_Task
                0x000000000800dab0      0x170 Src/hostcomms.o
                0x000000000800dab0                HOSTCOMMS_Task
 .text.HOSTCOMMS_GetLastCommandAgeMs
                0x000000000800dc20       0x1c Src/hostcomms.o
                0x000000000800dc20                HOSTCOMMS_GetLastCommandAgeMs
 .text.HOSTCOMMS_SetInterrupt
                0x000000000800dc3c       0x18 Src/hostcomms.o
                0x000000000800dc3c                HOSTCOMMS_SetInterrupt
 .text.I2C1_IRQHandler
                0x000000000800dc54      0x320 Src/hostcomms.o
                0x000000000800dc54                I2C1_IRQHandler
 .text.I2C2_IRQHandler
                0x000000000800df74       0xbc Src/i2cdrv.o
                0x000000000800df74                I2C2_IRQHandler
 .text.I2CDRV_Init
                0x000000000800e030       0xb8 Src/i2cdrv.o
                0x000000000800e030                I2CDRV_Init
 .text.I2CDRV_Shutdown
                0x000000000800e0e8       0x1c Src/i2cdrv.o
                0x000000000800e0e8                I2CDRV_Shutdown
 .text.I2CDRV_Service
                0x000000000800e104       0x20 Src/i2cdrv.o
                0x000000000800e104                I2CDRV_Service
 .text.I2CDRV_IsReady
                0x000000000800e124       0x40 Src/i2cdrv.o
                0x000000000800e124                I2CDRV_IsReady
 .text.I2CDRV_Transact
                0x000000000800e164      0x1a0 Src/i2cdrv.o
                0x000000000800e164                I2CDRV_Transact
 .text.I2CDRV_ProcessDevice
                0x000000000800e304      0x128 Src/i2cdrv.o
                0x000000000800e304                I2CDRV_ProcessDevice
 .text.MX_TIM1_Init
                0x000000000800e42c      0x128 Src/io_control.o
                0x000000000800e42c                MX_TIM1_Init
 .text.MX_TIM14_Init
                0x000000000800e554       0x88 Src/io_control.o
                0x000000000800e554                MX_TIM14_Init
 .text.IoConfigure
                0x000000000800e5dc      0x1bc Src/io_control.o
                0x000000000800e5dc                IoConfigure
 .text.IoNvReadConfig
                0x000000000800e798       0xc8 Src/io_control.o
                0x000000000800e798                IoNvReadConfig
 .text.IoControlInit
                0x000000000800e860       0x3c Src/io_control.o
                0x000000000800e860                IoControlInit
 .text.IoSetConfiguarion
                0x000000000800e89c      0x170 Src/io_control.o
                0x000000000800e89c                IoSetConfiguarion
 .text.IoGetConfiguarion
                0x000000000800ea0c       0x94 Src/io_control.o
                0x000000000800ea0c                IoGetConfiguarion
 .text.IoWrite  0x000000000800eaa0      0x124 Src/io_control.o
                0x000000000800eaa0                IoWrite
 .text.IoRead   0x000000000800ebc4      0x120 Src/io_control.o
                0x000000000800ebc4                IoRead
 .text.IODRV_Init
                0x000000000800ece4       0x50 Src/iodrv.o
                0x000000000800ece4                IODRV_Init
 .text.IODRV_Shutdown
                0x000000000800ed34        0xa Src/iodrv.o
                0x000000000800ed34                IODRV_Shutdown
 *fill*         0x000000000800ed3e        0x2 
 .text.IODRV_Service
                0x000000000800ed40       0x28 Src/iodrv.o
                0x000000000800ed40                IODRV_Service
 .text.IODRV_ReadPinValue
                0x000000000800ed68       0x34 Src/iodrv.o
                0x000000000800ed68                IODRV_ReadPinValue
 .text.IODRV_ReadPinOutputState
                0x000000000800ed9c       0x58 Src/iodrv.o
                0x000000000800ed9c                IODRV_ReadPinOutputState
 .text.IODRV_WritePin
                0x000000000800edf4       0x64 Src/iodrv.o
                0x000000000800edf4                IODRV_WritePin
 .text.IODRV_SetPin
                0x000000000800ee58       0x84 Src/iodrv.o
                0x000000000800ee58                IODRV_SetPin
 .text.IODRV_SetPinType
                0x000000000800eedc      0x2a0 Src/iodrv.o
                0x000000000800eedc                IODRV_SetPinType
 .text.IODRV_SetPinPullDir
                0x000000000800f17c       0xd8 Src/iodrv.o
                0x000000000800f17c                IODRV_SetPinPullDir
 .text.IODRV_GetPinInfo
                0x000000000800f254       0x34 Src/iodrv.o
                0x000000000800f254                IODRV_GetPinInfo
 .text.IORDV_ClearPinEdges
                0x000000000800f288       0x44 Src/iodrv.o
                0x000000000800f288                IORDV_ClearPinEdges
 .text.IODRV_UpdatePins
                0x000000000800f2cc      0x300 Src/iodrv.o
                0x000000000800f2cc                IODRV_UpdatePins
 .text.LED_Init
                0x000000000800f5cc       0xc4 Src/led.o
                0x000000000800f5cc                LED_Init
 .text.LED_Shutdown
                0x000000000800f690       0x84 Src/led.o
                0x000000000800f690                LED_Shutdown
 .text.LED_Service
                0x000000000800f714       0x30 Src/led.o
                0x000000000800f714                LED_Service
 .text.LED_SetRGB
                0x000000000800f744       0x60 Src/led.o
                0x000000000800f744                LED_SetRGB
 .text.LED_FunctionSetRGB
                0x000000000800f7a4       0xc0 Src/led.o
                0x000000000800f7a4                LED_FunctionSetRGB
 .text.LED_FindHandleByFunction
                0x000000000800f864       0x70 Src/led.o
                0x000000000800f864                LED_FindHandleByFunction
 .text.LED_SetConfigurationData
                0x000000000800f8d4       0xa8 Src/led.o
                0x000000000800f8d4                LED_SetConfigurationData
 .text.LED_GetConfigurationData
                0x000000000800f97c       0x98 Src/led.o
                0x000000000800f97c                LED_GetConfigurationData
 .text.LED_SetStateData
                0x000000000800fa14       0xb4 Src/led.o
                0x000000000800fa14                LED_SetStateData
 .text.LED_GetStateData
                0x000000000800fac8       0x80 Src/led.o
                0x000000000800fac8                LED_GetStateData
 .text.LED_SetBlinkData
                0x000000000800fb48      0x24c Src/led.o
                0x000000000800fb48                LED_SetBlinkData
 .text.LED_GetBlinkData
                0x000000000800fd94      0x15c Src/led.o
                0x000000000800fd94                LED_GetBlinkData
 .text.LED_ProcessBlink
                0x000000000800fef0       0xbe Src/led.o
 *fill*         0x000000000800ffae        0x2 
 .text.LED_SetRGBLedPtr
                0x000000000800ffb0       0x74 Src/led.o
 .text.LED_InitFunction
                0x0000000008010024       0xc0 Src/led.o
 .text.ISENSE_Init
                0x00000000080100e4       0x5c Src/load_current_sense.o
                0x00000000080100e4                ISENSE_Init
 .text.ISENSE_Task
                0x0000000008010140       0x30 Src/load_current_sense.o
                0x0000000008010140                ISENSE_Task
 .text.ISENSE_GetLoadCurrentMa
                0x0000000008010170       0x14 Src/load_current_sense.o
                0x0000000008010170                ISENSE_GetLoadCurrentMa
 .text.ISENSE_CalibrateLoadCurrent
                0x0000000008010184      0x130 Src/load_current_sense.o
                0x0000000008010184                ISENSE_CalibrateLoadCurrent
 .text.ISENSE_CalibrateZeroCurrent
                0x00000000080102b4       0x12 Src/load_current_sense.o
                0x00000000080102b4                ISENSE_CalibrateZeroCurrent
 .text.ISENSE_Calibrate51mACurrent
                0x00000000080102c6       0x12 Src/load_current_sense.o
                0x00000000080102c6                ISENSE_Calibrate51mACurrent
 .text.ISENSE_Calibrate510mACurrent
                0x00000000080102d8       0x16 Src/load_current_sense.o
                0x00000000080102d8                ISENSE_Calibrate510mACurrent
 *fill*         0x00000000080102ee        0x2 
 .text.ISENSE_WriteNVCalibration
                0x00000000080102f0      0x1e8 Src/load_current_sense.o
                0x00000000080102f0                ISENSE_WriteNVCalibration
 .text.ISENSE_CalculateLoadCurrentMa
                0x00000000080104d8      0x108 Src/load_current_sense.o
 .text.ISENSE_ReadNVCalibration
                0x00000000080105e0       0xdc Src/load_current_sense.o
 .text.ISENSE_CalculatePMOSLoadCurrentMa
                0x00000000080106bc       0x98 Src/load_current_sense.o
 .text.ISENSE_ConvertFETDrvToX
                0x0000000008010754      0x12c Src/load_current_sense.o
 .text.ISENSE_CalculateResSenseCurrentMa
                0x0000000008010880       0x4c Src/load_current_sense.o
 .text.ISENSE_CalibrateCurrent
                0x00000000080108cc      0x128 Src/load_current_sense.o
 .text.NV_Init  0x00000000080109f4       0x20 Src/nv.o
                0x00000000080109f4                NV_Init
 .text.NV_FactoryReset
                0x0000000008010a14       0x5c Src/nv.o
                0x0000000008010a14                NV_FactoryReset
 .text.NV_EraseAllVariables
                0x0000000008010a70       0x34 Src/nv.o
                0x0000000008010a70                NV_EraseAllVariables
 .text.NvSetDataInitialized
                0x0000000008010aa4       0x24 Src/nv.o
                0x0000000008010aa4                NvSetDataInitialized
 .text.NV_WriteVariable_S8
                0x0000000008010ac8       0x2c Src/nv.o
                0x0000000008010ac8                NV_WriteVariable_S8
 .text.NV_WriteVariable_U8
                0x0000000008010af4       0x48 Src/nv.o
                0x0000000008010af4                NV_WriteVariable_U8
 .text.NV_ReadVariable_U8
                0x0000000008010b3c       0x72 Src/nv.o
                0x0000000008010b3c                NV_ReadVariable_U8
 *fill*         0x0000000008010bae        0x2 
 .text.NV_WipeVariable
                0x0000000008010bb0       0x28 Src/nv.o
                0x0000000008010bb0                NV_WipeVariable
 .text.NvReadVariableU8
                0x0000000008010bd8       0x8c Src/nv.o
                0x0000000008010bd8                NvReadVariableU8
 .text.TIM6_IRQHandler
                0x0000000008010c64       0x20 Src/osloop.o
                0x0000000008010c64                TIM6_IRQHandler
 .text.OSLOOP_Init
                0x0000000008010c84       0x64 Src/osloop.o
                0x0000000008010c84                OSLOOP_Init
 .text.OSLOOP_Service
                0x0000000008010ce8       0x84 Src/osloop.o
                0x0000000008010ce8                OSLOOP_Service
 .text.OSLOOP_Shutdown
                0x0000000008010d6c       0x30 Src/osloop.o
                0x0000000008010d6c                OSLOOP_Shutdown
 .text.OSLOOP_Restart
                0x0000000008010d9c       0x5c Src/osloop.o
                0x0000000008010d9c                OSLOOP_Restart
 .text.DelayUs  0x0000000008010df8       0x48 Src/power_management.o
 .text.BUTTON_PowerOnEventCb
                0x0000000008010e40       0xa8 Src/power_management.o
                0x0000000008010e40                BUTTON_PowerOnEventCb
 .text.BUTTON_PowerOffEventCb
                0x0000000008010ee8       0x54 Src/power_management.o
                0x0000000008010ee8                BUTTON_PowerOffEventCb
 .text.BUTTON_PowerResetEventCb
                0x0000000008010f3c       0x44 Src/power_management.o
                0x0000000008010f3c                BUTTON_PowerResetEventCb
 .text.POWERMAN_Init
                0x0000000008010f80      0x198 Src/power_management.o
                0x0000000008010f80                POWERMAN_Init
 .text.POWERMAN_Task
                0x0000000008011118      0x290 Src/power_management.o
                0x0000000008011118                POWERMAN_Task
 .text.POWERMAN_SchedulePowerOff
                0x00000000080113a8       0x5c Src/power_management.o
                0x00000000080113a8                POWERMAN_SchedulePowerOff
 .text.POWERMAN_GetPowerOffTime
                0x0000000008011404       0x58 Src/power_management.o
                0x0000000008011404                POWERMAN_GetPowerOffTime
 .text.POWERMAN_GetPowerButtonPressedStatus
                0x000000000801145c       0x14 Src/power_management.o
                0x000000000801145c                POWERMAN_GetPowerButtonPressedStatus
 .text.POWERMAN_GetWatchdogExpired
                0x0000000008011470       0x14 Src/power_management.o
                0x0000000008011470                POWERMAN_GetWatchdogExpired
 .text.POWERMAN_ClearWatchdog
                0x0000000008011484       0x14 Src/power_management.o
                0x0000000008011484                POWERMAN_ClearWatchdog
 .text.POWERMAN_SetRunPinConfigData
                0x0000000008011498       0x50 Src/power_management.o
                0x0000000008011498                POWERMAN_SetRunPinConfigData
 .text.POWERMAN_GetRunPinConfigData
                0x00000000080114e8       0x24 Src/power_management.o
                0x00000000080114e8                POWERMAN_GetRunPinConfigData
 .text.POWERMAN_SetWatchdogConfigData
                0x000000000801150c      0x11c Src/power_management.o
                0x000000000801150c                POWERMAN_SetWatchdogConfigData
 .text.POWERMAN_GetWatchdogConfigData
                0x0000000008011628       0xac Src/power_management.o
                0x0000000008011628                POWERMAN_GetWatchdogConfigData
 .text.POWERMAN_SetWakeupOnChargeData
                0x00000000080116d4       0xb0 Src/power_management.o
                0x00000000080116d4                POWERMAN_SetWakeupOnChargeData
 .text.POWERMAN_GetWakeupOnChargeData
                0x0000000008011784       0x5c Src/power_management.o
                0x0000000008011784                POWERMAN_GetWakeupOnChargeData
 .text.POWERMAN_CanShutDown
                0x00000000080117e0       0x48 Src/power_management.o
                0x00000000080117e0                POWERMAN_CanShutDown
 .text.POWERMAN_ClearPowerButtonPressed
                0x0000000008011828       0x14 Src/power_management.o
                0x0000000008011828                POWERMAN_ClearPowerButtonPressed
 .text.POWERMAN_SetWakeupOnChargePcntPt1
                0x000000000801183c       0x20 Src/power_management.o
                0x000000000801183c                POWERMAN_SetWakeupOnChargePcntPt1
 .text.POWERMAN_ResetHost
                0x000000000801185c      0x110 Src/power_management.o
 .text.GetAdcWDGThreshold
                0x000000000801196c       0x14 Src/power_source.o
 .text.DelayUs  0x0000000008011980       0x48 Src/power_source.o
 .text.POWERSOURCE_Init
                0x00000000080119c8      0x1a4 Src/power_source.o
                0x00000000080119c8                POWERSOURCE_Init
 .text.POWERSOURCE_Task
                0x0000000008011b6c       0x1e Src/power_source.o
                0x0000000008011b6c                POWERSOURCE_Task
 *fill*         0x0000000008011b8a        0x2 
 .text.POWERSOURCE_UpdateBatteryProfile
                0x0000000008011b8c       0x40 Src/power_source.o
                0x0000000008011b8c                POWERSOURCE_UpdateBatteryProfile
 .text.POWERSOURCE_SetVSysSwitchState
                0x0000000008011bcc      0x118 Src/power_source.o
                0x0000000008011bcc                POWERSOURCE_SetVSysSwitchState
 .text.POWERSOURCE_GetVSysSwitchState
                0x0000000008011ce4       0x24 Src/power_source.o
                0x0000000008011ce4                POWERSOURCE_GetVSysSwitchState
 .text.POWERSOURCE_SetRegulatorConfigData
                0x0000000008011d08       0x70 Src/power_source.o
                0x0000000008011d08                POWERSOURCE_SetRegulatorConfigData
 .text.POWERSOURCE_GetRegulatorConfigData
                0x0000000008011d78       0x24 Src/power_source.o
                0x0000000008011d78                POWERSOURCE_GetRegulatorConfigData
 .text.POWERSOURCE_Set5vBoostEnable
                0x0000000008011d9c      0x164 Src/power_source.o
                0x0000000008011d9c                POWERSOURCE_Set5vBoostEnable
 .text.POWERSOURCE_SetLDOEnable
                0x0000000008011f00       0x58 Src/power_source.o
                0x0000000008011f00                POWERSOURCE_SetLDOEnable
 .text.POWERSOURCE_IsVsysEnabled
                0x0000000008011f58       0x14 Src/power_source.o
                0x0000000008011f58                POWERSOURCE_IsVsysEnabled
 .text.POWERSOURCE_IsBoostConverterEnabled
                0x0000000008011f6c       0x14 Src/power_source.o
                0x0000000008011f6c                POWERSOURCE_IsBoostConverterEnabled
 .text.POWERSOURCE_IsLDOEnabled
                0x0000000008011f80       0x14 Src/power_source.o
                0x0000000008011f80                POWERSOURCE_IsLDOEnabled
 .text.POWERSOURCE_GetVInStatus
                0x0000000008011f94       0x14 Src/power_source.o
                0x0000000008011f94                POWERSOURCE_GetVInStatus
 .text.POWERSOURCE_Get5VRailStatus
                0x0000000008011fa8       0x14 Src/power_source.o
                0x0000000008011fa8                POWERSOURCE_Get5VRailStatus
 .text.POWERSOURCE_GetRPi5VPowerStatus
                0x0000000008011fbc       0x14 Src/power_source.o
                0x0000000008011fbc                POWERSOURCE_GetRPi5VPowerStatus
 .text.POWERSOURCE_NeedPoll
                0x0000000008011fd0       0x38 Src/power_source.o
                0x0000000008011fd0                POWERSOURCE_NeedPoll
 .text.POWERSOURCE_GetForcedPowerOffStatus
                0x0000000008012008       0x14 Src/power_source.o
                0x0000000008012008                POWERSOURCE_GetForcedPowerOffStatus
 .text.POWERSOURCE_GetForcedVSysOutputOffStatus
                0x000000000801201c       0x14 Src/power_source.o
                0x000000000801201c                POWERSOURCE_GetForcedVSysOutputOffStatus
 .text.POWERSOURCE_ClearForcedPowerOff
                0x0000000008012030       0x14 Src/power_source.o
                0x0000000008012030                POWERSOURCE_ClearForcedPowerOff
 .text.POWERSOURCE_ClearForcedVSysOutputOff
                0x0000000008012044       0x14 Src/power_source.o
                0x0000000008012044                POWERSOURCE_ClearForcedVSysOutputOff
 .text.POWERSOURCE_CheckPowerValid
                0x0000000008012058      0x184 Src/power_source.o
 .text.POWERSOURCE_Process5VRailPower
                0x00000000080121dc       0xf4 Src/power_source.o
 .text.POWERSOURCE_RPi5vDetect
                0x00000000080122d0      0x140 Src/power_source.o
 .text.POWERSOURCE_ProcessVINStatus
                0x0000000008012410       0x68 Src/power_source.o
 .text.POWERSOURCE_Process5VRailStatus
                0x0000000008012478       0xa4 Src/power_source.o
 .text.RtcInit  0x000000000801251c       0x74 Src/rtc_ds1339_emu.o
                0x000000000801251c                RtcInit
 .text.HAL_RTC_AlarmAEventCallback
                0x0000000008012590       0x1c Src/rtc_ds1339_emu.o
                0x0000000008012590                HAL_RTC_AlarmAEventCallback
 .text.RTC_EvaluateAlarm
                0x00000000080125ac      0x338 Src/rtc_ds1339_emu.o
                0x00000000080125ac                RTC_EvaluateAlarm
 .text.RTC_GetAlarmState
                0x00000000080128e4       0x14 Src/rtc_ds1339_emu.o
                0x00000000080128e4                RTC_GetAlarmState
 .text.RTC_GetWakeEvent
                0x00000000080128f8       0x14 Src/rtc_ds1339_emu.o
                0x00000000080128f8                RTC_GetWakeEvent
 .text.RTC_ClearWakeEvent
                0x000000000801290c       0x14 Src/rtc_ds1339_emu.o
                0x000000000801290c                RTC_ClearWakeEvent
 .text.RtcDs1339ProcessRequest
                0x0000000008012920      0x218 Src/rtc_ds1339_emu.o
                0x0000000008012920                RtcDs1339ProcessRequest
 .text.RtcSetPointer
                0x0000000008012b38       0x2c Src/rtc_ds1339_emu.o
                0x0000000008012b38                RtcSetPointer
 .text.RtcWriteTime
                0x0000000008012b64      0x180 Src/rtc_ds1339_emu.o
                0x0000000008012b64                RtcWriteTime
 .text.RtcReadTime
                0x0000000008012ce4      0x154 Src/rtc_ds1339_emu.o
                0x0000000008012ce4                RtcReadTime
 .text.RtcReadAlarm1
                0x0000000008012e38      0x18c Src/rtc_ds1339_emu.o
                0x0000000008012e38                RtcReadAlarm1
 .text.RtcWriteAlarm1
                0x0000000008012fc4      0x2c4 Src/rtc_ds1339_emu.o
                0x0000000008012fc4                RtcWriteAlarm1
 .text.RtcWriteControlStatus
                0x0000000008013288       0x44 Src/rtc_ds1339_emu.o
                0x0000000008013288                RtcWriteControlStatus
 .text.RtcReadControlStatus
                0x00000000080132cc       0x30 Src/rtc_ds1339_emu.o
                0x00000000080132cc                RtcReadControlStatus
 .text.TASKMAN_Init
                0x00000000080132fc       0x68 Src/taskman.o
                0x00000000080132fc                TASKMAN_Init
 .text.TASKMAN_Run
                0x0000000008013364      0x178 Src/taskman.o
                0x0000000008013364                TASKMAN_Run
 .text.TASKMAN_GetRunState
                0x00000000080134dc       0x14 Src/taskman.o
                0x00000000080134dc                TASKMAN_GetRunState
 .text.TASKMAN_GetIOWakeEvent
                0x00000000080134f0       0x14 Src/taskman.o
                0x00000000080134f0                TASKMAN_GetIOWakeEvent
 .text.TASKMAN_ClearIOWakeEvent
                0x0000000008013504       0x14 Src/taskman.o
                0x0000000008013504                TASKMAN_ClearIOWakeEvent
 .text.TASKMAN_WaitInterrupt
                0x0000000008013518      0x174 Src/taskman.o
                0x0000000008013518                TASKMAN_WaitInterrupt
 .text.HAL_GPIO_EXTI_Callback
                0x000000000801368c       0x60 Src/taskman.o
                0x000000000801368c                HAL_GPIO_EXTI_Callback
 .text.UTIL_NV_ParamInitCheck_U16
                0x00000000080136ec       0x3a Src/util.o
                0x00000000080136ec                UTIL_NV_ParamInitCheck_U16
 .text.UTIL_FixMul_U32_U16
                0x0000000008013726       0x3c Src/util.o
                0x0000000008013726                UTIL_FixMul_U32_U16
 .text.UTIL_FixMul_U32_S16
                0x0000000008013762       0x56 Src/util.o
                0x0000000008013762                UTIL_FixMul_U32_S16
 .text.UTIL_FixMulInverse_U16_U16
                0x00000000080137b8       0x44 Src/util.o
                0x00000000080137b8                UTIL_FixMulInverse_U16_U16
 .text.UTIL_FromBytes_U16
                0x00000000080137fc       0x26 Src/util.o
                0x00000000080137fc                UTIL_FromBytes_U16
 .text.UTIL_ToBytes_U16
                0x0000000008013822       0x30 Src/util.o
                0x0000000008013822                UTIL_ToBytes_U16
 *fill*         0x0000000008013852        0x2 
 .text.__libc_init_array
                0x0000000008013854       0x48 c:/st/stm32cubeide_1.5.1/stm32cubeide/plugins/com.st.stm32cube.ide.mcu.externaltools.gnu-tools-for-stm32.9-2020-q2-update.win32_1.5.0.202011040924/tools/bin/../lib/gcc/arm-none-eabi/9.3.1/../../../../arm-none-eabi/lib/thumb/v6-m/nofp\libc_nano.a(lib_a-init.o)
                0x0000000008013854                __libc_init_array
 .text.memcpy   0x000000000801389c       0x12 c:/st/stm32cubeide_1.5.1/stm32cubeide/plugins/com.st.stm32cube.ide.mcu.externaltools.gnu-tools-for-stm32.9-2020-q2-update.win32_1.5.0.202011040924/tools/bin/../lib/gcc/arm-none-eabi/9.3.1/../../../../arm-none-eabi/lib/thumb/v6-m/nofp\libc_nano.a(lib_a-memcpy-stub.o)
                0x000000000801389c                memcpy
 .text.memset   0x00000000080138ae       0x10 c:/st/stm32cubeide_1.5.1/stm32cubeide/plugins/com.st.stm32cube.ide.mcu.externaltools.gnu-tools-for-stm32.9-2020-q2-update.win32_1.5.0.202011040924/tools/bin/../lib/gcc/arm-none-eabi/9.3.1/../../../../arm-none-eabi/lib/thumb/v6-m/nofp\libc_nano.a(lib_a-memset.o)
                0x00000000080138ae                memset
 *(.glue_7)
 .glue_7        0x00000000080138be        0x0 linker stubs
 *(.glue_7t)
 .glue_7t       0x00000000080138be        0x0 linker stubs
 *(.eh_frame)
 *fill*         0x00000000080138be        0x2 
 .eh_frame      0x00000000080138c0        0x0 c:/st/stm32cubeide_1.5.1/stm32cubeide/plugins/com.st.stm32cube.ide.mcu.externaltools.gnu-tools-for-stm32.9-2020-q2-update.win32_1.5.0.202011040924/tools/bin/../lib/gcc/arm-none-eabi/9.3.1/thumb/v6-m/nofp/crtbegin.o
 *(.init)
 .init          0x00000000080138c0        0x4 c:/st/stm32cubeide_1.5.1/stm32cubeide/plugins/com.st.stm32cube.ide.mcu.externaltools.gnu-tools-for-stm32.9-2020-q2-update.win32_1.5.0.202011040924/tools/bin/../lib/gcc/arm-none-eabi/9.3.1/thumb/v6-m/nofp/crti.o
                0x00000000080138c0                _init
 .init          0x00000000080138c4        0x8 c:/st/stm32cubeide_1.5.1/stm32cubeide/plugins/com.st.stm32cube.ide.mcu.externaltools.gnu-tools-for-stm32.9-2020-q2-update.win32_1.5.0.202011040924/tools/bin/../lib/gcc/arm-none-eabi/9.3.1/thumb/v6-m/nofp/crtn.o
 *(.fini)
 .fini          0x00000000080138cc        0x4 c:/st/stm32cubeide_1.5.1/stm32cubeide/plugins/com.st.stm32cube.ide.mcu.externaltools.gnu-tools-for-stm32.9-2020-q2-update.win32_1.5.0.202011040924/tools/bin/../lib/gcc/arm-none-eabi/9.3.1/thumb/v6-m/nofp/crti.o
                0x00000000080138cc                _fini
 .fini          0x00000000080138d0        0x8 c:/st/stm32cubeide_1.5.1/stm32cubeide/plugins/com.st.stm32cube.ide.mcu.externaltools.gnu-tools-for-stm32.9-2020-q2-update.win32_1.5.0.202011040924/tools/bin/../lib/gcc/arm-none-eabi/9.3.1/thumb/v6-m/nofp/crtn.o
                0x00000000080138d8                . = ALIGN (0x4)
                0x00000000080138d8                _etext = .

.vfp11_veneer   0x00000000080138d8        0x0
 .vfp11_veneer  0x00000000080138d8        0x0 linker stubs

.v4_bx          0x00000000080138d8        0x0
 .v4_bx         0x00000000080138d8        0x0 linker stubs

.iplt           0x00000000080138d8        0x0
 .iplt          0x00000000080138d8        0x0 c:/st/stm32cubeide_1.5.1/stm32cubeide/plugins/com.st.stm32cube.ide.mcu.externaltools.gnu-tools-for-stm32.9-2020-q2-update.win32_1.5.0.202011040924/tools/bin/../lib/gcc/arm-none-eabi/9.3.1/thumb/v6-m/nofp/crtbegin.o

.rodata         0x00000000080138d8      0xf8c
                0x00000000080138d8                . = ALIGN (0x4)
 *(.rodata)
 .rodata        0x00000000080138d8       0x20 Drivers/STM32F0xx_HAL_Driver/Src/stm32f0xx_hal_rcc.o
 .rodata        0x00000000080138f8       0x80 c:/st/stm32cubeide_1.5.1/stm32cubeide/plugins/com.st.stm32cube.ide.mcu.externaltools.gnu-tools-for-stm32.9-2020-q2-update.win32_1.5.0.202011040924/tools/bin/../lib/gcc/arm-none-eabi/9.3.1/thumb/v6-m/nofp\libgcc.a(divsf3.o)
 .rodata        0x0000000008013978       0x40 c:/st/stm32cubeide_1.5.1/stm32cubeide/plugins/com.st.stm32cube.ide.mcu.externaltools.gnu-tools-for-stm32.9-2020-q2-update.win32_1.5.0.202011040924/tools/bin/../lib/gcc/arm-none-eabi/9.3.1/thumb/v6-m/nofp\libgcc.a(mulsf3.o)
 *(.rodata*)
 .rodata.AHBPrescTable
                0x00000000080139b8       0x10 Core/Src/system_stm32f0xx.o
                0x00000000080139b8                AHBPrescTable
 .rodata.m_batteryProfiles
                0x00000000080139c8      0x180 Src/battery.o