battery.c:121:6:BATTERY_Init	16	static
battery.c:145:6:BATTERY_Task	24	static
battery.c:200:6:BATTERY_SetProfileIdReq	16	static
battery.c:223:6:BATTERY_WriteCustomProfileData	24	static
battery.c:257:6:BATTERY_ReadActiveProfileData	24	static
battery.c:306:6:BATTERY_WriteCustomProfileExtendedData	16	static
battery.c:333:6:BATTERY_ReadActiveProfileExtendedData	16	static
battery.c:363:6:BATTERY_ReadProfileStatusData	16	static
battery.c:379:26:BATTERY_GetActiveProfileHandle	8	static
battery.c:393:17:BATTERY_GetStatus	8	static
battery.c:414:13:BATTERY_InitProfile	16	static
battery.c:524:13:BATTERY_ReadEEProfileData	16	static
battery.c:568:13:BATTERY_ReadExtendedEEProfileData	16	static
battery.c:641:13:BATTERY_WriteEEProfileData	24	static
battery.c:671:13:BATTERY_WriteExtendedEEProfileData	16	static
battery.c:701:13:BATTERY_SetNewProfileId	24	static
battery.c:746:13:BATTERY_WriteCustomProfile	16	static
battery.c:776:13:BATTERY_WriteCustomProfileExtended	16	static
battery.c:802:13:BATTERY_UpdateBatteryStatus	24	static
battery.c:837:13:BATTERY_UpdateChargeLed	40	static
