button.c:119:6:BUTTON_Init	8	static
button.c:147:6:BUTTON_Task	16	static
button.c:210:6:BUTTON_ProcessButton	40	static
button.c:323:15:BUTTON_GetButtonEvent	16	static
button.c:339:6:BUTTON_ClearEvent	16	static
button.c:362:6:BUTTON_IsEventActive	8	static
button.c:381:6:BUTTON_IsButtonActive	8	static
button.c:402:6:BUTTON_SetConfigurationData	16	static
button.c:440:6:BUTTON_GetConfigurationData	32	static
button.c:486:13:BUTTON_ReadConfigFromNv	32	static
button.c:519:13:BUTTON_SetConfigData	16	static
button.c:538:13:BUTTON_UpdateConfigData	16	static
button.c:567:25:BUTTON_GetEventFunc	16	static
button.c:605:13:BUTTON_WriteConfigToNv	32	static
button.c:625:13:BUTTON_PowerOnEventCb	16	static
button.c:630:13:BUTTON_PowerOffEventCb	16	static
button.c:635:13:BUTTON_PowerResetEventCb	16	static
button.c:640:13:BUTTON_DualLongPressEventCb	8	static
