time_count.h:29:22:DelayUs	24	static
charger_bq2416x.c:145:6:CHARGER_I2C_Callback	16	static
charger_bq2416x.c:175:6:CHARGER_ReadAll_I2C_Callback	16	static
charger_bq2416x.c:201:6:CHARGER_WDT_I2C_Callback	16	static
charger_bq2416x.c:223:6:CHARGER_Init	16	static
charger_bq2416x.c:300:6:CHARGER_Task	32	static
charger_bq2416x.c:396:6:ChargerTriggerNTCMonitor	16	static
charger_bq2416x.c:434:6:CHARGER_SetRPi5vInputEnable	16	static
charger_bq2416x.c:461:6:CHARGER_GetRPi5vInputEnable	8	static
charger_bq2416x.c:479:6:CHARGER_RPi5vInCurrentLimitStepUp	8	static
charger_bq2416x.c:500:6:CHARGER_RPi5vInCurrentLimitStepDown	8	static
charger_bq2416x.c:518:6:CHARGER_RPi5vInCurrentLimitSetMin	8	static
charger_bq2416x.c:536:9:CHARGER_GetRPiChargeInputLevel	8	static
charger_bq2416x.c:554:6:CHARGER_SetInputsConfig	16	static
charger_bq2416x.c:577:9:CHARGER_GetInputsConfig	16	static
charger_bq2416x.c:604:6:CHARGER_SetChargeEnableConfig	16	static
charger_bq2416x.c:628:9:CHARGER_GetChargeEnableConfig	16	static
charger_bq2416x.c:655:6:CHARGER_SetInterrupt	8	static
charger_bq2416x.c:671:6:CHARGER_RefreshSettings	8	static
charger_bq2416x.c:687:6:CHARGER_UpdateBatteryProfile	8	static
charger_bq2416x.c:704:6:CHARGER_RequirePoll	8	static
charger_bq2416x.c:720:17:CHARGER_GetStatus	8	static
charger_bq2416x.c:738:6:CHARGER_GetNoBatteryTurnOnEnable	8	static
charger_bq2416x.c:756:6:CHARGER_IsChargeSourceAvailable	16	static
charger_bq2416x.c:776:6:CHARGER_IsCharging	16	static
charger_bq2416x.c:796:6:CHARGER_IsBatteryPresent	8	static
charger_bq2416x.c:811:25:CHARGER_GetBatteryStatus	8	static
charger_bq2416x.c:827:6:CHARGER_HasTempSensorFault	8	static
charger_bq2416x.c:842:9:CHARGER_GetTempFault	8	static
charger_bq2416x.c:859:23:CHARGER_GetInputStatus	24	static
charger_bq2416x.c:884:6:CHARGER_IsDPMActive	8	static
charger_bq2416x.c:899:9:CHARGER_GetFaultStatus	8	static
charger_bq2416x.c:921:13:CHARGER_UpdateLocalRegister	24	static
charger_bq2416x.c:964:13:CHARGER_ReadDeviceRegister	48	static
charger_bq2416x.c:1003:13:CHARGER_UpdateAllLocalRegisters	40	static
charger_bq2416x.c:1045:13:CHARGER_UpdateDeviceRegister	48	static
charger_bq2416x.c:1088:13:CHARGER_KickDeviceWatchdog	40	static
charger_bq2416x.c:1114:13:CHARGER_UpdateSupplyPreference	8	static
charger_bq2416x.c:1141:13:CHARGER_UpdateRPi5VInLockout	24	static
charger_bq2416x.c:1179:13:CHARGER_UpdateControlStatus	24	static
charger_bq2416x.c:1243:13:CHARGER_UpdateRegulationVoltage	32	static
charger_bq2416x.c:1312:13:CHARGER_UpdateChgCurrentAndTermCurrent	16	static
charger_bq2416x.c:1342:13:CHARGER_UpdateVinDPM	8	static
charger_bq2416x.c:1362:13:CHARGER_UpdateTempRegulationControlStatus	24	static
charger_bq2416x.c:1398:13:CHARGER_UpdateSettings	8	static
charger_bq2416x.c:1425:13:CHARGER_CheckForPoll	16	static
