command_server.c:406:9:CalcFcs	24	static
command_server.c:416:6:CommandServerInit	16	static
command_server.c:428:8:CmdServerProcessRequest	32	static
command_server.c:460:6:CmdServerDefaultReadWrite	24	static
command_server.c:481:16:IsEventFault	40	static
command_server.c:504:6:CmdServerReadStatus	48	static
command_server.c:523:6:CmdServerReadWriteEventFaultStatus	56	static
command_server.c:572:6:CmdServerReadRsoc	48	static
command_server.c:585:6:CmdServerReadRsocHigherResolution	48	static
command_server.c:598:6:CmdServerReadButtonStatus	24	static
command_server.c:627:6:CmdServerReadBatTemp	40	static
command_server.c:642:6:CmdServerReadBatVoltage	48	static
command_server.c:657:6:CmdServerReadBatCurrent	40	static
command_server.c:673:6:CmdServerReadMainVoltage	48	static
command_server.c:689:6:CmdServerReadMainCurrent	40	static
command_server.c:744:6:CmdServerReadWriteChargingConfig	24	static
command_server.c:758:6:CmdServerReadWriteBatProfile	24	static
command_server.c:771:6:CmdServerReadWriteBatExtendedProfile	24	static
command_server.c:784:6:CmdServerReadWriteBatteryProfileId	24	static
command_server.c:797:6:CmdServerReadWriteFuelGaugeConfig	24	static
command_server.c:810:6:CmdServerReadWriteDateTime	24	static
command_server.c:838:6:CmdServerReadWriteTime	80	static
command_server.c:869:6:CmdServerReadWriteDayLightSavingConfig	24	static
command_server.c:878:6:CmdServerReadWriteAlarm	24	static
command_server.c:887:6:CmdServerReadWriteRtcAlarmCtrlStatus	24	static
command_server.c:899:6:CmdServerReadWriteInputsConfig	24	static
command_server.c:913:6:CmdServerReadWriteScheduledPowerOff	24	static
command_server.c:927:6:CmdServerReadWriteVSysSwitchState	24	static
command_server.c:936:6:CmdServerReadWriteWakeupOnCharge	24	static
command_server.c:948:6:CmdServerReadWriteButtonConfigurationSw1	24	static
command_server.c:960:6:CmdServerReadWriteButtonConfigurationSw2	24	static
command_server.c:972:6:CmdServerReadWriteButtonConfigurationSw3	24	static
command_server.c:985:6:CmdServerReadWriteLedState1	24	static
command_server.c:998:6:CmdServerReadWriteLedState2	24	static
command_server.c:1011:6:CmdServerReadWriteLedBlink1	24	static
command_server.c:1024:6:CmdServerReadWriteLedBlink2	24	static
command_server.c:1037:6:CmdServerReadWriteLedConfigurationLED1	24	static
command_server.c:1050:6:CmdServerReadWriteLedConfigurationLED2	24	static
command_server.c:1063:6:CmdServerReadWriteRunPinConfiguration	24	static
command_server.c:1076:6:CmdServerReadWriteWDGConfiguration	24	static
command_server.c:1089:6:CmdServerReadWritePowerRegulatorConfiguration	24	static
command_server.c:1101:6:CmdServerReadWriteOwnAddress1	40	static
command_server.c:1127:6:CmdServerReadWriteOwnAddress2	40	static
command_server.c:1153:6:CmdServerReadWriteEEPROM_WriteProtect	24	static
command_server.c:1162:6:CmdServerReadWriteEEPROM_WriteAddress	40	static
command_server.c:1179:6:CmdServerReadWriteTestAndCalibration	24	static
command_server.c:1213:6:CmdServerRunBootloader	40	static,ignoring_inline_asm
command_server.c:1265:6:CmdServerReadWriteDefaultConfiguration	24	static
command_server.c:1278:6:CmdServerReadFirmwareVersion	24	static
command_server.c:1286:6:CmdServerReadBoardFaultStatus	48	static
command_server.c:1307:6:CmdServerReadWriteIoConfig1	24	static
command_server.c:1315:6:CmdServerReadWriteIoConfig2	24	static
command_server.c:1323:6:CmdServerReadWriteIoValue1	24	static
command_server.c:1331:6:CmdServerReadWriteIoValue2	24	static
