fuel_gauge_lc709203f.c:93:13:FUELGAUGE_I2C_Callback	24	static
fuel_gauge_lc709203f.c:135:6:FUELGAUGE_Init	16	static
fuel_gauge_lc709203f.c:191:6:FUELGAUGE_Task	32	static
fuel_gauge_lc709203f.c:324:6:FUELGAUGE_InitBatterySOC	8	static
fuel_gauge_lc709203f.c:343:6:FUELGAUGE_UpdateBatteryProfile	8	static
fuel_gauge_lc709203f.c:358:6:FUELGAUGE_SetConfigData	32	static
fuel_gauge_lc709203f.c:396:6:FUELGAUGE_GetConfigData	16	static
fuel_gauge_lc709203f.c:412:10:FUELGAUGE_GetIcId	8	static
fuel_gauge_lc709203f.c:428:6:FUELGAUGE_IsNtcOK	8	static
fuel_gauge_lc709203f.c:445:6:FUELGAUGE_IsOnline	8	static
fuel_gauge_lc709203f.c:461:8:FUELGAUGE_GetBatteryTemperature	8	static
fuel_gauge_lc709203f.c:477:10:FUELGAUGE_GetSocPt1	8	static
fuel_gauge_lc709203f.c:492:9:FUELGAUGE_GetBatteryMaHr	8	static
fuel_gauge_lc709203f.c:507:10:FUELGAUGE_GetBatteryMv	8	static
fuel_gauge_lc709203f.c:522:26:FUELGAUGE_GetBatteryTempSensorCfg	8	static
fuel_gauge_lc709203f.c:541:13:FUELGAUGE_IcInit	16	static
fuel_gauge_lc709203f.c:640:13:FUELGAUGE_ReadWord	48	static
fuel_gauge_lc709203f.c:681:13:FUELGAUGE_WriteWord	56	static
fuel_gauge_lc709203f.c:722:17:FUELGAUGE_GetSOCFromOCV	24	static
fuel_gauge_lc709203f.c:746:13:FUELGAUGE_CalculateSOCInit	80	static
fuel_gauge_lc709203f.c:881:13:FUELGAUGE_UpdateCalculateSOC	32	static
fuel_gauge_lc709203f.c:914:13:FUELGAUGE_CalculateDischargeRate	40	static
