led.c:73:6:LED_Init	16	static
led.c:112:6:LED_Shutdown	8	static
led.c:139:6:LED_Service	16	static
led.c:157:9:LED_GetParamR	16	static
led.c:185:9:LED_GetParamG	16	static
led.c:213:9:LED_GetParamB	16	static
led.c:242:6:LED_SetRGB	24	static
led.c:265:6:LED_FunctionSetRGB	32	static
led.c:300:15:LED_FindHandleByFunction	24	static
led.c:331:6:LED_SetConfigurationData	16	static
led.c:359:6:LED_GetConfigurationData	32	static
led.c:387:6:LED_SetStateData	16	static
led.c:414:6:LED_GetStateData	32	static
led.c:441:6:LED_SetBlinkData	24	static
led.c:483:6:LED_GetBlinkData	32	static
led.c:520:6:LED_ProcessBlink	16	static
led.c:576:6:LED_SetRGBLedPtr	24	static
led.c:593:6:LED_InitFunction	24	static
