load_current_sense.c:88:6:ISENSE_Init	16	static
load_current_sense.c:115:6:ISENSE_Task	16	static
load_current_sense.c:141:9:ISENSE_GetLoadCurrentMa	8	static
load_current_sense.c:158:9:ISENSE_GetSenseResistorMa	8	static
load_current_sense.c:176:10:ISENSE_GetFetMa	8	static
load_current_sense.c:193:6:ISENSE_CalibrateLoadCurrent	16	static
load_current_sense.c:230:6:ISENSE_CalibrateZeroCurrent	8	static
load_current_sense.c:246:6:ISENSE_Calibrate51mACurrent	8	static
load_current_sense.c:263:6:ISENSE_Calibrate510mACurrent	8	static
load_current_sense.c:285:6:ISENSE_WriteNVCalibration	40	static
load_current_sense.c:365:13:ISENSE_CalculateLoadCurrentMa	24	static
load_current_sense.c:423:13:ISENSE_ReadNVCalibration	16	static
load_current_sense.c:473:17:ISENSE_CalculatePMOSLoadCurrentMa	40	static
load_current_sense.c:497:14:ISENSE_ConvertFETDrvToX	48	static
load_current_sense.c:533:16:ISENSE_CalculateResSenseCurrentMa	24	static
load_current_sense.c:558:13:ISENSE_CalibrateCurrent	40	static
