time_count.h:29:22:DelayUs	24	static
power_management.c:83:6:BUTTON_PowerOnEventCb	48	static
power_management.c:119:6:BUTTON_PowerOffEventCb	40	static
power_management.c:142:6:BUTTON_PowerResetEventCb	16	static
power_management.c:159:6:InputSourcePresenceChangeCb	16	static
power_management.c:177:6:POWERMAN_Init	24	static
power_management.c:258:6:POWERMAN_Task	56	static
power_management.c:367:6:POWERMAN_SchedulePowerOff	16	static
power_management.c:394:9:POWERMAN_GetPowerOffTime	16	static
power_management.c:428:6:POWERMAN_GetPowerButtonPressedStatus	8	static
power_management.c:444:6:POWERMAN_GetWatchdogExpired	8	static
power_management.c:458:6:POWERMAN_ClearWatchdog	8	static
power_management.c:474:6:POWERMAN_SetRunPinConfigData	16	static
power_management.c:500:6:POWERMAN_GetRunPinConfigData	16	static
power_management.c:520:6:POWERMAN_SetWatchdogConfigData	32	static
power_management.c:585:6:POWERMAN_GetWatchdogConfigData	24	static
power_management.c:625:6:POWERMAN_SetWakeupOnChargeData	24	static
power_management.c:663:6:POWERMAN_GetWakeupOnChargeData	16	static
power_management.c:688:6:POWERMAN_CanShutDown	16	static
power_management.c:705:6:POWERMAN_ClearPowerButtonPressed	8	static
power_management.c:723:6:POWERMAN_SetWakeupOnChargePcntPt1	16	static
power_management.c:746:13:POWERMAN_ResetHost	24	static
