analog.h:32:26:GetAdcWDGThreshold	8	static
time_count.h:29:22:DelayUs	24	static
power_source.c:98:6:POWERSOURCE_Init	32	static
power_source.c:210:6:POWERSOURCE_Task	8	static
power_source.c:233:6:POWERSOURCE_UpdateBatteryProfile	16	static
power_source.c:256:6:POWERSOURCE_SetVSysSwitchState	40	static
power_source.c:307:9:POWERSOURCE_GetVSysSwitchState	8	static
power_source.c:333:6:POWERSOURCE_SetRegulatorConfigData	32	static
power_source.c:365:6:POWERSOURCE_GetRegulatorConfigData	16	static
power_source.c:391:6:POWERSOURCE_Set5vBoostEnable	32	static
power_source.c:494:6:POWERSOURCE_SetLDOEnable	16	static
power_source.c:522:6:POWERSOURCE_IsVsysEnabled	8	static
power_source.c:538:6:POWERSOURCE_IsBoostConverterEnabled	8	static
power_source.c:553:6:POWERSOURCE_IsLDOEnabled	8	static
power_source.c:568:21:POWERSOURCE_GetVInStatus	8	static
power_source.c:588:21:POWERSOURCE_Get5VRailStatus	8	static
power_source.c:605:27:POWERSOURCE_GetRPi5VPowerStatus	8	static
power_source.c:621:6:POWERSOURCE_NeedPoll	8	static
power_source.c:641:6:POWERSOURCE_GetForcedPowerOffStatus	8	static
power_source.c:658:6:POWERSOURCE_GetForcedVSysOutputOffStatus	8	static
power_source.c:672:6:POWERSOURCE_ClearForcedPowerOff	8	static
power_source.c:686:6:POWERSOURCE_ClearForcedVSysOutputOff	8	static
power_source.c:713:6:POWERSOURCE_CheckPowerValid	40	static
power_source.c:802:13:POWERSOURCE_Process5VRailPower	32	static
power_source.c:872:6:POWERSOURCE_RPi5vDetect	24	static
power_source.c:976:6:POWERSOURCE_ProcessVINStatus	24	static
power_source.c:1016:6:POWERSOURCE_Process5VRailStatus	24	static
