rtc_ds1339_emu.c:37:6:RtcInit	16	static
rtc_ds1339_emu.c:60:6:HAL_RTC_AlarmAEventCallback	16	static
rtc_ds1339_emu.c:66:6:RTC_EvaluateAlarm	16	static
rtc_ds1339_emu.c:195:6:RTC_GetAlarmState	8	static
rtc_ds1339_emu.c:201:6:RTC_GetWakeEvent	8	static
rtc_ds1339_emu.c:207:6:RTC_ClearWakeEvent	8	static
rtc_ds1339_emu.c:213:6:RtcDs1339ProcessRequest	40	static
rtc_ds1339_emu.c:319:9:RtcGetPointer	8	static
rtc_ds1339_emu.c:325:9:RtcSetPointer	16	static
rtc_ds1339_emu.c:334:6:RtcWriteTime	40	static
rtc_ds1339_emu.c:404:6:RtcReadTime	48	static
rtc_ds1339_emu.c:436:6:RtcReadAlarm1	16	static
rtc_ds1339_emu.c:472:6:RtcWriteAlarm1	24	static
rtc_ds1339_emu.c:549:6:RtcWriteControlStatus	16	static
rtc_ds1339_emu.c:558:6:RtcReadControlStatus	16	static
